2026-07-20 11:55:46,000 train_nla_act loading backbone google/gemma-4-31B
2026-07-20 11:55:46,165 httpx HTTP Request: HEAD https://huggingface.co/google/gemma-4-31B/resolve/main/config.json "HTTP/1.1 307 Temporary Redirect"
2026-07-20 11:55:46,179 httpx HTTP Request: HEAD https://huggingface.co/api/resolve-cache/models/google/gemma-4-31B/5bbc2fb1c1b2c611d06e3d9f23c170ba21659d89/config.json "HTTP/1.1 200 OK"
2026-07-20 11:55:46,480 srt.nla.backbones loading google/gemma-4-31B via Gemma4ForConditionalGeneration (multimodal host)
2026-07-20 11:55:46,583 httpx HTTP Request: HEAD https://huggingface.co/google/gemma-4-31B/resolve/main/config.json "HTTP/1.1 307 Temporary Redirect"
2026-07-20 11:55:46,598 httpx HTTP Request: HEAD https://huggingface.co/api/resolve-cache/models/google/gemma-4-31B/5bbc2fb1c1b2c611d06e3d9f23c170ba21659d89/config.json "HTTP/1.1 200 OK"
2026-07-20 11:55:46,686 httpx HTTP Request: HEAD https://huggingface.co/google/gemma-4-31B/resolve/main/model.safetensors "HTTP/1.1 404 Not Found"
2026-07-20 11:55:46,789 httpx HTTP Request: HEAD https://huggingface.co/google/gemma-4-31B/resolve/main/model.safetensors.index.json "HTTP/1.1 307 Temporary Redirect"
2026-07-20 11:55:46,982 httpx HTTP Request: HEAD https://huggingface.co/api/resolve-cache/models/google/gemma-4-31B/5bbc2fb1c1b2c611d06e3d9f23c170ba21659d89/model.safetensors.index.json "HTTP/1.1 200 OK"
2026-07-20 11:55:47,067 httpx HTTP Request: GET https://huggingface.co/api/models/google/gemma-4-31B/revision/main "HTTP/1.1 200 OK"
Fetching 2 files:   0%|          | 0/2 [00:00<?, ?it/s]Fetching 2 files: 100%|██████████| 2/2 [00:00<00:00, 3141.80it/s]
Loading weights:   0%|          | 0/1188 [00:00<?, ?it/s]Loading weights:  44%|████▎     | 518/1188 [00:00<00:00, 5162.01it/s]Loading weights:  91%|█████████ | 1078/1188 [00:00<00:00, 5418.69it/s]Loading weights: 100%|██████████| 1188/1188 [00:00<00:00, 5651.12it/s]
2026-07-20 11:55:47,592 httpx HTTP Request: HEAD https://huggingface.co/google/gemma-4-31B/resolve/main/generation_config.json "HTTP/1.1 307 Temporary Redirect"
2026-07-20 11:55:47,606 httpx HTTP Request: HEAD https://huggingface.co/api/resolve-cache/models/google/gemma-4-31B/5bbc2fb1c1b2c611d06e3d9f23c170ba21659d89/generation_config.json "HTTP/1.1 200 OK"
2026-07-20 11:55:53,487 httpx HTTP Request: HEAD https://huggingface.co/google/gemma-4-31B/resolve/main/config.json "HTTP/1.1 307 Temporary Redirect"
2026-07-20 11:55:53,503 httpx HTTP Request: HEAD https://huggingface.co/api/resolve-cache/models/google/gemma-4-31B/5bbc2fb1c1b2c611d06e3d9f23c170ba21659d89/config.json "HTTP/1.1 200 OK"
2026-07-20 11:55:53,608 httpx HTTP Request: HEAD https://huggingface.co/google/gemma-4-31B/resolve/main/tokenizer_config.json "HTTP/1.1 307 Temporary Redirect"
2026-07-20 11:55:53,623 httpx HTTP Request: HEAD https://huggingface.co/api/resolve-cache/models/google/gemma-4-31B/5bbc2fb1c1b2c611d06e3d9f23c170ba21659d89/tokenizer_config.json "HTTP/1.1 200 OK"
2026-07-20 11:55:53,707 httpx HTTP Request: GET https://huggingface.co/api/models/google/gemma-4-31B/tree/main/additional_chat_templates?recursive=false&expand=false "HTTP/1.1 404 Not Found"
2026-07-20 11:55:53,795 httpx HTTP Request: GET https://huggingface.co/api/models/google/gemma-4-31B/tree/main?recursive=true&expand=false "HTTP/1.1 200 OK"
2026-07-20 11:55:55,673 httpx HTTP Request: GET https://huggingface.co/api/models/google/gemma-4-31B "HTTP/1.1 200 OK"
2026-07-20 11:55:55,999 train_nla_act AV num_prefix_tokens=16  trainable=28,987,392
2026-07-20 11:56:08,317 train_nla_act loaded 10000 pairs; target pool N=10000
2026-07-20 11:56:08,318 train_nla_act train pairs=9500  val pairs=100
2026-07-20 11:56:08,358 train_nla_act centered selection: mu computed for layers [47] (||mu||={47: 142.3})
2026-07-20 11:56:08,358 train_nla_act cosine LR: total_steps=4750 warmup=100 peak_lr=0.0003
2026-07-20 11:56:14,588 train_nla_act ep1 step 20  act_loss=0.0214  ce=2.9574  train_fve=0.9786  (6.2s)
2026-07-20 11:56:20,382 train_nla_act ep1 step 40  act_loss=0.0237  ce=3.4568  train_fve=0.9763  (12.0s)
2026-07-20 11:56:26,167 train_nla_act ep1 step 60  act_loss=0.0232  ce=2.9961  train_fve=0.9768  (17.8s)
2026-07-20 11:56:31,983 train_nla_act ep1 step 80  act_loss=0.0281  ce=3.2536  train_fve=0.9719  (23.6s)
2026-07-20 11:56:37,812 train_nla_act ep1 step 100  act_loss=0.0218  ce=3.2448  train_fve=0.9782  (29.5s)
2026-07-20 11:56:43,657 train_nla_act ep1 step 120  act_loss=0.0224  ce=3.2875  train_fve=0.9776  (35.3s)
2026-07-20 11:56:49,519 train_nla_act ep1 step 140  act_loss=0.0226  ce=2.8822  train_fve=0.9774  (41.2s)
2026-07-20 11:56:55,398 train_nla_act ep1 step 160  act_loss=0.0219  ce=3.2132  train_fve=0.9781  (47.0s)
2026-07-20 11:57:01,269 train_nla_act ep1 step 180  act_loss=0.0285  ce=2.8904  train_fve=0.9715  (52.9s)
2026-07-20 11:57:07,149 train_nla_act ep1 step 200  act_loss=0.0188  ce=3.6866  train_fve=0.9812  (58.8s)
2026-07-20 11:57:13,004 train_nla_act ep1 step 220  act_loss=0.0213  ce=3.0243  train_fve=0.9787  (64.6s)
2026-07-20 11:57:18,808 train_nla_act ep1 step 240  act_loss=0.0185  ce=3.1591  train_fve=0.9815  (70.4s)
2026-07-20 11:57:24,629 train_nla_act ep1 step 260  act_loss=0.0183  ce=3.2619  train_fve=0.9817  (76.3s)
2026-07-20 11:57:30,437 train_nla_act ep1 step 280  act_loss=0.0231  ce=2.9244  train_fve=0.9769  (82.1s)
2026-07-20 11:57:36,386 train_nla_act ep1 step 300  act_loss=0.0231  ce=3.6412  train_fve=0.9769  (88.0s)
2026-07-20 11:57:42,186 train_nla_act ep1 step 320  act_loss=0.0248  ce=2.9931  train_fve=0.9752  (93.8s)
2026-07-20 11:57:47,986 train_nla_act ep1 step 340  act_loss=0.0207  ce=3.2885  train_fve=0.9793  (99.6s)
2026-07-20 11:57:53,810 train_nla_act ep1 step 360  act_loss=0.0238  ce=3.0948  train_fve=0.9762  (105.5s)
2026-07-20 11:57:59,617 train_nla_act ep1 step 380  act_loss=0.0222  ce=2.9577  train_fve=0.9778  (111.3s)
2026-07-20 11:58:05,445 train_nla_act ep1 step 400  act_loss=0.0246  ce=3.1629  train_fve=0.9754  (117.1s)
2026-07-20 11:58:11,269 train_nla_act ep1 step 420  act_loss=0.0220  ce=2.9429  train_fve=0.9780  (122.9s)
2026-07-20 11:58:17,095 train_nla_act ep1 step 440  act_loss=0.0245  ce=3.1968  train_fve=0.9755  (128.7s)
2026-07-20 11:58:22,928 train_nla_act ep1 step 460  act_loss=0.0333  ce=3.5241  train_fve=0.9667  (134.6s)
2026-07-20 11:58:28,753 train_nla_act ep1 step 480  act_loss=0.0264  ce=3.2089  train_fve=0.9736  (140.4s)
2026-07-20 11:58:34,578 train_nla_act ep1 step 500  act_loss=0.0319  ce=3.1095  train_fve=0.9681  (146.2s)
2026-07-20 11:58:40,427 train_nla_act ep1 step 520  act_loss=0.0220  ce=2.8816  train_fve=0.9780  (152.1s)
2026-07-20 11:58:46,280 train_nla_act ep1 step 540  act_loss=0.0239  ce=3.0844  train_fve=0.9761  (157.9s)
2026-07-20 11:58:52,103 train_nla_act ep1 step 560  act_loss=0.0300  ce=3.3981  train_fve=0.9700  (163.7s)
2026-07-20 11:58:57,940 train_nla_act ep1 step 580  act_loss=0.0273  ce=2.9825  train_fve=0.9727  (169.6s)
2026-07-20 11:59:03,778 train_nla_act ep1 step 600  act_loss=0.0259  ce=3.2828  train_fve=0.9741  (175.4s)
2026-07-20 12:01:05,410 train_nla_act val @ 600  tf_fve=0.9782  disc_fve=0.8029  disc_cen=0.1018
2026-07-20 12:01:05,478 train_nla_act   new best (sel=0.1018 tf=0.9782 disc=0.8029 cen=0.1018) saved /workspace/srt-adapter/artifacts/nla/gemma4_base/ce_seq64_np16/best_av.pt
2026-07-20 12:01:11,309 train_nla_act ep1 step 620  act_loss=0.0270  ce=2.8163  train_fve=0.9730  (303.0s)
2026-07-20 12:01:17,154 train_nla_act ep1 step 640  act_loss=0.0219  ce=3.3406  train_fve=0.9781  (308.8s)
2026-07-20 12:01:22,976 train_nla_act ep1 step 660  act_loss=0.0209  ce=3.2754  train_fve=0.9791  (314.6s)
2026-07-20 12:01:28,797 train_nla_act ep1 step 680  act_loss=0.0196  ce=3.0010  train_fve=0.9804  (320.4s)
2026-07-20 12:01:34,639 train_nla_act ep1 step 700  act_loss=0.0285  ce=3.0609  train_fve=0.9715  (326.3s)
2026-07-20 12:01:40,624 train_nla_act ep1 step 720  act_loss=0.0271  ce=3.0251  train_fve=0.9729  (332.3s)
2026-07-20 12:01:46,451 train_nla_act ep1 step 740  act_loss=0.0231  ce=2.8676  train_fve=0.9769  (338.1s)
2026-07-20 12:01:52,283 train_nla_act ep1 step 760  act_loss=0.0212  ce=2.6709  train_fve=0.9788  (343.9s)
2026-07-20 12:01:58,102 train_nla_act ep1 step 780  act_loss=0.0313  ce=3.1688  train_fve=0.9687  (349.7s)
2026-07-20 12:02:03,951 train_nla_act ep1 step 800  act_loss=0.0288  ce=2.8562  train_fve=0.9712  (355.6s)
2026-07-20 12:02:09,790 train_nla_act ep1 step 820  act_loss=0.0245  ce=3.3838  train_fve=0.9755  (361.4s)
2026-07-20 12:02:15,633 train_nla_act ep1 step 840  act_loss=0.0249  ce=2.8581  train_fve=0.9751  (367.3s)
2026-07-20 12:02:21,462 train_nla_act ep1 step 860  act_loss=0.0211  ce=3.0087  train_fve=0.9789  (373.1s)
2026-07-20 12:02:27,300 train_nla_act ep1 step 880  act_loss=0.0223  ce=2.9905  train_fve=0.9777  (378.9s)
2026-07-20 12:02:33,122 train_nla_act ep1 step 900  act_loss=0.0193  ce=2.6296  train_fve=0.9807  (384.8s)
2026-07-20 12:02:39,076 train_nla_act ep1 step 920  act_loss=0.0242  ce=2.9505  train_fve=0.9758  (390.7s)
2026-07-20 12:02:44,924 train_nla_act ep1 step 940  act_loss=0.0183  ce=3.1857  train_fve=0.9817  (396.6s)
2026-07-20 12:02:50,756 train_nla_act ep1 step 960  act_loss=0.0221  ce=3.1027  train_fve=0.9779  (402.4s)
2026-07-20 12:02:56,578 train_nla_act ep1 step 980  act_loss=0.0217  ce=3.5023  train_fve=0.9783  (408.2s)
2026-07-20 12:03:02,402 train_nla_act ep1 step 1000  act_loss=0.0308  ce=2.9789  train_fve=0.9692  (414.0s)
2026-07-20 12:03:08,249 train_nla_act ep1 step 1020  act_loss=0.0237  ce=2.7257  train_fve=0.9763  (419.9s)
2026-07-20 12:03:14,075 train_nla_act ep1 step 1040  act_loss=0.0221  ce=3.1983  train_fve=0.9779  (425.7s)
2026-07-20 12:03:19,905 train_nla_act ep1 step 1060  act_loss=0.0265  ce=3.3992  train_fve=0.9735  (431.5s)
2026-07-20 12:03:25,739 train_nla_act ep1 step 1080  act_loss=0.0283  ce=3.0325  train_fve=0.9717  (437.4s)
2026-07-20 12:03:31,556 train_nla_act ep1 step 1100  act_loss=0.0318  ce=3.2424  train_fve=0.9682  (443.2s)
2026-07-20 12:03:37,389 train_nla_act ep1 step 1120  act_loss=0.0322  ce=3.2096  train_fve=0.9678  (449.0s)
2026-07-20 12:03:43,218 train_nla_act ep1 step 1140  act_loss=0.0198  ce=2.9994  train_fve=0.9802  (454.9s)
2026-07-20 12:03:49,041 train_nla_act ep1 step 1160  act_loss=0.0300  ce=2.6164  train_fve=0.9700  (460.7s)
2026-07-20 12:03:54,864 train_nla_act ep1 step 1180  act_loss=0.0217  ce=3.4309  train_fve=0.9783  (466.5s)
2026-07-20 12:04:00,703 train_nla_act ep1 step 1200  act_loss=0.0239  ce=2.9203  train_fve=0.9761  (472.3s)
2026-07-20 12:06:02,295 train_nla_act val @ 1200  tf_fve=0.9779  disc_fve=0.8056  disc_cen=0.1070
2026-07-20 12:06:02,368 train_nla_act   new best (sel=0.1070 tf=0.9779 disc=0.8056 cen=0.1070) saved /workspace/srt-adapter/artifacts/nla/gemma4_base/ce_seq64_np16/best_av.pt
2026-07-20 12:06:08,176 train_nla_act ep1 step 1220  act_loss=0.0206  ce=3.6951  train_fve=0.9794  (599.8s)
2026-07-20 12:06:14,008 train_nla_act ep1 step 1240  act_loss=0.0213  ce=3.1159  train_fve=0.9787  (605.6s)
2026-07-20 12:06:19,839 train_nla_act ep1 step 1260  act_loss=0.0257  ce=2.7599  train_fve=0.9743  (611.5s)
2026-07-20 12:06:25,681 train_nla_act ep1 step 1280  act_loss=0.0216  ce=2.8215  train_fve=0.9784  (617.3s)
2026-07-20 12:06:31,509 train_nla_act ep1 step 1300  act_loss=0.0236  ce=3.0591  train_fve=0.9764  (623.2s)
2026-07-20 12:06:37,353 train_nla_act ep1 step 1320  act_loss=0.0293  ce=3.1526  train_fve=0.9707  (629.0s)
2026-07-20 12:06:43,289 train_nla_act ep1 step 1340  act_loss=0.0328  ce=2.6892  train_fve=0.9672  (634.9s)
2026-07-20 12:06:49,123 train_nla_act ep1 step 1360  act_loss=0.0227  ce=3.2833  train_fve=0.9773  (640.8s)
2026-07-20 12:06:54,979 train_nla_act ep1 step 1380  act_loss=0.0296  ce=2.8413  train_fve=0.9704  (646.6s)
2026-07-20 12:07:00,799 train_nla_act ep1 step 1400  act_loss=0.0222  ce=2.9549  train_fve=0.9778  (652.4s)
2026-07-20 12:07:06,633 train_nla_act ep1 step 1420  act_loss=0.0274  ce=2.8703  train_fve=0.9726  (658.3s)
2026-07-20 12:07:12,473 train_nla_act ep1 step 1440  act_loss=0.0266  ce=2.8122  train_fve=0.9734  (664.1s)
2026-07-20 12:07:18,310 train_nla_act ep1 step 1460  act_loss=0.0231  ce=3.4809  train_fve=0.9769  (670.0s)
2026-07-20 12:07:24,151 train_nla_act ep1 step 1480  act_loss=0.0262  ce=2.9182  train_fve=0.9738  (675.8s)
2026-07-20 12:07:29,990 train_nla_act ep1 step 1500  act_loss=0.0214  ce=2.9853  train_fve=0.9786  (681.6s)
2026-07-20 12:07:35,828 train_nla_act ep1 step 1520  act_loss=0.0211  ce=2.9109  train_fve=0.9789  (687.5s)
2026-07-20 12:07:41,780 train_nla_act ep1 step 1540  act_loss=0.0186  ce=3.4239  train_fve=0.9814  (693.4s)
2026-07-20 12:07:47,599 train_nla_act ep1 step 1560  act_loss=0.0264  ce=3.0285  train_fve=0.9736  (699.2s)
2026-07-20 12:07:53,432 train_nla_act ep1 step 1580  act_loss=0.0238  ce=2.8732  train_fve=0.9762  (705.1s)
2026-07-20 12:07:59,255 train_nla_act ep1 step 1600  act_loss=0.0204  ce=2.9821  train_fve=0.9796  (710.9s)
2026-07-20 12:08:05,072 train_nla_act ep1 step 1620  act_loss=0.0205  ce=3.1656  train_fve=0.9795  (716.7s)
2026-07-20 12:08:10,912 train_nla_act ep1 step 1640  act_loss=0.0303  ce=3.1434  train_fve=0.9697  (722.6s)
2026-07-20 12:08:16,757 train_nla_act ep1 step 1660  act_loss=0.0286  ce=3.3661  train_fve=0.9714  (728.4s)
2026-07-20 12:08:22,607 train_nla_act ep1 step 1680  act_loss=0.0234  ce=2.9951  train_fve=0.9766  (734.2s)
2026-07-20 12:08:28,443 train_nla_act ep1 step 1700  act_loss=0.0337  ce=3.2727  train_fve=0.9663  (740.1s)
2026-07-20 12:08:34,278 train_nla_act ep1 step 1720  act_loss=0.0255  ce=2.9382  train_fve=0.9745  (745.9s)
2026-07-20 12:08:40,113 train_nla_act ep1 step 1740  act_loss=0.0241  ce=3.0927  train_fve=0.9759  (751.8s)
2026-07-20 12:08:45,952 train_nla_act ep1 step 1760  act_loss=0.0209  ce=3.2375  train_fve=0.9791  (757.6s)
2026-07-20 12:08:51,789 train_nla_act ep1 step 1780  act_loss=0.0182  ce=2.5964  train_fve=0.9818  (763.4s)
2026-07-20 12:08:57,624 train_nla_act ep1 step 1800  act_loss=0.0228  ce=3.2541  train_fve=0.9772  (769.3s)
2026-07-20 12:10:59,253 train_nla_act val @ 1800  tf_fve=0.9800  disc_fve=0.8051  disc_cen=0.1155
2026-07-20 12:10:59,324 train_nla_act   new best (sel=0.1155 tf=0.9800 disc=0.8051 cen=0.1155) saved /workspace/srt-adapter/artifacts/nla/gemma4_base/ce_seq64_np16/best_av.pt
2026-07-20 12:11:05,162 train_nla_act ep1 step 1820  act_loss=0.0246  ce=3.2374  train_fve=0.9754  (896.8s)
2026-07-20 12:11:11,002 train_nla_act ep1 step 1840  act_loss=0.0241  ce=2.9203  train_fve=0.9759  (902.6s)
2026-07-20 12:11:16,838 train_nla_act ep1 step 1860  act_loss=0.0164  ce=2.8668  train_fve=0.9836  (908.5s)
2026-07-20 12:11:22,668 train_nla_act ep1 step 1880  act_loss=0.0214  ce=3.0309  train_fve=0.9786  (914.3s)
2026-07-20 12:11:28,497 train_nla_act ep1 step 1900  act_loss=0.0295  ce=3.2007  train_fve=0.9705  (920.1s)
2026-07-20 12:11:34,320 train_nla_act ep1 step 1920  act_loss=0.0181  ce=3.4546  train_fve=0.9819  (926.0s)
2026-07-20 12:11:40,143 train_nla_act ep1 step 1940  act_loss=0.0264  ce=3.3614  train_fve=0.9736  (931.8s)
2026-07-20 12:11:46,081 train_nla_act ep1 step 1960  act_loss=0.0215  ce=3.4067  train_fve=0.9785  (937.7s)
2026-07-20 12:11:51,914 train_nla_act ep1 step 1980  act_loss=0.0229  ce=3.2552  train_fve=0.9771  (943.6s)
2026-07-20 12:11:57,748 train_nla_act ep1 step 2000  act_loss=0.0267  ce=3.1375  train_fve=0.9733  (949.4s)
2026-07-20 12:12:03,587 train_nla_act ep1 step 2020  act_loss=0.0221  ce=3.7795  train_fve=0.9779  (955.2s)
2026-07-20 12:12:09,408 train_nla_act ep1 step 2040  act_loss=0.0282  ce=3.4506  train_fve=0.9718  (961.0s)
2026-07-20 12:12:15,223 train_nla_act ep1 step 2060  act_loss=0.0222  ce=2.7343  train_fve=0.9778  (966.9s)
2026-07-20 12:12:21,034 train_nla_act ep1 step 2080  act_loss=0.0183  ce=2.5542  train_fve=0.9817  (972.7s)
2026-07-20 12:12:26,850 train_nla_act ep1 step 2100  act_loss=0.0235  ce=3.0406  train_fve=0.9765  (978.5s)
2026-07-20 12:12:32,669 train_nla_act ep1 step 2120  act_loss=0.0253  ce=2.9379  train_fve=0.9747  (984.3s)
2026-07-20 12:12:38,481 train_nla_act ep1 step 2140  act_loss=0.0237  ce=3.0041  train_fve=0.9763  (990.1s)
2026-07-20 12:12:44,406 train_nla_act ep1 step 2160  act_loss=0.0212  ce=3.3620  train_fve=0.9788  (996.0s)
2026-07-20 12:12:50,250 train_nla_act ep1 step 2180  act_loss=0.0235  ce=2.6110  train_fve=0.9765  (1001.9s)
2026-07-20 12:12:56,073 train_nla_act ep1 step 2200  act_loss=0.0212  ce=3.3845  train_fve=0.9788  (1007.7s)
2026-07-20 12:13:01,914 train_nla_act ep1 step 2220  act_loss=0.0235  ce=3.1869  train_fve=0.9765  (1013.6s)
2026-07-20 12:13:07,733 train_nla_act ep1 step 2240  act_loss=0.0312  ce=2.9206  train_fve=0.9688  (1019.4s)
2026-07-20 12:13:13,587 train_nla_act ep1 step 2260  act_loss=0.0179  ce=3.0455  train_fve=0.9821  (1025.2s)
2026-07-20 12:13:19,427 train_nla_act ep1 step 2280  act_loss=0.0233  ce=2.7384  train_fve=0.9767  (1031.1s)
2026-07-20 12:13:25,268 train_nla_act ep1 step 2300  act_loss=0.0194  ce=3.0333  train_fve=0.9806  (1036.9s)
2026-07-20 12:13:31,104 train_nla_act ep1 step 2320  act_loss=0.0186  ce=2.6756  train_fve=0.9814  (1042.7s)
2026-07-20 12:13:36,951 train_nla_act ep1 step 2340  act_loss=0.0216  ce=3.0254  train_fve=0.9784  (1048.6s)
2026-07-20 12:13:42,771 train_nla_act ep1 step 2360  act_loss=0.0225  ce=2.8888  train_fve=0.9775  (1054.4s)
2026-07-20 12:13:48,590 train_nla_act ep2 step 2380  act_loss=0.0194  ce=2.8725  train_fve=0.9806  (1060.2s)
2026-07-20 12:13:54,416 train_nla_act ep2 step 2400  act_loss=0.0232  ce=3.3243  train_fve=0.9768  (1066.1s)
2026-07-20 12:15:56,069 train_nla_act val @ 2400  tf_fve=0.9808  disc_fve=0.8031  disc_cen=0.1001
2026-07-20 12:15:56,069 train_nla_act   no improvement (1/8)
2026-07-20 12:16:01,907 train_nla_act ep2 step 2420  act_loss=0.0282  ce=3.2449  train_fve=0.9718  (1193.5s)
2026-07-20 12:16:07,754 train_nla_act ep2 step 2440  act_loss=0.0233  ce=2.6537  train_fve=0.9767  (1199.4s)
2026-07-20 12:16:13,601 train_nla_act ep2 step 2460  act_loss=0.0195  ce=3.6831  train_fve=0.9805  (1205.2s)
2026-07-20 12:16:19,438 train_nla_act ep2 step 2480  act_loss=0.0242  ce=3.0727  train_fve=0.9758  (1211.1s)
2026-07-20 12:16:25,287 train_nla_act ep2 step 2500  act_loss=0.0315  ce=2.7869  train_fve=0.9685  (1216.9s)
2026-07-20 12:16:31,123 train_nla_act ep2 step 2520  act_loss=0.0191  ce=2.7080  train_fve=0.9809  (1222.8s)
2026-07-20 12:16:36,953 train_nla_act ep2 step 2540  act_loss=0.0279  ce=3.0506  train_fve=0.9721  (1228.6s)
2026-07-20 12:16:42,906 train_nla_act ep2 step 2560  act_loss=0.0182  ce=3.3953  train_fve=0.9818  (1234.5s)
2026-07-20 12:16:48,751 train_nla_act ep2 step 2580  act_loss=0.0269  ce=2.7973  train_fve=0.9731  (1240.4s)
2026-07-20 12:16:54,599 train_nla_act ep2 step 2600  act_loss=0.0166  ce=2.8042  train_fve=0.9834  (1246.2s)
2026-07-20 12:17:00,423 train_nla_act ep2 step 2620  act_loss=0.0212  ce=2.8235  train_fve=0.9788  (1252.1s)
2026-07-20 12:17:06,275 train_nla_act ep2 step 2640  act_loss=0.0188  ce=3.2931  train_fve=0.9812  (1257.9s)
2026-07-20 12:17:12,114 train_nla_act ep2 step 2660  act_loss=0.0202  ce=2.6783  train_fve=0.9798  (1263.8s)
2026-07-20 12:17:17,942 train_nla_act ep2 step 2680  act_loss=0.0201  ce=3.0908  train_fve=0.9799  (1269.6s)
2026-07-20 12:17:23,811 train_nla_act ep2 step 2700  act_loss=0.0188  ce=2.8969  train_fve=0.9812  (1275.5s)
2026-07-20 12:17:29,638 train_nla_act ep2 step 2720  act_loss=0.0263  ce=3.2481  train_fve=0.9737  (1281.3s)
2026-07-20 12:17:35,489 train_nla_act ep2 step 2740  act_loss=0.0213  ce=3.1831  train_fve=0.9787  (1287.1s)
2026-07-20 12:17:41,442 train_nla_act ep2 step 2760  act_loss=0.0220  ce=3.0772  train_fve=0.9780  (1293.1s)
2026-07-20 12:17:47,269 train_nla_act ep2 step 2780  act_loss=0.0252  ce=2.8907  train_fve=0.9748  (1298.9s)
2026-07-20 12:17:53,103 train_nla_act ep2 step 2800  act_loss=0.0263  ce=2.9207  train_fve=0.9737  (1304.7s)
2026-07-20 12:17:58,960 train_nla_act ep2 step 2820  act_loss=0.0259  ce=2.8832  train_fve=0.9741  (1310.6s)
2026-07-20 12:18:04,795 train_nla_act ep2 step 2840  act_loss=0.0211  ce=2.8008  train_fve=0.9789  (1316.4s)
2026-07-20 12:18:10,629 train_nla_act ep2 step 2860  act_loss=0.0213  ce=2.8861  train_fve=0.9787  (1322.3s)
2026-07-20 12:18:16,479 train_nla_act ep2 step 2880  act_loss=0.0194  ce=3.2480  train_fve=0.9806  (1328.1s)
2026-07-20 12:18:22,328 train_nla_act ep2 step 2900  act_loss=0.0195  ce=3.1931  train_fve=0.9805  (1334.0s)
2026-07-20 12:18:28,192 train_nla_act ep2 step 2920  act_loss=0.0225  ce=3.1712  train_fve=0.9775  (1339.8s)
2026-07-20 12:18:34,048 train_nla_act ep2 step 2940  act_loss=0.0240  ce=3.1263  train_fve=0.9760  (1345.7s)
2026-07-20 12:18:39,890 train_nla_act ep2 step 2960  act_loss=0.0227  ce=2.7085  train_fve=0.9773  (1351.5s)
2026-07-20 12:18:45,712 train_nla_act ep2 step 2980  act_loss=0.0242  ce=2.8110  train_fve=0.9758  (1357.4s)
2026-07-20 12:18:51,529 train_nla_act ep2 step 3000  act_loss=0.0236  ce=3.0784  train_fve=0.9764  (1363.2s)
2026-07-20 12:20:53,231 train_nla_act val @ 3000  tf_fve=0.9808  disc_fve=0.8031  disc_cen=0.1113
2026-07-20 12:20:53,231 train_nla_act   no improvement (2/8)
2026-07-20 12:20:59,081 train_nla_act ep2 step 3020  act_loss=0.0216  ce=3.3380  train_fve=0.9784  (1490.7s)
2026-07-20 12:21:04,951 train_nla_act ep2 step 3040  act_loss=0.0250  ce=2.8209  train_fve=0.9750  (1496.6s)
2026-07-20 12:21:10,796 train_nla_act ep2 step 3060  act_loss=0.0297  ce=3.1611  train_fve=0.9703  (1502.4s)
2026-07-20 12:21:16,654 train_nla_act ep2 step 3080  act_loss=0.0167  ce=2.8431  train_fve=0.9833  (1508.3s)
2026-07-20 12:21:22,482 train_nla_act ep2 step 3100  act_loss=0.0191  ce=3.2164  train_fve=0.9809  (1514.1s)
2026-07-20 12:21:28,310 train_nla_act ep2 step 3120  act_loss=0.0238  ce=3.3071  train_fve=0.9762  (1520.0s)
2026-07-20 12:21:34,145 train_nla_act ep2 step 3140  act_loss=0.0208  ce=3.1516  train_fve=0.9792  (1525.8s)
2026-07-20 12:21:40,138 train_nla_act ep2 step 3160  act_loss=0.0206  ce=2.8181  train_fve=0.9794  (1531.8s)
2026-07-20 12:21:45,972 train_nla_act ep2 step 3180  act_loss=0.0177  ce=3.0084  train_fve=0.9823  (1537.6s)
2026-07-20 12:21:51,804 train_nla_act ep2 step 3200  act_loss=0.0186  ce=3.0919  train_fve=0.9814  (1543.4s)
2026-07-20 12:21:57,637 train_nla_act ep2 step 3220  act_loss=0.0224  ce=2.9524  train_fve=0.9776  (1549.3s)
