shard 0/1  2 models  164 prompts  K=32  batch=16  -> artifacts/nla/he_k32
  coder7B_inst, coder14B_inst

Loading weights:   0%|          | 0/339 [00:00<?, ?it/s]Loading weights: 100%|██████████| 339/339 [00:00<00:00, 13213.29it/s]
  coder7B_inst     loaded 2s, running 1 arm(s)
  coder7B_inst     chat             16/164  [   16/328   4.9%  elapsed 0:36  ETA 11:46  27/min]
  coder7B_inst     chat             80/164  [   80/328  24.4%  elapsed 3:12  ETA 9:57  25/min]
  coder7B_inst     chat            144/164  [  144/328  43.9%  elapsed 6:29  ETA 8:18  22/min]
  coder7B_inst     chat           DONE          [  164/328  50.0%  elapsed 7:26  ETA 7:26  22/min]
Loading weights:   0%|          | 0/579 [00:00<?, ?it/s]Loading weights:  52%|█████▏    | 299/579 [00:00<00:00, 2967.90it/s]Loading weights: 100%|██████████| 579/579 [00:00<00:00, 2982.36it/s]
  coder14B_inst    loaded 3s, running 1 arm(s)
  coder14B_inst    chat             16/164  [  180/328  54.9%  elapsed 8:39  ETA 7:07  21/min]
  coder14B_inst    chat             80/164  [  244/328  74.4%  elapsed 14:37  ETA 5:01  17/min]
[W831 20:29:23.169768109 CUDACachingAllocator.cpp:508] expandable_segments: memory mapping failed with OOM on device 0 while trying to map 20971520 bytes (free: 3735552, total: 101975851008).
[W831 20:29:25.313247826 CUDACachingAllocator.cpp:508] expandable_segments: memory mapping failed with OOM on device 0 while trying to map 20971520 bytes (free: 7929856, total: 101975851008).
[W831 20:29:25.711325278 CUDACachingAllocator.cpp:508] expandable_segments: memory mapping failed with OOM on device 0 while trying to map 20971520 bytes (free: 7929856, total: 101975851008).
[W831 20:31:04.378133047 CUDACachingAllocator.cpp:508] expandable_segments: memory mapping failed with OOM on device 0 while trying to map 20971520 bytes (free: 7929856, total: 101975851008).
[W831 20:31:05.351920113 CUDACachingAllocator.cpp:508] expandable_segments: memory mapping failed with OOM on device 0 while trying to map 20971520 bytes (free: 7929856, total: 101975851008).
[W831 20:31:08.428051415 CUDACachingAllocator.cpp:508] expandable_segments: memory mapping failed with OOM on device 0 while trying to map 20971520 bytes (free: 7929856, total: 101975851008).
[W831 20:31:10.020307392 CUDACachingAllocator.cpp:508] expandable_segments: memory mapping failed with OOM on device 0 while trying to map 20971520 bytes (free: 7929856, total: 101975851008).
[W831 20:31:21.787565951 CUDACachingAllocator.cpp:508] expandable_segments: memory mapping failed with OOM on device 0 while trying to map 20971520 bytes (free: 7929856, total: 101975851008).
[W831 20:32:22.973434577 CUDACachingAllocator.cpp:508] expandable_segments: memory mapping failed with OOM on device 0 while trying to map 20971520 bytes (free: 7929856, total: 101975851008).
[W831 20:32:28.624884758 CUDACachingAllocator.cpp:508] expandable_segments: memory mapping failed with OOM on device 0 while trying to map 20971520 bytes (free: 7929856, total: 101975851008).
[W831 20:32:31.440882534 CUDACachingAllocator.cpp:508] expandable_segments: memory mapping failed with OOM on device 0 while trying to map 20971520 bytes (free: 7929856, total: 101975851008).
[W831 20:32:34.381345756 CUDACachingAllocator.cpp:508] expandable_segments: memory mapping failed with OOM on device 0 while trying to map 20971520 bytes (free: 7929856, total: 101975851008).
[W831 20:32:36.763363913 CUDACachingAllocator.cpp:508] expandable_segments: memory mapping failed with OOM on device 0 while trying to map 20971520 bytes (free: 7929856, total: 101975851008).
[W831 20:32:39.463363264 CUDACachingAllocator.cpp:508] expandable_segments: memory mapping failed with OOM on device 0 while trying to map 20971520 bytes (free: 7929856, total: 101975851008).
[W831 20:32:42.715040789 CUDACachingAllocator.cpp:508] expandable_segments: memory mapping failed with OOM on device 0 while trying to map 20971520 bytes (free: 7929856, total: 101975851008).
[W831 20:32:44.414208902 CUDACachingAllocator.cpp:508] expandable_segments: memory mapping failed with OOM on device 0 while trying to map 20971520 bytes (free: 7929856, total: 101975851008).
[W831 20:32:46.382774372 CUDACachingAllocator.cpp:508] expandable_segments: memory mapping failed with OOM on device 0 while trying to map 20971520 bytes (free: 7929856, total: 101975851008).
[W831 20:32:48.075563873 CUDACachingAllocator.cpp:508] expandable_segments: memory mapping failed with OOM on device 0 while trying to map 20971520 bytes (free: 7929856, total: 101975851008).
[W831 20:32:51.438650930 CUDACachingAllocator.cpp:508] expandable_segments: memory mapping failed with OOM on device 0 while trying to map 20971520 bytes (free: 7929856, total: 101975851008).
[W831 20:32:52.821251440 CUDACachingAllocator.cpp:508] expandable_segments: memory mapping failed with OOM on device 0 while trying to map 20971520 bytes (free: 7929856, total: 101975851008).
[W831 20:32:54.540894249 CUDACachingAllocator.cpp:508] expandable_segments: memory mapping failed with OOM on device 0 while trying to map 20971520 bytes (free: 7929856, total: 101975851008).
[W831 20:32:55.059456217 CUDACachingAllocator.cpp:508] expandable_segments: memory mapping failed with OOM on device 0 while trying to map 20971520 bytes (free: 7929856, total: 101975851008).
[W831 20:32:57.589683492 CUDACachingAllocator.cpp:508] expandable_segments: memory mapping failed with OOM on device 0 while trying to map 20971520 bytes (free: 7929856, total: 101975851008).
[W831 20:32:59.693382527 CUDACachingAllocator.cpp:508] expandable_segments: memory mapping failed with OOM on device 0 while trying to map 20971520 bytes (free: 7929856, total: 101975851008).
[W831 20:33:01.025351065 CUDACachingAllocator.cpp:508] expandable_segments: memory mapping failed with OOM on device 0 while trying to map 20971520 bytes (free: 7929856, total: 101975851008).
[W831 20:33:03.903320806 CUDACachingAllocator.cpp:508] expandable_segments: memory mapping failed with OOM on device 0 while trying to map 20971520 bytes (free: 7929856, total: 101975851008).
[W831 20:33:06.386355951 CUDACachingAllocator.cpp:508] expandable_segments: memory mapping failed with OOM on device 0 while trying to map 20971520 bytes (free: 7929856, total: 101975851008).
[W831 20:33:12.540351409 CUDACachingAllocator.cpp:508] expandable_segments: memory mapping failed with OOM on device 0 while trying to map 20971520 bytes (free: 7929856, total: 101975851008).
[W831 20:33:22.166427889 CUDACachingAllocator.cpp:508] expandable_segments: memory mapping failed with OOM on device 0 while trying to map 20971520 bytes (free: 12124160, total: 101975851008).
[W831 20:33:30.714067515 CUDACachingAllocator.cpp:508] expandable_segments: memory mapping failed with OOM on device 0 while trying to map 20971520 bytes (free: 7929856, total: 101975851008).
[W831 20:33:39.253948437 CUDACachingAllocator.cpp:508] expandable_segments: memory mapping failed with OOM on device 0 while trying to map 20971520 bytes (free: 7929856, total: 101975851008).
[W831 20:33:45.449050928 CUDACachingAllocator.cpp:508] expandable_segments: memory mapping failed with OOM on device 0 while trying to map 20971520 bytes (free: 7929856, total: 101975851008).
[W831 20:33:51.897091506 CUDACachingAllocator.cpp:508] expandable_segments: memory mapping failed with OOM on device 0 while trying to map 20971520 bytes (free: 7929856, total: 101975851008).
[W831 20:33:57.700763479 CUDACachingAllocator.cpp:508] expandable_segments: memory mapping failed with OOM on device 0 while trying to map 20971520 bytes (free: 7929856, total: 101975851008).
[W831 20:33:59.334529395 CUDACachingAllocator.cpp:508] expandable_segments: memory mapping failed with OOM on device 0 while trying to map 20971520 bytes (free: 7929856, total: 101975851008).
[W831 20:34:04.610102921 CUDACachingAllocator.cpp:508] expandable_segments: memory mapping failed with OOM on device 0 while trying to map 20971520 bytes (free: 7929856, total: 101975851008).
[W831 20:34:09.895202711 CUDACachingAllocator.cpp:508] expandable_segments: memory mapping failed with OOM on device 0 while trying to map 20971520 bytes (free: 7929856, total: 101975851008).
[W831 20:34:10.302165945 CUDACachingAllocator.cpp:508] expandable_segments: memory mapping failed with OOM on device 0 while trying to map 20971520 bytes (free: 7929856, total: 101975851008).
[W831 20:34:12.030189862 CUDACachingAllocator.cpp:508] expandable_segments: memory mapping failed with OOM on device 0 while trying to map 20971520 bytes (free: 7929856, total: 101975851008).
[W831 20:34:15.216912162 CUDACachingAllocator.cpp:508] expandable_segments: memory mapping failed with OOM on device 0 while trying to map 20971520 bytes (free: 7929856, total: 101975851008).
[W831 20:34:17.229042015 CUDACachingAllocator.cpp:508] expandable_segments: memory mapping failed with OOM on device 0 while trying to map 20971520 bytes (free: 7929856, total: 101975851008).
[W831 20:34:18.872283744 CUDACachingAllocator.cpp:508] expandable_segments: memory mapping failed with OOM on device 0 while trying to map 20971520 bytes (free: 7929856, total: 101975851008).
[W831 20:34:21.721994712 CUDACachingAllocator.cpp:508] expandable_segments: memory mapping failed with OOM on device 0 while trying to map 20971520 bytes (free: 7929856, total: 101975851008).
[W831 20:34:22.130162376 CUDACachingAllocator.cpp:508] expandable_segments: memory mapping failed with OOM on device 0 while trying to map 20971520 bytes (free: 7929856, total: 101975851008).
[W831 20:34:24.827995717 CUDACachingAllocator.cpp:508] expandable_segments: memory mapping failed with OOM on device 0 while trying to map 20971520 bytes (free: 7929856, total: 101975851008).
[W831 20:34:26.618887831 CUDACachingAllocator.cpp:508] expandable_segments: memory mapping failed with OOM on device 0 while trying to map 20971520 bytes (free: 7929856, total: 101975851008).
[W831 20:34:27.492217803 CUDACachingAllocator.cpp:508] expandable_segments: memory mapping failed with OOM on device 0 while trying to map 20971520 bytes (free: 7929856, total: 101975851008).
[W831 20:34:29.710709908 CUDACachingAllocator.cpp:508] expandable_segments: memory mapping failed with OOM on device 0 while trying to map 20971520 bytes (free: 7929856, total: 101975851008).
[W831 20:34:31.574940351 CUDACachingAllocator.cpp:508] expandable_segments: memory mapping failed with OOM on device 0 while trying to map 20971520 bytes (free: 7929856, total: 101975851008).
[W831 20:34:33.121877466 CUDACachingAllocator.cpp:508] expandable_segments: memory mapping failed with OOM on device 0 while trying to map 20971520 bytes (free: 7929856, total: 101975851008).
[W831 20:34:33.786886270 CUDACachingAllocator.cpp:508] expandable_segments: memory mapping failed with OOM on device 0 while trying to map 20971520 bytes (free: 7929856, total: 101975851008).
[W831 20:34:34.229252809 CUDACachingAllocator.cpp:508] expandable_segments: memory mapping failed with OOM on device 0 while trying to map 20971520 bytes (free: 7929856, total: 101975851008).
[W831 20:34:34.824328937 CUDACachingAllocator.cpp:508] expandable_segments: memory mapping failed with OOM on device 0 while trying to map 20971520 bytes (free: 7929856, total: 101975851008).
[W831 20:34:36.307317683 CUDACachingAllocator.cpp:508] expandable_segments: memory mapping failed with OOM on device 0 while trying to map 20971520 bytes (free: 7929856, total: 101975851008).
[W831 20:34:37.365106790 CUDACachingAllocator.cpp:508] expandable_segments: memory mapping failed with OOM on device 0 while trying to map 20971520 bytes (free: 7929856, total: 101975851008).
[W831 20:34:38.614935402 CUDACachingAllocator.cpp:508] expandable_segments: memory mapping failed with OOM on device 0 while trying to map 20971520 bytes (free: 7929856, total: 101975851008).
[W831 20:34:39.935608789 CUDACachingAllocator.cpp:508] expandable_segments: memory mapping failed with OOM on device 0 while trying to map 20971520 bytes (free: 7929856, total: 101975851008).
[W831 20:34:40.724369338 CUDACachingAllocator.cpp:508] expandable_segments: memory mapping failed with OOM on device 0 while trying to map 20971520 bytes (free: 7929856, total: 101975851008).
[W831 20:34:41.975591929 CUDACachingAllocator.cpp:508] expandable_segments: memory mapping failed with OOM on device 0 while trying to map 20971520 bytes (free: 7929856, total: 101975851008).
[W831 20:34:43.134946654 CUDACachingAllocator.cpp:508] expandable_segments: memory mapping failed with OOM on device 0 while trying to map 20971520 bytes (free: 7929856, total: 101975851008).
[W831 20:34:43.018306704 CUDACachingAllocator.cpp:508] expandable_segments: memory mapping failed with OOM on device 0 while trying to map 20971520 bytes (free: 7929856, total: 101975851008).
[W831 20:34:44.574260541 CUDACachingAllocator.cpp:508] expandable_segments: memory mapping failed with OOM on device 0 while trying to map 20971520 bytes (free: 7929856, total: 101975851008).
[W831 20:34:45.250662434 CUDACachingAllocator.cpp:508] expandable_segments: memory mapping failed with OOM on device 0 while trying to map 20971520 bytes (free: 7929856, total: 101975851008).
[W831 20:34:46.068568309 CUDACachingAllocator.cpp:508] expandable_segments: memory mapping failed with OOM on device 0 while trying to map 20971520 bytes (free: 7929856, total: 101975851008).
[W831 20:34:47.189455613 CUDACachingAllocator.cpp:508] expandable_segments: memory mapping failed with OOM on device 0 while trying to map 20971520 bytes (free: 7929856, total: 101975851008).
[W831 20:34:47.385395914 CUDACachingAllocator.cpp:508] expandable_segments: memory mapping failed with OOM on device 0 while trying to map 20971520 bytes (free: 7929856, total: 101975851008).
[W831 20:34:47.638231038 CUDACachingAllocator.cpp:508] expandable_segments: memory mapping failed with OOM on device 0 while trying to map 20971520 bytes (free: 7929856, total: 101975851008).
[W831 20:34:47.052988943 CUDACachingAllocator.cpp:508] expandable_segments: memory mapping failed with OOM on device 0 while trying to map 20971520 bytes (free: 7929856, total: 101975851008).
[W831 20:34:49.838695934 CUDACachingAllocator.cpp:508] expandable_segments: memory mapping failed with OOM on device 0 while trying to map 20971520 bytes (free: 7929856, total: 101975851008).
[W831 20:34:50.532195289 CUDACachingAllocator.cpp:508] expandable_segments: memory mapping failed with OOM on device 0 while trying to map 20971520 bytes (free: 7929856, total: 101975851008).
[W831 20:34:51.172242071 CUDACachingAllocator.cpp:508] expandable_segments: memory mapping failed with OOM on device 0 while trying to map 20971520 bytes (free: 7929856, total: 101975851008).
[W831 20:34:51.460505460 CUDACachingAllocator.cpp:508] expandable_segments: memory mapping failed with OOM on device 0 while trying to map 20971520 bytes (free: 7929856, total: 101975851008).
[W831 20:34:52.548639986 CUDACachingAllocator.cpp:508] expandable_segments: memory mapping failed with OOM on device 0 while trying to map 20971520 bytes (free: 7929856, total: 101975851008).
[W831 20:34:52.943697388 CUDACachingAllocator.cpp:508] expandable_segments: memory mapping failed with OOM on device 0 while trying to map 20971520 bytes (free: 7929856, total: 101975851008).
[W831 20:34:53.896216592 CUDACachingAllocator.cpp:508] expandable_segments: memory mapping failed with OOM on device 0 while trying to map 20971520 bytes (free: 7929856, total: 101975851008).
[W831 20:34:54.122065936 CUDACachingAllocator.cpp:508] expandable_segments: memory mapping failed with OOM on device 0 while trying to map 20971520 bytes (free: 7929856, total: 101975851008).
[W831 20:34:55.316252852 CUDACachingAllocator.cpp:508] expandable_segments: memory mapping failed with OOM on device 0 while trying to map 20971520 bytes (free: 7929856, total: 101975851008).
[W831 20:34:55.625400593 CUDACachingAllocator.cpp:508] expandable_segments: memory mapping failed with OOM on device 0 while trying to map 20971520 bytes (free: 7929856, total: 101975851008).
[W831 20:34:56.201088656 CUDACachingAllocator.cpp:508] expandable_segments: memory mapping failed with OOM on device 0 while trying to map 20971520 bytes (free: 7929856, total: 101975851008).
[W831 20:34:56.791997830 CUDACachingAllocator.cpp:508] expandable_segments: memory mapping failed with OOM on device 0 while trying to map 20971520 bytes (free: 7929856, total: 101975851008).
[W831 20:34:57.368059073 CUDACachingAllocator.cpp:508] expandable_segments: memory mapping failed with OOM on device 0 while trying to map 20971520 bytes (free: 7929856, total: 101975851008).
[W831 20:34:57.085668117 CUDACachingAllocator.cpp:508] expandable_segments: memory mapping failed with OOM on device 0 while trying to map 20971520 bytes (free: 7929856, total: 101975851008).
[W831 20:34:58.752181245 CUDACachingAllocator.cpp:508] expandable_segments: memory mapping failed with OOM on device 0 while trying to map 20971520 bytes (free: 7929856, total: 101975851008).
[W831 20:34:59.552765616 CUDACachingAllocator.cpp:508] expandable_segments: memory mapping failed with OOM on device 0 while trying to map 20971520 bytes (free: 7929856, total: 101975851008).
[W831 20:35:00.767205366 CUDACachingAllocator.cpp:508] expandable_segments: memory mapping failed with OOM on device 0 while trying to map 20971520 bytes (free: 7929856, total: 101975851008).
[W831 20:35:00.841699733 CUDACachingAllocator.cpp:508] expandable_segments: memory mapping failed with OOM on device 0 while trying to map 20971520 bytes (free: 7929856, total: 101975851008).
[W831 20:35:00.018189127 CUDACachingAllocator.cpp:508] expandable_segments: memory mapping failed with OOM on device 0 while trying to map 20971520 bytes (free: 7929856, total: 101975851008).
[W831 20:35:01.150229427 CUDACachingAllocator.cpp:508] expandable_segments: memory mapping failed with OOM on device 0 while trying to map 20971520 bytes (free: 7929856, total: 101975851008).
[W831 20:35:01.788149275 CUDACachingAllocator.cpp:508] expandable_segments: memory mapping failed with OOM on device 0 while trying to map 20971520 bytes (free: 7929856, total: 101975851008).
[W831 20:35:01.081012631 CUDACachingAllocator.cpp:508] expandable_segments: memory mapping failed with OOM on device 0 while trying to map 20971520 bytes (free: 7929856, total: 101975851008).
[W831 20:35:02.157815891 CUDACachingAllocator.cpp:508] expandable_segments: memory mapping failed with OOM on device 0 while trying to map 20971520 bytes (free: 7929856, total: 101975851008).
[W831 20:35:02.830857864 CUDACachingAllocator.cpp:508] expandable_segments: memory mapping failed with OOM on device 0 while trying to map 20971520 bytes (free: 7929856, total: 101975851008).
[W831 20:35:02.097201675 CUDACachingAllocator.cpp:508] expandable_segments: memory mapping failed with OOM on device 0 while trying to map 20971520 bytes (free: 7929856, total: 101975851008).
[W831 20:35:03.725706409 CUDACachingAllocator.cpp:508] expandable_segments: memory mapping failed with OOM on device 0 while trying to map 20971520 bytes (free: 7929856, total: 101975851008).
[W831 20:35:03.874974507 CUDACachingAllocator.cpp:508] expandable_segments: memory mapping failed with OOM on device 0 while trying to map 20971520 bytes (free: 7929856, total: 101975851008).
[W831 20:35:04.492964270 CUDACachingAllocator.cpp:508] expandable_segments: memory mapping failed with OOM on device 0 while trying to map 20971520 bytes (free: 7929856, total: 101975851008).
[W831 20:35:04.698158142 CUDACachingAllocator.cpp:508] expandable_segments: memory mapping failed with OOM on device 0 while trying to map 20971520 bytes (free: 7929856, total: 101975851008).
[W831 20:35:04.917731742 CUDACachingAllocator.cpp:508] expandable_segments: memory mapping failed with OOM on device 0 while trying to map 20971520 bytes (free: 7929856, total: 101975851008).
[W831 20:35:05.315821591 CUDACachingAllocator.cpp:508] expandable_segments: memory mapping failed with OOM on device 0 while trying to map 20971520 bytes (free: 7929856, total: 101975851008).
[W831 20:35:05.708132900 CUDACachingAllocator.cpp:508] expandable_segments: memory mapping failed with OOM on device 0 while trying to map 20971520 bytes (free: 7929856, total: 101975851008).
[W831 20:35:05.056213119 CUDACachingAllocator.cpp:508] expandable_segments: memory mapping failed with OOM on device 0 while trying to map 20971520 bytes (free: 7929856, total: 101975851008).
[W831 20:35:06.245893662 CUDACachingAllocator.cpp:508] expandable_segments: memory mapping failed with OOM on device 0 while trying to map 20971520 bytes (free: 7929856, total: 101975851008).
[W831 20:35:06.522692568 CUDACachingAllocator.cpp:508] expandable_segments: memory mapping failed with OOM on device 0 while trying to map 20971520 bytes (free: 7929856, total: 101975851008).
[W831 20:35:06.804944261 CUDACachingAllocator.cpp:508] expandable_segments: memory mapping failed with OOM on device 0 while trying to map 20971520 bytes (free: 7929856, total: 101975851008).
[W831 20:35:06.934690629 CUDACachingAllocator.cpp:508] expandable_segments: memory mapping failed with OOM on device 0 while trying to map 20971520 bytes (free: 7929856, total: 101975851008).
[W831 20:35:07.653956161 CUDACachingAllocator.cpp:508] expandable_segments: memory mapping failed with OOM on device 0 while trying to map 20971520 bytes (free: 7929856, total: 101975851008).
[W831 20:35:07.021622207 CUDACachingAllocator.cpp:508] expandable_segments: memory mapping failed with OOM on device 0 while trying to map 20971520 bytes (free: 7929856, total: 101975851008).
[W831 20:35:08.144395849 CUDACachingAllocator.cpp:508] expandable_segments: memory mapping failed with OOM on device 0 while trying to map 20971520 bytes (free: 7929856, total: 101975851008).
[W831 20:35:08.469032719 CUDACachingAllocator.cpp:508] expandable_segments: memory mapping failed with OOM on device 0 while trying to map 20971520 bytes (free: 7929856, total: 101975851008).
[W831 20:35:08.898396652 CUDACachingAllocator.cpp:508] expandable_segments: memory mapping failed with OOM on device 0 while trying to map 20971520 bytes (free: 7929856, total: 101975851008).
[W831 20:35:09.303739996 CUDACachingAllocator.cpp:508] expandable_segments: memory mapping failed with OOM on device 0 while trying to map 20971520 bytes (free: 7929856, total: 101975851008).
[W831 20:35:09.659971061 CUDACachingAllocator.cpp:508] expandable_segments: memory mapping failed with OOM on device 0 while trying to map 20971520 bytes (free: 7929856, total: 101975851008).
[W831 20:35:09.008487243 CUDACachingAllocator.cpp:508] expandable_segments: memory mapping failed with OOM on device 0 while trying to map 20971520 bytes (free: 7929856, total: 101975851008).
[W831 20:35:10.284149580 CUDACachingAllocator.cpp:508] expandable_segments: memory mapping failed with OOM on device 0 while trying to map 20971520 bytes (free: 7929856, total: 101975851008).
[W831 20:35:10.869205145 CUDACachingAllocator.cpp:508] expandable_segments: memory mapping failed with OOM on device 0 while trying to map 20971520 bytes (free: 7929856, total: 101975851008).
[W831 20:35:11.161880171 CUDACachingAllocator.cpp:508] expandable_segments: memory mapping failed with OOM on device 0 while trying to map 20971520 bytes (free: 7929856, total: 101975851008).
[W831 20:35:11.328818446 CUDACachingAllocator.cpp:508] expandable_segments: memory mapping failed with OOM on device 0 while trying to map 20971520 bytes (free: 7929856, total: 101975851008).
[W831 20:35:11.548589158 CUDACachingAllocator.cpp:508] expandable_segments: memory mapping failed with OOM on device 0 while trying to map 20971520 bytes (free: 7929856, total: 101975851008).
[W831 20:35:11.769137038 CUDACachingAllocator.cpp:508] expandable_segments: memory mapping failed with OOM on device 0 while trying to map 20971520 bytes (free: 7929856, total: 101975851008).
[W831 20:35:11.904255796 CUDACachingAllocator.cpp:508] expandable_segments: memory mapping failed with OOM on device 0 while trying to map 20971520 bytes (free: 7929856, total: 101975851008).
[W831 20:35:11.986268716 CUDACachingAllocator.cpp:508] expandable_segments: memory mapping failed with OOM on device 0 while trying to map 20971520 bytes (free: 7929856, total: 101975851008).
[W831 20:35:12.356292899 CUDACachingAllocator.cpp:508] expandable_segments: memory mapping failed with OOM on device 0 while trying to map 20971520 bytes (free: 7929856, total: 101975851008).
[W831 20:35:12.553897030 CUDACachingAllocator.cpp:508] expandable_segments: memory mapping failed with OOM on device 0 while trying to map 20971520 bytes (free: 7929856, total: 101975851008).
[W831 20:35:12.058629998 CUDACachingAllocator.cpp:508] expandable_segments: memory mapping failed with OOM on device 0 while trying to map 20971520 bytes (free: 7929856, total: 101975851008).
[W831 20:35:13.140872297 CUDACachingAllocator.cpp:508] expandable_segments: memory mapping failed with OOM on device 0 while trying to map 20971520 bytes (free: 7929856, total: 101975851008).
[W831 20:35:13.420943433 CUDACachingAllocator.cpp:508] expandable_segments: memory mapping failed with OOM on device 0 while trying to map 20971520 bytes (free: 7929856, total: 101975851008).
[W831 20:35:13.879725763 CUDACachingAllocator.cpp:508] expandable_segments: memory mapping failed with OOM on device 0 while trying to map 20971520 bytes (free: 7929856, total: 101975851008).
[W831 20:35:13.024056166 CUDACachingAllocator.cpp:508] expandable_segments: memory mapping failed with OOM on device 0 while trying to map 20971520 bytes (free: 7929856, total: 101975851008).
[W831 20:35:14.314857806 CUDACachingAllocator.cpp:508] expandable_segments: memory mapping failed with OOM on device 0 while trying to map 20971520 bytes (free: 7929856, total: 101975851008).
[W831 20:35:14.662542601 CUDACachingAllocator.cpp:508] expandable_segments: memory mapping failed with OOM on device 0 while trying to map 20971520 bytes (free: 7929856, total: 101975851008).
[W831 20:35:15.562481446 CUDACachingAllocator.cpp:508] expandable_segments: memory mapping failed with OOM on device 0 while trying to map 20971520 bytes (free: 7929856, total: 101975851008).
[W831 20:35:15.005535333 CUDACachingAllocator.cpp:508] expandable_segments: memory mapping failed with OOM on device 0 while trying to map 20971520 bytes (free: 7929856, total: 101975851008).
[W831 20:35:15.062662269 CUDACachingAllocator.cpp:508] expandable_segments: memory mapping failed with OOM on device 0 while trying to map 20971520 bytes (free: 7929856, total: 101975851008).
[W831 20:35:16.448514996 CUDACachingAllocator.cpp:508] expandable_segments: memory mapping failed with OOM on device 0 while trying to map 20971520 bytes (free: 7929856, total: 101975851008).
[W831 20:35:16.834733652 CUDACachingAllocator.cpp:508] expandable_segments: memory mapping failed with OOM on device 0 while trying to map 20971520 bytes (free: 7929856, total: 101975851008).
[W831 20:35:16.916451319 CUDACachingAllocator.cpp:508] expandable_segments: memory mapping failed with OOM on device 0 while trying to map 20971520 bytes (free: 7929856, total: 101975851008).
[W831 20:35:16.046836761 CUDACachingAllocator.cpp:508] expandable_segments: memory mapping failed with OOM on device 0 while trying to map 20971520 bytes (free: 7929856, total: 101975851008).
[W831 20:35:17.270724419 CUDACachingAllocator.cpp:508] expandable_segments: memory mapping failed with OOM on device 0 while trying to map 20971520 bytes (free: 7929856, total: 101975851008).
[W831 20:35:17.376335568 CUDACachingAllocator.cpp:508] expandable_segments: memory mapping failed with OOM on device 0 while trying to map 20971520 bytes (free: 7929856, total: 101975851008).
[W831 20:35:17.457182316 CUDACachingAllocator.cpp:508] expandable_segments: memory mapping failed with OOM on device 0 while trying to map 20971520 bytes (free: 7929856, total: 101975851008).
[W831 20:35:17.563631963 CUDACachingAllocator.cpp:508] expandable_segments: memory mapping failed with OOM on device 0 while trying to map 20971520 bytes (free: 7929856, total: 101975851008).
[W831 20:35:17.655660544 CUDACachingAllocator.cpp:508] expandable_segments: memory mapping failed with OOM on device 0 while trying to map 20971520 bytes (free: 7929856, total: 101975851008).
[W831 20:35:17.736334083 CUDACachingAllocator.cpp:508] expandable_segments: memory mapping failed with OOM on device 0 while trying to map 20971520 bytes (free: 7929856, total: 101975851008).
[W831 20:35:17.831146207 CUDACachingAllocator.cpp:508] expandable_segments: memory mapping failed with OOM on device 0 while trying to map 20971520 bytes (free: 7929856, total: 101975851008).
[W831 20:35:17.925898962 CUDACachingAllocator.cpp:508] expandable_segments: memory mapping failed with OOM on device 0 while trying to map 20971520 bytes (free: 7929856, total: 101975851008).
[W831 20:35:17.026493403 CUDACachingAllocator.cpp:508] expandable_segments: memory mapping failed with OOM on device 0 while trying to map 20971520 bytes (free: 7929856, total: 101975851008).
[W831 20:35:18.134296376 CUDACachingAllocator.cpp:508] expandable_segments: memory mapping failed with OOM on device 0 while trying to map 20971520 bytes (free: 7929856, total: 101975851008).
[W831 20:35:18.242492258 CUDACachingAllocator.cpp:508] expandable_segments: memory mapping failed with OOM on device 0 while trying to map 20971520 bytes (free: 7929856, total: 101975851008).
[W831 20:35:18.367756419 CUDACachingAllocator.cpp:508] expandable_segments: memory mapping failed with OOM on device 0 while trying to map 20971520 bytes (free: 7929856, total: 101975851008).
[W831 20:35:18.437687562 CUDACachingAllocator.cpp:508] expandable_segments: memory mapping failed with OOM on device 0 while trying to map 20971520 bytes (free: 7929856, total: 101975851008).
[W831 20:35:18.509145411 CUDACachingAllocator.cpp:508] expandable_segments: memory mapping failed with OOM on device 0 while trying to map 20971520 bytes (free: 7929856, total: 101975851008).
[W831 20:35:18.776047114 CUDACachingAllocator.cpp:508] expandable_segments: memory mapping failed with OOM on device 0 while trying to map 20971520 bytes (free: 7929856, total: 101975851008).
[W831 20:35:18.869715471 CUDACachingAllocator.cpp:508] expandable_segments: memory mapping failed with OOM on device 0 while trying to map 20971520 bytes (free: 7929856, total: 101975851008).
[W831 20:35:18.079761009 CUDACachingAllocator.cpp:508] expandable_segments: memory mapping failed with OOM on device 0 while trying to map 20971520 bytes (free: 7929856, total: 101975851008).
[W831 20:35:19.262373231 CUDACachingAllocator.cpp:508] expandable_segments: memory mapping failed with OOM on device 0 while trying to map 20971520 bytes (free: 7929856, total: 101975851008).
[W831 20:35:19.316945540 CUDACachingAllocator.cpp:508] expandable_segments: memory mapping failed with OOM on device 0 while trying to map 20971520 bytes (free: 7929856, total: 101975851008).
[W831 20:35:19.427523265 CUDACachingAllocator.cpp:508] expandable_segments: memory mapping failed with OOM on device 0 while trying to map 20971520 bytes (free: 7929856, total: 101975851008).
[W831 20:35:19.703925452 CUDACachingAllocator.cpp:508] expandable_segments: memory mapping failed with OOM on device 0 while trying to map 20971520 bytes (free: 7929856, total: 101975851008).
[W831 20:35:19.745841882 CUDACachingAllocator.cpp:508] expandable_segments: memory mapping failed with OOM on device 0 while trying to map 20971520 bytes (free: 7929856, total: 101975851008).
[W831 20:35:19.903823693 CUDACachingAllocator.cpp:508] expandable_segments: memory mapping failed with OOM on device 0 while trying to map 20971520 bytes (free: 7929856, total: 101975851008).
[W831 20:35:19.010831086 CUDACachingAllocator.cpp:508] expandable_segments: memory mapping failed with OOM on device 0 while trying to map 20971520 bytes (free: 7929856, total: 101975851008).
[W831 20:35:19.068770627 CUDACachingAllocator.cpp:508] expandable_segments: memory mapping failed with OOM on device 0 while trying to map 20971520 bytes (free: 7929856, total: 101975851008).
[W831 20:35:20.114566567 CUDACachingAllocator.cpp:508] expandable_segments: memory mapping failed with OOM on device 0 while trying to map 20971520 bytes (free: 7929856, total: 101975851008).
[W831 20:35:20.173109146 CUDACachingAllocator.cpp:508] expandable_segments: memory mapping failed with OOM on device 0 while trying to map 20971520 bytes (free: 7929856, total: 101975851008).
[W831 20:35:20.231183876 CUDACachingAllocator.cpp:508] expandable_segments: memory mapping failed with OOM on device 0 while trying to map 20971520 bytes (free: 7929856, total: 101975851008).
[W831 20:35:20.478850039 CUDACachingAllocator.cpp:508] expandable_segments: memory mapping failed with OOM on device 0 while trying to map 20971520 bytes (free: 7929856, total: 101975851008).
[W831 20:35:20.783459695 CUDACachingAllocator.cpp:508] expandable_segments: memory mapping failed with OOM on device 0 while trying to map 20971520 bytes (free: 7929856, total: 101975851008).
[W831 20:35:20.826549822 CUDACachingAllocator.cpp:508] expandable_segments: memory mapping failed with OOM on device 0 while trying to map 20971520 bytes (free: 7929856, total: 101975851008).
[W831 20:35:20.916414685 CUDACachingAllocator.cpp:508] expandable_segments: memory mapping failed with OOM on device 0 while trying to map 20971520 bytes (free: 7929856, total: 101975851008).
[W831 20:35:20.971387183 CUDACachingAllocator.cpp:508] expandable_segments: memory mapping failed with OOM on device 0 while trying to map 20971520 bytes (free: 7929856, total: 101975851008).
[W831 20:35:21.259767746 CUDACachingAllocator.cpp:508] expandable_segments: memory mapping failed with OOM on device 0 while trying to map 20971520 bytes (free: 7929856, total: 101975851008).
[W831 20:35:21.534950620 CUDACachingAllocator.cpp:508] expandable_segments: memory mapping failed with OOM on device 0 while trying to map 20971520 bytes (free: 7929856, total: 101975851008).
[W831 20:35:21.579745662 CUDACachingAllocator.cpp:508] expandable_segments: memory mapping failed with OOM on device 0 while trying to map 20971520 bytes (free: 7929856, total: 101975851008).
[W831 20:35:21.651923707 CUDACachingAllocator.cpp:508] expandable_segments: memory mapping failed with OOM on device 0 while trying to map 20971520 bytes (free: 7929856, total: 101975851008).
[W831 20:35:21.761400072 CUDACachingAllocator.cpp:508] expandable_segments: memory mapping failed with OOM on device 0 while trying to map 20971520 bytes (free: 7929856, total: 101975851008).
[W831 20:35:21.811628570 CUDACachingAllocator.cpp:508] expandable_segments: memory mapping failed with OOM on device 0 while trying to map 20971520 bytes (free: 7929856, total: 101975851008).
[W831 20:35:21.020491035 CUDACachingAllocator.cpp:508] expandable_segments: memory mapping failed with OOM on device 0 while trying to map 20971520 bytes (free: 7929856, total: 101975851008).
[W831 20:35:22.156022746 CUDACachingAllocator.cpp:508] expandable_segments: memory mapping failed with OOM on device 0 while trying to map 20971520 bytes (free: 7929856, total: 101975851008).
[W831 20:35:22.202192284 CUDACachingAllocator.cpp:508] expandable_segments: memory mapping failed with OOM on device 0 while trying to map 20971520 bytes (free: 7929856, total: 101975851008).
[W831 20:35:22.319132180 CUDACachingAllocator.cpp:508] expandable_segments: memory mapping failed with OOM on device 0 while trying to map 20971520 bytes (free: 7929856, total: 101975851008).
[W831 20:35:22.625464475 CUDACachingAllocator.cpp:508] expandable_segments: memory mapping failed with OOM on device 0 while trying to map 20971520 bytes (free: 7929856, total: 101975851008).
[W831 20:35:22.750167272 CUDACachingAllocator.cpp:508] expandable_segments: memory mapping failed with OOM on device 0 while trying to map 20971520 bytes (free: 7929856, total: 101975851008).
[W831 20:35:22.826275907 CUDACachingAllocator.cpp:508] expandable_segments: memory mapping failed with OOM on device 0 while trying to map 20971520 bytes (free: 7929856, total: 101975851008).
[W831 20:35:22.889907722 CUDACachingAllocator.cpp:508] expandable_segments: memory mapping failed with OOM on device 0 while trying to map 20971520 bytes (free: 7929856, total: 101975851008).
[W831 20:35:22.995293686 CUDACachingAllocator.cpp:508] expandable_segments: memory mapping failed with OOM on device 0 while trying to map 20971520 bytes (free: 7929856, total: 101975851008).
[W831 20:35:22.046455442 CUDACachingAllocator.cpp:508] expandable_segments: memory mapping failed with OOM on device 0 while trying to map 20971520 bytes (free: 7929856, total: 101975851008).
[W831 20:35:23.128892351 CUDACachingAllocator.cpp:508] expandable_segments: memory mapping failed with OOM on device 0 while trying to map 20971520 bytes (free: 7929856, total: 101975851008).
[W831 20:35:23.170833498 CUDACachingAllocator.cpp:508] expandable_segments: memory mapping failed with OOM on device 0 while trying to map 20971520 bytes (free: 7929856, total: 101975851008).
[W831 20:35:23.226282783 CUDACachingAllocator.cpp:508] expandable_segments: memory mapping failed with OOM on device 0 while trying to map 20971520 bytes (free: 7929856, total: 101975851008).
[W831 20:35:23.481655439 CUDACachingAllocator.cpp:508] expandable_segments: memory mapping failed with OOM on device 0 while trying to map 20971520 bytes (free: 7929856, total: 101975851008).
[W831 20:35:23.607298563 CUDACachingAllocator.cpp:508] expandable_segments: memory mapping failed with OOM on device 0 while trying to map 20971520 bytes (free: 7929856, total: 101975851008).
[W831 20:35:23.692306975 CUDACachingAllocator.cpp:508] expandable_segments: memory mapping failed with OOM on device 0 while trying to map 20971520 bytes (free: 7929856, total: 101975851008).
[W831 20:35:23.735831429 CUDACachingAllocator.cpp:508] expandable_segments: memory mapping failed with OOM on device 0 while trying to map 20971520 bytes (free: 7929856, total: 101975851008).
[W831 20:35:23.844686583 CUDACachingAllocator.cpp:508] expandable_segments: memory mapping failed with OOM on device 0 while trying to map 20971520 bytes (free: 7929856, total: 101975851008).
[W831 20:35:24.169831678 CUDACachingAllocator.cpp:508] expandable_segments: memory mapping failed with OOM on device 0 while trying to map 20971520 bytes (free: 7929856, total: 101975851008).
[W831 20:35:24.232635424 CUDACachingAllocator.cpp:508] expandable_segments: memory mapping failed with OOM on device 0 while trying to map 20971520 bytes (free: 7929856, total: 101975851008).
[W831 20:35:24.330160175 CUDACachingAllocator.cpp:508] expandable_segments: memory mapping failed with OOM on device 0 while trying to map 20971520 bytes (free: 7929856, total: 101975851008).
[W831 20:35:24.558835004 CUDACachingAllocator.cpp:508] expandable_segments: memory mapping failed with OOM on device 0 while trying to map 20971520 bytes (free: 7929856, total: 101975851008).
[W831 20:35:24.688767285 CUDACachingAllocator.cpp:508] expandable_segments: memory mapping failed with OOM on device 0 while trying to map 20971520 bytes (free: 7929856, total: 101975851008).
[W831 20:35:24.735852850 CUDACachingAllocator.cpp:508] expandable_segments: memory mapping failed with OOM on device 0 while trying to map 20971520 bytes (free: 7929856, total: 101975851008).
[W831 20:35:24.787465623 CUDACachingAllocator.cpp:508] expandable_segments: memory mapping failed with OOM on device 0 while trying to map 20971520 bytes (free: 7929856, total: 101975851008).
[W831 20:35:24.886403481 CUDACachingAllocator.cpp:508] expandable_segments: memory mapping failed with OOM on device 0 while trying to map 20971520 bytes (free: 7929856, total: 101975851008).
[W831 20:35:24.993224089 CUDACachingAllocator.cpp:508] expandable_segments: memory mapping failed with OOM on device 0 while trying to map 20971520 bytes (free: 7929856, total: 101975851008).
[W831 20:35:24.035414535 CUDACachingAllocator.cpp:508] expandable_segments: memory mapping failed with OOM on device 0 while trying to map 20971520 bytes (free: 7929856, total: 101975851008).
[W831 20:35:24.077528562 CUDACachingAllocator.cpp:508] expandable_segments: memory mapping failed with OOM on device 0 while trying to map 20971520 bytes (free: 7929856, total: 101975851008).
[W831 20:35:25.119698088 CUDACachingAllocator.cpp:508] expandable_segments: memory mapping failed with OOM on device 0 while trying to map 20971520 bytes (free: 7929856, total: 101975851008).
[W831 20:35:25.162027844 CUDACachingAllocator.cpp:508] expandable_segments: memory mapping failed with OOM on device 0 while trying to map 20971520 bytes (free: 7929856, total: 101975851008).
[W831 20:35:25.213266098 CUDACachingAllocator.cpp:508] expandable_segments: memory mapping failed with OOM on device 0 while trying to map 20971520 bytes (free: 7929856, total: 101975851008).
[W831 20:35:25.375853167 CUDACachingAllocator.cpp:508] expandable_segments: memory mapping failed with OOM on device 0 while trying to map 20971520 bytes (free: 7929856, total: 101975851008).
[W831 20:35:25.508265301 CUDACachingAllocator.cpp:508] expandable_segments: memory mapping failed with OOM on device 0 while trying to map 20971520 bytes (free: 7929856, total: 101975851008).
[W831 20:35:25.565719249 CUDACachingAllocator.cpp:508] expandable_segments: memory mapping failed with OOM on device 0 while trying to map 20971520 bytes (free: 7929856, total: 101975851008).
[W831 20:35:25.738602034 CUDACachingAllocator.cpp:508] expandable_segments: memory mapping failed with OOM on device 0 while trying to map 20971520 bytes (free: 7929856, total: 101975851008).
[W831 20:35:25.777193228 CUDACachingAllocator.cpp:508] expandable_segments: memory mapping failed with OOM on device 0 while trying to map 20971520 bytes (free: 7929856, total: 101975851008).
[W831 20:35:25.819672684 CUDACachingAllocator.cpp:508] expandable_segments: memory mapping failed with OOM on device 0 while trying to map 20971520 bytes (free: 7929856, total: 101975851008).
[W831 20:35:25.866759008 CUDACachingAllocator.cpp:508] expandable_segments: memory mapping failed with OOM on device 0 while trying to map 20971520 bytes (free: 7929856, total: 101975851008).
[W831 20:35:25.927393958 CUDACachingAllocator.cpp:508] expandable_segments: memory mapping failed with OOM on device 0 while trying to map 20971520 bytes (free: 7929856, total: 101975851008).
[W831 20:35:25.022303755 CUDACachingAllocator.cpp:508] expandable_segments: memory mapping failed with OOM on device 0 while trying to map 20971520 bytes (free: 7929856, total: 101975851008).
[W831 20:35:25.064873890 CUDACachingAllocator.cpp:508] expandable_segments: memory mapping failed with OOM on device 0 while trying to map 20971520 bytes (free: 7929856, total: 101975851008).
[W831 20:35:26.110706797 CUDACachingAllocator.cpp:508] expandable_segments: memory mapping failed with OOM on device 0 while trying to map 20971520 bytes (free: 7929856, total: 101975851008).
[W831 20:35:26.213501782 CUDACachingAllocator.cpp:508] expandable_segments: memory mapping failed with OOM on device 0 while trying to map 20971520 bytes (free: 7929856, total: 101975851008).
[W831 20:35:26.338480413 CUDACachingAllocator.cpp:508] expandable_segments: memory mapping failed with OOM on device 0 while trying to map 20971520 bytes (free: 7929856, total: 101975851008).
[W831 20:35:26.398698034 CUDACachingAllocator.cpp:508] expandable_segments: memory mapping failed with OOM on device 0 while trying to map 20971520 bytes (free: 7929856, total: 101975851008).
[W831 20:35:26.450981095 CUDACachingAllocator.cpp:508] expandable_segments: memory mapping failed with OOM on device 0 while trying to map 20971520 bytes (free: 7929856, total: 101975851008).
[W831 20:35:26.567252197 CUDACachingAllocator.cpp:508] expandable_segments: memory mapping failed with OOM on device 0 while trying to map 20971520 bytes (free: 7929856, total: 101975851008).
[W831 20:35:26.727128931 CUDACachingAllocator.cpp:508] expandable_segments: memory mapping failed with OOM on device 0 while trying to map 20971520 bytes (free: 7929856, total: 101975851008).
[W831 20:35:26.769471227 CUDACachingAllocator.cpp:508] expandable_segments: memory mapping failed with OOM on device 0 while trying to map 20971520 bytes (free: 7929856, total: 101975851008).
[W831 20:35:26.811900192 CUDACachingAllocator.cpp:508] expandable_segments: memory mapping failed with OOM on device 0 while trying to map 20971520 bytes (free: 7929856, total: 101975851008).
  coder14B_inst    chat            144/164  [  308/328  93.9%  elapsed 22:30  ETA 1:27  14/min]
[W831 20:37:04.363721112 CUDACachingAllocator.cpp:508] expandable_segments: memory mapping failed with OOM on device 0 while trying to map 20971520 bytes (free: 7929856, total: 101975851008).
[W831 20:37:07.442624266 CUDACachingAllocator.cpp:508] expandable_segments: memory mapping failed with OOM on device 0 while trying to map 20971520 bytes (free: 7929856, total: 101975851008).
[W831 20:37:08.018302597 CUDACachingAllocator.cpp:508] expandable_segments: memory mapping failed with OOM on device 0 while trying to map 20971520 bytes (free: 7929856, total: 101975851008).
[W831 20:37:09.328466839 CUDACachingAllocator.cpp:508] expandable_segments: memory mapping failed with OOM on device 0 while trying to map 20971520 bytes (free: 7929856, total: 101975851008).
  coder14B_inst    chat           DONE          [  328/328 100.0%  elapsed 24:39  ETA 0:00  13/min]

shard 0 complete  [  328/328 100.0%  elapsed 24:39  ETA 0:00  13/min]
