shard 0/1  1 models  164 prompts  K=32  batch=8  -> artifacts/nla/he_k32
  coder32B_inst

Loading weights:   0%|          | 0/771 [00:00<?, ?it/s]Loading weights:  39%|███▊      | 297/771 [00:00<00:00, 2969.56it/s]Loading weights:  77%|███████▋  | 597/771 [00:00<00:00, 2983.00it/s]Loading weights: 100%|██████████| 771/771 [00:00<00:00, 3029.93it/s]
  coder32B_inst    loaded 8s, running 1 arm(s)
  coder32B_inst    chat              8/164  [    8/164   4.9%  elapsed 1:03  ETA 20:45  8/min]
[W831 20:12:42.261266998 CUDACachingAllocator.cpp:508] expandable_segments: memory mapping failed with OOM on device 0 while trying to map 20971520 bytes (free: 5832704, total: 101975851008).
[W831 20:12:42.715978280 CUDACachingAllocator.cpp:508] expandable_segments: memory mapping failed with OOM on device 0 while trying to map 20971520 bytes (free: 5832704, total: 101975851008).
[W831 20:12:42.861496727 CUDACachingAllocator.cpp:508] expandable_segments: memory mapping failed with OOM on device 0 while trying to map 20971520 bytes (free: 5832704, total: 101975851008).
[W831 20:12:43.194948721 CUDACachingAllocator.cpp:508] expandable_segments: memory mapping failed with OOM on device 0 while trying to map 20971520 bytes (free: 5832704, total: 101975851008).
[W831 20:12:43.450370449 CUDACachingAllocator.cpp:508] expandable_segments: memory mapping failed with OOM on device 0 while trying to map 20971520 bytes (free: 5832704, total: 101975851008).
[W831 20:12:43.824848820 CUDACachingAllocator.cpp:508] expandable_segments: memory mapping failed with OOM on device 0 while trying to map 20971520 bytes (free: 5832704, total: 101975851008).
[W831 20:12:43.861794321 CUDACachingAllocator.cpp:508] expandable_segments: memory mapping failed with OOM on device 0 while trying to map 20971520 bytes (free: 5832704, total: 101975851008).
[W831 20:12:44.374140122 CUDACachingAllocator.cpp:508] expandable_segments: memory mapping failed with OOM on device 0 while trying to map 20971520 bytes (free: 5832704, total: 101975851008).
[W831 20:12:44.010521794 CUDACachingAllocator.cpp:508] expandable_segments: memory mapping failed with OOM on device 0 while trying to map 20971520 bytes (free: 5832704, total: 101975851008).
[W831 20:12:45.108130609 CUDACachingAllocator.cpp:508] expandable_segments: memory mapping failed with OOM on device 0 while trying to map 20971520 bytes (free: 5832704, total: 101975851008).
[W831 20:12:45.203245231 CUDACachingAllocator.cpp:508] expandable_segments: memory mapping failed with OOM on device 0 while trying to map 20971520 bytes (free: 5832704, total: 101975851008).
[W831 20:12:45.426766776 CUDACachingAllocator.cpp:508] expandable_segments: memory mapping failed with OOM on device 0 while trying to map 20971520 bytes (free: 5832704, total: 101975851008).
[W831 20:12:45.889561206 CUDACachingAllocator.cpp:508] expandable_segments: memory mapping failed with OOM on device 0 while trying to map 20971520 bytes (free: 5832704, total: 101975851008).
[W831 20:12:46.199838313 CUDACachingAllocator.cpp:508] expandable_segments: memory mapping failed with OOM on device 0 while trying to map 20971520 bytes (free: 5832704, total: 101975851008).
[W831 20:12:46.815357435 CUDACachingAllocator.cpp:508] expandable_segments: memory mapping failed with OOM on device 0 while trying to map 20971520 bytes (free: 5832704, total: 101975851008).
[W831 20:12:46.079249924 CUDACachingAllocator.cpp:508] expandable_segments: memory mapping failed with OOM on device 0 while trying to map 20971520 bytes (free: 5832704, total: 101975851008).
[W831 20:12:47.212272278 CUDACachingAllocator.cpp:508] expandable_segments: memory mapping failed with OOM on device 0 while trying to map 20971520 bytes (free: 5832704, total: 101975851008).
[W831 20:12:47.277506204 CUDACachingAllocator.cpp:508] expandable_segments: memory mapping failed with OOM on device 0 while trying to map 20971520 bytes (free: 5832704, total: 101975851008).
[W831 20:12:47.520679458 CUDACachingAllocator.cpp:508] expandable_segments: memory mapping failed with OOM on device 0 while trying to map 20971520 bytes (free: 5832704, total: 101975851008).
[W831 20:12:47.652179378 CUDACachingAllocator.cpp:508] expandable_segments: memory mapping failed with OOM on device 0 while trying to map 20971520 bytes (free: 5832704, total: 101975851008).
[W831 20:12:47.840839961 CUDACachingAllocator.cpp:508] expandable_segments: memory mapping failed with OOM on device 0 while trying to map 20971520 bytes (free: 5832704, total: 101975851008).
[W831 20:12:47.006313674 CUDACachingAllocator.cpp:508] expandable_segments: memory mapping failed with OOM on device 0 while trying to map 20971520 bytes (free: 5832704, total: 101975851008).
[W831 20:12:48.271287833 CUDACachingAllocator.cpp:508] expandable_segments: memory mapping failed with OOM on device 0 while trying to map 20971520 bytes (free: 5832704, total: 101975851008).
[W831 20:12:48.387430540 CUDACachingAllocator.cpp:508] expandable_segments: memory mapping failed with OOM on device 0 while trying to map 20971520 bytes (free: 5832704, total: 101975851008).
[W831 20:12:48.521295154 CUDACachingAllocator.cpp:508] expandable_segments: memory mapping failed with OOM on device 0 while trying to map 20971520 bytes (free: 5832704, total: 101975851008).
[W831 20:12:48.695863750 CUDACachingAllocator.cpp:508] expandable_segments: memory mapping failed with OOM on device 0 while trying to map 20971520 bytes (free: 5832704, total: 101975851008).
[W831 20:12:48.832745703 CUDACachingAllocator.cpp:508] expandable_segments: memory mapping failed with OOM on device 0 while trying to map 20971520 bytes (free: 5832704, total: 101975851008).
[W831 20:12:48.949396403 CUDACachingAllocator.cpp:508] expandable_segments: memory mapping failed with OOM on device 0 while trying to map 20971520 bytes (free: 5832704, total: 101975851008).
[W831 20:12:49.113500042 CUDACachingAllocator.cpp:508] expandable_segments: memory mapping failed with OOM on device 0 while trying to map 20971520 bytes (free: 5832704, total: 101975851008).
[W831 20:12:49.488690063 CUDACachingAllocator.cpp:508] expandable_segments: memory mapping failed with OOM on device 0 while trying to map 20971520 bytes (free: 5832704, total: 101975851008).
[W831 20:12:49.528539023 CUDACachingAllocator.cpp:508] expandable_segments: memory mapping failed with OOM on device 0 while trying to map 20971520 bytes (free: 5832704, total: 101975851008).
[W831 20:12:49.570035165 CUDACachingAllocator.cpp:508] expandable_segments: memory mapping failed with OOM on device 0 while trying to map 20971520 bytes (free: 5832704, total: 101975851008).
[W831 20:12:49.988949075 CUDACachingAllocator.cpp:508] expandable_segments: memory mapping failed with OOM on device 0 while trying to map 20971520 bytes (free: 5832704, total: 101975851008).
[W831 20:12:49.014435600 CUDACachingAllocator.cpp:508] expandable_segments: memory mapping failed with OOM on device 0 while trying to map 20971520 bytes (free: 5832704, total: 101975851008).
[W831 20:12:49.082411576 CUDACachingAllocator.cpp:508] expandable_segments: memory mapping failed with OOM on device 0 while trying to map 20971520 bytes (free: 5832704, total: 101975851008).
[W831 20:12:50.186355485 CUDACachingAllocator.cpp:508] expandable_segments: memory mapping failed with OOM on device 0 while trying to map 20971520 bytes (free: 5832704, total: 101975851008).
[W831 20:12:50.261990449 CUDACachingAllocator.cpp:508] expandable_segments: memory mapping failed with OOM on device 0 while trying to map 20971520 bytes (free: 5832704, total: 101975851008).
[W831 20:12:50.281873304 CUDACachingAllocator.cpp:508] expandable_segments: memory mapping failed with OOM on device 0 while trying to map 20971520 bytes (free: 5832704, total: 101975851008).
[W831 20:12:50.309538666 CUDACachingAllocator.cpp:508] expandable_segments: memory mapping failed with OOM on device 0 while trying to map 20971520 bytes (free: 5832704, total: 101975851008).
[W831 20:12:50.350499854 CUDACachingAllocator.cpp:508] expandable_segments: memory mapping failed with OOM on device 0 while trying to map 20971520 bytes (free: 5832704, total: 101975851008).
[W831 20:12:50.384184321 CUDACachingAllocator.cpp:508] expandable_segments: memory mapping failed with OOM on device 0 while trying to map 20971520 bytes (free: 5832704, total: 101975851008).
[W831 20:12:50.444609839 CUDACachingAllocator.cpp:508] expandable_segments: memory mapping failed with OOM on device 0 while trying to map 20971520 bytes (free: 5832704, total: 101975851008).
[W831 20:12:50.467729899 CUDACachingAllocator.cpp:508] expandable_segments: memory mapping failed with OOM on device 0 while trying to map 20971520 bytes (free: 5832704, total: 101975851008).
[W831 20:12:50.514687073 CUDACachingAllocator.cpp:508] expandable_segments: memory mapping failed with OOM on device 0 while trying to map 20971520 bytes (free: 5832704, total: 101975851008).
[W831 20:12:50.530543612 CUDACachingAllocator.cpp:508] expandable_segments: memory mapping failed with OOM on device 0 while trying to map 20971520 bytes (free: 5832704, total: 101975851008).
[W831 20:12:50.550870522 CUDACachingAllocator.cpp:508] expandable_segments: memory mapping failed with OOM on device 0 while trying to map 20971520 bytes (free: 5832704, total: 101975851008).
[W831 20:12:50.574580347 CUDACachingAllocator.cpp:508] expandable_segments: memory mapping failed with OOM on device 0 while trying to map 20971520 bytes (free: 5832704, total: 101975851008).
[W831 20:12:50.596046755 CUDACachingAllocator.cpp:508] expandable_segments: memory mapping failed with OOM on device 0 while trying to map 20971520 bytes (free: 5832704, total: 101975851008).
[W831 20:12:50.667148998 CUDACachingAllocator.cpp:508] expandable_segments: memory mapping failed with OOM on device 0 while trying to map 20971520 bytes (free: 5832704, total: 101975851008).
[W831 20:12:50.732896129 CUDACachingAllocator.cpp:508] expandable_segments: memory mapping failed with OOM on device 0 while trying to map 20971520 bytes (free: 5832704, total: 101975851008).
[W831 20:12:50.986706371 CUDACachingAllocator.cpp:508] expandable_segments: memory mapping failed with OOM on device 0 while trying to map 20971520 bytes (free: 5832704, total: 101975851008).
[W831 20:12:50.004169422 CUDACachingAllocator.cpp:508] expandable_segments: memory mapping failed with OOM on device 0 while trying to map 20971520 bytes (free: 5832704, total: 101975851008).
[W831 20:12:50.062501953 CUDACachingAllocator.cpp:508] expandable_segments: memory mapping failed with OOM on device 0 while trying to map 20971520 bytes (free: 5832704, total: 101975851008).
[W831 20:12:51.188029929 CUDACachingAllocator.cpp:508] expandable_segments: memory mapping failed with OOM on device 0 while trying to map 20971520 bytes (free: 5832704, total: 101975851008).
[W831 20:12:51.220789216 CUDACachingAllocator.cpp:508] expandable_segments: memory mapping failed with OOM on device 0 while trying to map 20971520 bytes (free: 5832704, total: 101975851008).
[W831 20:12:51.240746731 CUDACachingAllocator.cpp:508] expandable_segments: memory mapping failed with OOM on device 0 while trying to map 20971520 bytes (free: 5832704, total: 101975851008).
[W831 20:12:51.267832219 CUDACachingAllocator.cpp:508] expandable_segments: memory mapping failed with OOM on device 0 while trying to map 20971520 bytes (free: 5832704, total: 101975851008).
[W831 20:12:51.321796687 CUDACachingAllocator.cpp:508] expandable_segments: memory mapping failed with OOM on device 0 while trying to map 20971520 bytes (free: 5832704, total: 101975851008).
[W831 20:12:51.341810541 CUDACachingAllocator.cpp:508] expandable_segments: memory mapping failed with OOM on device 0 while trying to map 20971520 bytes (free: 5832704, total: 101975851008).
[W831 20:12:51.364913372 CUDACachingAllocator.cpp:508] expandable_segments: memory mapping failed with OOM on device 0 while trying to map 20971520 bytes (free: 5832704, total: 101975851008).
[W831 20:12:51.486770427 CUDACachingAllocator.cpp:508] expandable_segments: memory mapping failed with OOM on device 0 while trying to map 20971520 bytes (free: 5832704, total: 101975851008).
[W831 20:12:51.646867011 CUDACachingAllocator.cpp:508] expandable_segments: memory mapping failed with OOM on device 0 while trying to map 20971520 bytes (free: 5832704, total: 101975851008).
[W831 20:12:51.785057391 CUDACachingAllocator.cpp:508] expandable_segments: memory mapping failed with OOM on device 0 while trying to map 20971520 bytes (free: 5832704, total: 101975851008).
[W831 20:12:51.820232991 CUDACachingAllocator.cpp:508] expandable_segments: memory mapping failed with OOM on device 0 while trying to map 20971520 bytes (free: 5832704, total: 101975851008).
[W831 20:12:51.839918389 CUDACachingAllocator.cpp:508] expandable_segments: memory mapping failed with OOM on device 0 while trying to map 20971520 bytes (free: 5832704, total: 101975851008).
[W831 20:12:51.858717456 CUDACachingAllocator.cpp:508] expandable_segments: memory mapping failed with OOM on device 0 while trying to map 20971520 bytes (free: 5832704, total: 101975851008).
[W831 20:12:51.972044004 CUDACachingAllocator.cpp:508] expandable_segments: memory mapping failed with OOM on device 0 while trying to map 20971520 bytes (free: 5832704, total: 101975851008).
[W831 20:12:51.020439552 CUDACachingAllocator.cpp:508] expandable_segments: memory mapping failed with OOM on device 0 while trying to map 20971520 bytes (free: 5832704, total: 101975851008).
[W831 20:12:51.074175533 CUDACachingAllocator.cpp:508] expandable_segments: memory mapping failed with OOM on device 0 while trying to map 20971520 bytes (free: 5832704, total: 101975851008).
[W831 20:12:51.094938579 CUDACachingAllocator.cpp:508] expandable_segments: memory mapping failed with OOM on device 0 while trying to map 20971520 bytes (free: 5832704, total: 101975851008).
[W831 20:12:52.159904498 CUDACachingAllocator.cpp:508] expandable_segments: memory mapping failed with OOM on device 0 while trying to map 20971520 bytes (free: 5832704, total: 101975851008).
[W831 20:12:52.240153103 CUDACachingAllocator.cpp:508] expandable_segments: memory mapping failed with OOM on device 0 while trying to map 20971520 bytes (free: 5832704, total: 101975851008).
[W831 20:12:52.259644413 CUDACachingAllocator.cpp:508] expandable_segments: memory mapping failed with OOM on device 0 while trying to map 20971520 bytes (free: 5832704, total: 101975851008).
[W831 20:12:52.302568670 CUDACachingAllocator.cpp:508] expandable_segments: memory mapping failed with OOM on device 0 while trying to map 20971520 bytes (free: 5832704, total: 101975851008).
[W831 20:12:52.351479103 CUDACachingAllocator.cpp:508] expandable_segments: memory mapping failed with OOM on device 0 while trying to map 20971520 bytes (free: 5832704, total: 101975851008).
[W831 20:12:52.369408930 CUDACachingAllocator.cpp:508] expandable_segments: memory mapping failed with OOM on device 0 while trying to map 20971520 bytes (free: 5832704, total: 101975851008).
[W831 20:12:52.396668956 CUDACachingAllocator.cpp:508] expandable_segments: memory mapping failed with OOM on device 0 while trying to map 20971520 bytes (free: 5832704, total: 101975851008).
[W831 20:12:52.417367883 CUDACachingAllocator.cpp:508] expandable_segments: memory mapping failed with OOM on device 0 while trying to map 20971520 bytes (free: 5832704, total: 101975851008).
[W831 20:12:52.471125793 CUDACachingAllocator.cpp:508] expandable_segments: memory mapping failed with OOM on device 0 while trying to map 20971520 bytes (free: 5832704, total: 101975851008).
[W831 20:12:52.501975140 CUDACachingAllocator.cpp:508] expandable_segments: memory mapping failed with OOM on device 0 while trying to map 20971520 bytes (free: 5832704, total: 101975851008).
[W831 20:12:52.516354805 CUDACachingAllocator.cpp:508] expandable_segments: memory mapping failed with OOM on device 0 while trying to map 20971520 bytes (free: 5832704, total: 101975851008).
[W831 20:12:52.538815673 CUDACachingAllocator.cpp:508] expandable_segments: memory mapping failed with OOM on device 0 while trying to map 20971520 bytes (free: 5832704, total: 101975851008).
[W831 20:12:52.555476604 CUDACachingAllocator.cpp:508] expandable_segments: memory mapping failed with OOM on device 0 while trying to map 20971520 bytes (free: 5832704, total: 101975851008).
[W831 20:12:52.576136221 CUDACachingAllocator.cpp:508] expandable_segments: memory mapping failed with OOM on device 0 while trying to map 20971520 bytes (free: 5832704, total: 101975851008).
[W831 20:12:52.614863273 CUDACachingAllocator.cpp:508] expandable_segments: memory mapping failed with OOM on device 0 while trying to map 20971520 bytes (free: 5832704, total: 101975851008).
[W831 20:12:52.631479824 CUDACachingAllocator.cpp:508] expandable_segments: memory mapping failed with OOM on device 0 while trying to map 20971520 bytes (free: 5832704, total: 101975851008).
[W831 20:12:52.652308640 CUDACachingAllocator.cpp:508] expandable_segments: memory mapping failed with OOM on device 0 while trying to map 20971520 bytes (free: 5832704, total: 101975851008).
[W831 20:12:52.707915740 CUDACachingAllocator.cpp:508] expandable_segments: memory mapping failed with OOM on device 0 while trying to map 20971520 bytes (free: 5832704, total: 101975851008).
[W831 20:12:52.731356128 CUDACachingAllocator.cpp:508] expandable_segments: memory mapping failed with OOM on device 0 while trying to map 20971520 bytes (free: 5832704, total: 101975851008).
[W831 20:12:52.751848557 CUDACachingAllocator.cpp:508] expandable_segments: memory mapping failed with OOM on device 0 while trying to map 20971520 bytes (free: 5832704, total: 101975851008).
[W831 20:12:52.790814826 CUDACachingAllocator.cpp:508] expandable_segments: memory mapping failed with OOM on device 0 while trying to map 20971520 bytes (free: 5832704, total: 101975851008).
[W831 20:12:52.809026310 CUDACachingAllocator.cpp:508] expandable_segments: memory mapping failed with OOM on device 0 while trying to map 20971520 bytes (free: 5832704, total: 101975851008).
[W831 20:12:52.836893480 CUDACachingAllocator.cpp:508] expandable_segments: memory mapping failed with OOM on device 0 while trying to map 20971520 bytes (free: 5832704, total: 101975851008).
[W831 20:12:52.853352822 CUDACachingAllocator.cpp:508] expandable_segments: memory mapping failed with OOM on device 0 while trying to map 20971520 bytes (free: 5832704, total: 101975851008).
[W831 20:12:52.870104972 CUDACachingAllocator.cpp:508] expandable_segments: memory mapping failed with OOM on device 0 while trying to map 20971520 bytes (free: 5832704, total: 101975851008).
[W831 20:12:52.886814892 CUDACachingAllocator.cpp:508] expandable_segments: memory mapping failed with OOM on device 0 while trying to map 20971520 bytes (free: 5832704, total: 101975851008).
[W831 20:12:52.907092003 CUDACachingAllocator.cpp:508] expandable_segments: memory mapping failed with OOM on device 0 while trying to map 20971520 bytes (free: 5832704, total: 101975851008).
[W831 20:12:52.940669661 CUDACachingAllocator.cpp:508] expandable_segments: memory mapping failed with OOM on device 0 while trying to map 20971520 bytes (free: 5832704, total: 101975851008).
[W831 20:12:52.957946055 CUDACachingAllocator.cpp:508] expandable_segments: memory mapping failed with OOM on device 0 while trying to map 20971520 bytes (free: 5832704, total: 101975851008).
[W831 20:12:52.975324627 CUDACachingAllocator.cpp:508] expandable_segments: memory mapping failed with OOM on device 0 while trying to map 20971520 bytes (free: 5832704, total: 101975851008).
[W831 20:12:52.995344281 CUDACachingAllocator.cpp:508] expandable_segments: memory mapping failed with OOM on device 0 while trying to map 20971520 bytes (free: 5832704, total: 101975851008).
[W831 20:12:52.025396377 CUDACachingAllocator.cpp:508] expandable_segments: memory mapping failed with OOM on device 0 while trying to map 20971520 bytes (free: 5832704, total: 101975851008).
[W831 20:12:52.052906931 CUDACachingAllocator.cpp:508] expandable_segments: memory mapping failed with OOM on device 0 while trying to map 20971520 bytes (free: 5832704, total: 101975851008).
[W831 20:12:52.070287433 CUDACachingAllocator.cpp:508] expandable_segments: memory mapping failed with OOM on device 0 while trying to map 20971520 bytes (free: 5832704, total: 101975851008).
[W831 20:12:52.086958754 CUDACachingAllocator.cpp:508] expandable_segments: memory mapping failed with OOM on device 0 while trying to map 20971520 bytes (free: 5832704, total: 101975851008).
[W831 20:12:53.103669174 CUDACachingAllocator.cpp:508] expandable_segments: memory mapping failed with OOM on device 0 while trying to map 20971520 bytes (free: 5832704, total: 101975851008).
[W831 20:12:53.122596410 CUDACachingAllocator.cpp:508] expandable_segments: memory mapping failed with OOM on device 0 while trying to map 20971520 bytes (free: 5832704, total: 101975851008).
[W831 20:12:53.140700285 CUDACachingAllocator.cpp:508] expandable_segments: memory mapping failed with OOM on device 0 while trying to map 20971520 bytes (free: 5832704, total: 101975851008).
[W831 20:12:53.157383205 CUDACachingAllocator.cpp:508] expandable_segments: memory mapping failed with OOM on device 0 while trying to map 20971520 bytes (free: 5832704, total: 101975851008).
[W831 20:12:53.175923495 CUDACachingAllocator.cpp:508] expandable_segments: memory mapping failed with OOM on device 0 while trying to map 20971520 bytes (free: 5832704, total: 101975851008).
[W831 20:12:53.198644490 CUDACachingAllocator.cpp:508] expandable_segments: memory mapping failed with OOM on device 0 while trying to map 20971520 bytes (free: 5832704, total: 101975851008).
[W831 20:12:53.215232381 CUDACachingAllocator.cpp:508] expandable_segments: memory mapping failed with OOM on device 0 while trying to map 20971520 bytes (free: 5832704, total: 101975851008).
[W831 20:12:53.269146600 CUDACachingAllocator.cpp:508] expandable_segments: memory mapping failed with OOM on device 0 while trying to map 20971520 bytes (free: 5832704, total: 101975851008).
[W831 20:12:53.285021119 CUDACachingAllocator.cpp:508] expandable_segments: memory mapping failed with OOM on device 0 while trying to map 20971520 bytes (free: 5832704, total: 101975851008).
[W831 20:12:53.303924355 CUDACachingAllocator.cpp:508] expandable_segments: memory mapping failed with OOM on device 0 while trying to map 20971520 bytes (free: 5832704, total: 101975851008).
[W831 20:12:53.343881355 CUDACachingAllocator.cpp:508] expandable_segments: memory mapping failed with OOM on device 0 while trying to map 20971520 bytes (free: 5832704, total: 101975851008).
[W831 20:12:53.381314581 CUDACachingAllocator.cpp:508] expandable_segments: memory mapping failed with OOM on device 0 while trying to map 20971520 bytes (free: 5832704, total: 101975851008).
[W831 20:12:53.431573410 CUDACachingAllocator.cpp:508] expandable_segments: memory mapping failed with OOM on device 0 while trying to map 20971520 bytes (free: 5832704, total: 101975851008).
[W831 20:12:53.453756231 CUDACachingAllocator.cpp:508] expandable_segments: memory mapping failed with OOM on device 0 while trying to map 20971520 bytes (free: 5832704, total: 101975851008).
[W831 20:12:53.470477950 CUDACachingAllocator.cpp:508] expandable_segments: memory mapping failed with OOM on device 0 while trying to map 20971520 bytes (free: 5832704, total: 101975851008).
[W831 20:12:53.487668025 CUDACachingAllocator.cpp:508] expandable_segments: memory mapping failed with OOM on device 0 while trying to map 20971520 bytes (free: 5832704, total: 101975851008).
[W831 20:12:53.509235563 CUDACachingAllocator.cpp:508] expandable_segments: memory mapping failed with OOM on device 0 while trying to map 20971520 bytes (free: 5832704, total: 101975851008).
[W831 20:12:53.526075491 CUDACachingAllocator.cpp:508] expandable_segments: memory mapping failed with OOM on device 0 while trying to map 20971520 bytes (free: 5832704, total: 101975851008).
[W831 20:12:53.542673922 CUDACachingAllocator.cpp:508] expandable_segments: memory mapping failed with OOM on device 0 while trying to map 20971520 bytes (free: 5832704, total: 101975851008).
[W831 20:12:53.559281233 CUDACachingAllocator.cpp:508] expandable_segments: memory mapping failed with OOM on device 0 while trying to map 20971520 bytes (free: 5832704, total: 101975851008).
[W831 20:12:53.576016433 CUDACachingAllocator.cpp:508] expandable_segments: memory mapping failed with OOM on device 0 while trying to map 20971520 bytes (free: 5832704, total: 101975851008).
[W831 20:12:53.593877120 CUDACachingAllocator.cpp:508] expandable_segments: memory mapping failed with OOM on device 0 while trying to map 20971520 bytes (free: 5832704, total: 101975851008).
[W831 20:12:53.615972392 CUDACachingAllocator.cpp:508] expandable_segments: memory mapping failed with OOM on device 0 while trying to map 20971520 bytes (free: 5832704, total: 101975851008).
[W831 20:12:53.634771520 CUDACachingAllocator.cpp:508] expandable_segments: memory mapping failed with OOM on device 0 while trying to map 20971520 bytes (free: 5832704, total: 101975851008).
[W831 20:12:53.656131639 CUDACachingAllocator.cpp:508] expandable_segments: memory mapping failed with OOM on device 0 while trying to map 20971520 bytes (free: 5832704, total: 101975851008).
[W831 20:12:53.703187762 CUDACachingAllocator.cpp:508] expandable_segments: memory mapping failed with OOM on device 0 while trying to map 20971520 bytes (free: 5832704, total: 101975851008).
[W831 20:12:53.751606300 CUDACachingAllocator.cpp:508] expandable_segments: memory mapping failed with OOM on device 0 while trying to map 20971520 bytes (free: 5832704, total: 101975851008).
[W831 20:12:53.772539815 CUDACachingAllocator.cpp:508] expandable_segments: memory mapping failed with OOM on device 0 while trying to map 20971520 bytes (free: 5832704, total: 101975851008).
[W831 20:12:53.832097753 CUDACachingAllocator.cpp:508] expandable_segments: memory mapping failed with OOM on device 0 while trying to map 20971520 bytes (free: 5832704, total: 101975851008).
[W831 20:12:53.848523056 CUDACachingAllocator.cpp:508] expandable_segments: memory mapping failed with OOM on device 0 while trying to map 20971520 bytes (free: 5832704, total: 101975851008).
[W831 20:12:53.866380723 CUDACachingAllocator.cpp:508] expandable_segments: memory mapping failed with OOM on device 0 while trying to map 20971520 bytes (free: 5832704, total: 101975851008).
[W831 20:12:53.888730263 CUDACachingAllocator.cpp:508] expandable_segments: memory mapping failed with OOM on device 0 while trying to map 20971520 bytes (free: 5832704, total: 101975851008).
[W831 20:12:53.905291214 CUDACachingAllocator.cpp:508] expandable_segments: memory mapping failed with OOM on device 0 while trying to map 20971520 bytes (free: 5832704, total: 101975851008).
[W831 20:12:53.922948914 CUDACachingAllocator.cpp:508] expandable_segments: memory mapping failed with OOM on device 0 while trying to map 20971520 bytes (free: 5832704, total: 101975851008).
[W831 20:12:53.940024710 CUDACachingAllocator.cpp:508] expandable_segments: memory mapping failed with OOM on device 0 while trying to map 20971520 bytes (free: 5832704, total: 101975851008).
[W831 20:12:53.971370342 CUDACachingAllocator.cpp:508] expandable_segments: memory mapping failed with OOM on device 0 while trying to map 20971520 bytes (free: 5832704, total: 101975851008).
[W831 20:12:53.988891233 CUDACachingAllocator.cpp:508] expandable_segments: memory mapping failed with OOM on device 0 while trying to map 20971520 bytes (free: 5832704, total: 101975851008).
[W831 20:12:53.029935541 CUDACachingAllocator.cpp:508] expandable_segments: memory mapping failed with OOM on device 0 while trying to map 20971520 bytes (free: 5832704, total: 101975851008).
[W831 20:12:53.048493271 CUDACachingAllocator.cpp:508] expandable_segments: memory mapping failed with OOM on device 0 while trying to map 20971520 bytes (free: 5832704, total: 101975851008).
[W831 20:12:53.077755915 CUDACachingAllocator.cpp:508] expandable_segments: memory mapping failed with OOM on device 0 while trying to map 20971520 bytes (free: 5832704, total: 101975851008).
[W831 20:12:53.097486913 CUDACachingAllocator.cpp:508] expandable_segments: memory mapping failed with OOM on device 0 while trying to map 20971520 bytes (free: 5832704, total: 101975851008).
[W831 20:12:54.136141976 CUDACachingAllocator.cpp:508] expandable_segments: memory mapping failed with OOM on device 0 while trying to map 20971520 bytes (free: 5832704, total: 101975851008).
[W831 20:12:54.183450036 CUDACachingAllocator.cpp:508] expandable_segments: memory mapping failed with OOM on device 0 while trying to map 20971520 bytes (free: 5832704, total: 101975851008).
[W831 20:12:54.200230636 CUDACachingAllocator.cpp:508] expandable_segments: memory mapping failed with OOM on device 0 while trying to map 20971520 bytes (free: 5832704, total: 101975851008).
[W831 20:12:54.217371241 CUDACachingAllocator.cpp:508] expandable_segments: memory mapping failed with OOM on device 0 while trying to map 20971520 bytes (free: 5832704, total: 101975851008).
[W831 20:12:54.234485567 CUDACachingAllocator.cpp:508] expandable_segments: memory mapping failed with OOM on device 0 while trying to map 20971520 bytes (free: 5832704, total: 101975851008).
[W831 20:12:54.253503702 CUDACachingAllocator.cpp:508] expandable_segments: memory mapping failed with OOM on device 0 while trying to map 20971520 bytes (free: 5832704, total: 101975851008).
[W831 20:12:54.288531314 CUDACachingAllocator.cpp:508] expandable_segments: memory mapping failed with OOM on device 0 while trying to map 20971520 bytes (free: 5832704, total: 101975851008).
[W831 20:12:54.305632440 CUDACachingAllocator.cpp:508] expandable_segments: memory mapping failed with OOM on device 0 while trying to map 20971520 bytes (free: 5832704, total: 101975851008).
[W831 20:12:54.322598697 CUDACachingAllocator.cpp:508] expandable_segments: memory mapping failed with OOM on device 0 while trying to map 20971520 bytes (free: 5832704, total: 101975851008).
[W831 20:12:54.339654623 CUDACachingAllocator.cpp:508] expandable_segments: memory mapping failed with OOM on device 0 while trying to map 20971520 bytes (free: 5832704, total: 101975851008).
[W831 20:12:54.356586311 CUDACachingAllocator.cpp:508] expandable_segments: memory mapping failed with OOM on device 0 while trying to map 20971520 bytes (free: 5832704, total: 101975851008).
[W831 20:12:54.375399228 CUDACachingAllocator.cpp:508] expandable_segments: memory mapping failed with OOM on device 0 while trying to map 20971520 bytes (free: 5832704, total: 101975851008).
[W831 20:12:54.399143673 CUDACachingAllocator.cpp:508] expandable_segments: memory mapping failed with OOM on device 0 while trying to map 20971520 bytes (free: 5832704, total: 101975851008).
[W831 20:12:54.416321127 CUDACachingAllocator.cpp:508] expandable_segments: memory mapping failed with OOM on device 0 while trying to map 20971520 bytes (free: 5832704, total: 101975851008).
[W831 20:12:54.433308325 CUDACachingAllocator.cpp:508] expandable_segments: memory mapping failed with OOM on device 0 while trying to map 20971520 bytes (free: 5832704, total: 101975851008).
[W831 20:12:54.453535816 CUDACachingAllocator.cpp:508] expandable_segments: memory mapping failed with OOM on device 0 while trying to map 20971520 bytes (free: 5832704, total: 101975851008).
[W831 20:12:54.494777432 CUDACachingAllocator.cpp:508] expandable_segments: memory mapping failed with OOM on device 0 while trying to map 20971520 bytes (free: 5832704, total: 101975851008).
[W831 20:12:54.511868348 CUDACachingAllocator.cpp:508] expandable_segments: memory mapping failed with OOM on device 0 while trying to map 20971520 bytes (free: 5832704, total: 101975851008).
[W831 20:12:54.528876355 CUDACachingAllocator.cpp:508] expandable_segments: memory mapping failed with OOM on device 0 while trying to map 20971520 bytes (free: 5832704, total: 101975851008).
[W831 20:12:54.547866840 CUDACachingAllocator.cpp:508] expandable_segments: memory mapping failed with OOM on device 0 while trying to map 20971520 bytes (free: 5832704, total: 101975851008).
[W831 20:12:54.578971465 CUDACachingAllocator.cpp:508] expandable_segments: memory mapping failed with OOM on device 0 while trying to map 20971520 bytes (free: 5832704, total: 101975851008).
[W831 20:12:54.648781293 CUDACachingAllocator.cpp:508] expandable_segments: memory mapping failed with OOM on device 0 while trying to map 20971520 bytes (free: 5832704, total: 101975851008).
[W831 20:12:54.665768220 CUDACachingAllocator.cpp:508] expandable_segments: memory mapping failed with OOM on device 0 while trying to map 20971520 bytes (free: 5832704, total: 101975851008).
[W831 20:12:54.682849196 CUDACachingAllocator.cpp:508] expandable_segments: memory mapping failed with OOM on device 0 while trying to map 20971520 bytes (free: 5832704, total: 101975851008).
[W831 20:12:54.699761864 CUDACachingAllocator.cpp:508] expandable_segments: memory mapping failed with OOM on device 0 while trying to map 20971520 bytes (free: 5832704, total: 101975851008).
[W831 20:12:54.716783900 CUDACachingAllocator.cpp:508] expandable_segments: memory mapping failed with OOM on device 0 while trying to map 20971520 bytes (free: 5832704, total: 101975851008).
[W831 20:12:54.733858506 CUDACachingAllocator.cpp:508] expandable_segments: memory mapping failed with OOM on device 0 while trying to map 20971520 bytes (free: 5832704, total: 101975851008).
[W831 20:12:54.750748264 CUDACachingAllocator.cpp:508] expandable_segments: memory mapping failed with OOM on device 0 while trying to map 20971520 bytes (free: 5832704, total: 101975851008).
[W831 20:12:54.767779141 CUDACachingAllocator.cpp:508] expandable_segments: memory mapping failed with OOM on device 0 while trying to map 20971520 bytes (free: 5832704, total: 101975851008).
[W831 20:12:54.787950994 CUDACachingAllocator.cpp:508] expandable_segments: memory mapping failed with OOM on device 0 while trying to map 20971520 bytes (free: 5832704, total: 101975851008).
[W831 20:12:54.856521295 CUDACachingAllocator.cpp:508] expandable_segments: memory mapping failed with OOM on device 0 while trying to map 20971520 bytes (free: 5832704, total: 101975851008).
[W831 20:12:54.875820857 CUDACachingAllocator.cpp:508] expandable_segments: memory mapping failed with OOM on device 0 while trying to map 20971520 bytes (free: 5832704, total: 101975851008).
[W831 20:12:54.936817240 CUDACachingAllocator.cpp:508] expandable_segments: memory mapping failed with OOM on device 0 while trying to map 20971520 bytes (free: 5832704, total: 101975851008).
[W831 20:12:54.964604630 CUDACachingAllocator.cpp:508] expandable_segments: memory mapping failed with OOM on device 0 while trying to map 20971520 bytes (free: 5832704, total: 101975851008).
[W831 20:12:54.983732764 CUDACachingAllocator.cpp:508] expandable_segments: memory mapping failed with OOM on device 0 while trying to map 20971520 bytes (free: 5832704, total: 101975851008).
[W831 20:12:54.028336424 CUDACachingAllocator.cpp:508] expandable_segments: memory mapping failed with OOM on device 0 while trying to map 20971520 bytes (free: 5832704, total: 101975851008).
[W831 20:12:54.050230708 CUDACachingAllocator.cpp:508] expandable_segments: memory mapping failed with OOM on device 0 while trying to map 20971520 bytes (free: 5832704, total: 101975851008).
[W831 20:12:54.066682080 CUDACachingAllocator.cpp:508] expandable_segments: memory mapping failed with OOM on device 0 while trying to map 20971520 bytes (free: 5832704, total: 101975851008).
[W831 20:12:54.084894944 CUDACachingAllocator.cpp:508] expandable_segments: memory mapping failed with OOM on device 0 while trying to map 20971520 bytes (free: 5832704, total: 101975851008).
[W831 20:12:55.103961149 CUDACachingAllocator.cpp:508] expandable_segments: memory mapping failed with OOM on device 0 while trying to map 20971520 bytes (free: 5832704, total: 101975851008).
[W831 20:12:55.133139144 CUDACachingAllocator.cpp:508] expandable_segments: memory mapping failed with OOM on device 0 while trying to map 20971520 bytes (free: 5832704, total: 101975851008).
[W831 20:12:55.167196928 CUDACachingAllocator.cpp:508] expandable_segments: memory mapping failed with OOM on device 0 while trying to map 20971520 bytes (free: 5832704, total: 101975851008).
[W831 20:12:55.189379829 CUDACachingAllocator.cpp:508] expandable_segments: memory mapping failed with OOM on device 0 while trying to map 20971520 bytes (free: 5832704, total: 101975851008).
[W831 20:12:55.208183426 CUDACachingAllocator.cpp:508] expandable_segments: memory mapping failed with OOM on device 0 while trying to map 20971520 bytes (free: 5832704, total: 101975851008).
[W831 20:12:55.246211207 CUDACachingAllocator.cpp:508] expandable_segments: memory mapping failed with OOM on device 0 while trying to map 20971520 bytes (free: 5832704, total: 101975851008).
[W831 20:12:55.262605620 CUDACachingAllocator.cpp:508] expandable_segments: memory mapping failed with OOM on device 0 while trying to map 20971520 bytes (free: 5832704, total: 101975851008).
[W831 20:12:55.279270341 CUDACachingAllocator.cpp:508] expandable_segments: memory mapping failed with OOM on device 0 while trying to map 20971520 bytes (free: 5832704, total: 101975851008).
[W831 20:12:55.295991300 CUDACachingAllocator.cpp:508] expandable_segments: memory mapping failed with OOM on device 0 while trying to map 20971520 bytes (free: 5832704, total: 101975851008).
[W831 20:12:55.312820609 CUDACachingAllocator.cpp:508] expandable_segments: memory mapping failed with OOM on device 0 while trying to map 20971520 bytes (free: 5832704, total: 101975851008).
[W831 20:12:55.334081080 CUDACachingAllocator.cpp:508] expandable_segments: memory mapping failed with OOM on device 0 while trying to map 20971520 bytes (free: 5832704, total: 101975851008).
[W831 20:12:55.403842699 CUDACachingAllocator.cpp:508] expandable_segments: memory mapping failed with OOM on device 0 while trying to map 20971520 bytes (free: 5832704, total: 101975851008).
[W831 20:12:55.421739296 CUDACachingAllocator.cpp:508] expandable_segments: memory mapping failed with OOM on device 0 while trying to map 20971520 bytes (free: 5832704, total: 101975851008).
[W831 20:12:55.443773619 CUDACachingAllocator.cpp:508] expandable_segments: memory mapping failed with OOM on device 0 while trying to map 20971520 bytes (free: 5832704, total: 101975851008).
[W831 20:12:55.460347330 CUDACachingAllocator.cpp:508] expandable_segments: memory mapping failed with OOM on device 0 while trying to map 20971520 bytes (free: 5832704, total: 101975851008).
[W831 20:12:55.508139155 CUDACachingAllocator.cpp:508] expandable_segments: memory mapping failed with OOM on device 0 while trying to map 20971520 bytes (free: 5832704, total: 101975851008).
[W831 20:12:55.524126013 CUDACachingAllocator.cpp:508] expandable_segments: memory mapping failed with OOM on device 0 while trying to map 20971520 bytes (free: 5832704, total: 101975851008).
[W831 20:12:55.540567436 CUDACachingAllocator.cpp:508] expandable_segments: memory mapping failed with OOM on device 0 while trying to map 20971520 bytes (free: 5832704, total: 101975851008).
[W831 20:12:55.560874047 CUDACachingAllocator.cpp:508] expandable_segments: memory mapping failed with OOM on device 0 while trying to map 20971520 bytes (free: 5832704, total: 101975851008).
[W831 20:12:55.621686972 CUDACachingAllocator.cpp:508] expandable_segments: memory mapping failed with OOM on device 0 while trying to map 20971520 bytes (free: 5832704, total: 101975851008).
[W831 20:12:55.640131114 CUDACachingAllocator.cpp:508] expandable_segments: memory mapping failed with OOM on device 0 while trying to map 20971520 bytes (free: 5832704, total: 101975851008).
[W831 20:12:55.673819951 CUDACachingAllocator.cpp:508] expandable_segments: memory mapping failed with OOM on device 0 while trying to map 20971520 bytes (free: 5832704, total: 101975851008).
[W831 20:12:55.695136121 CUDACachingAllocator.cpp:508] expandable_segments: memory mapping failed with OOM on device 0 while trying to map 20971520 bytes (free: 5832704, total: 101975851008).
[W831 20:12:55.756678838 CUDACachingAllocator.cpp:508] expandable_segments: memory mapping failed with OOM on device 0 while trying to map 20971520 bytes (free: 5832704, total: 101975851008).
[W831 20:12:55.773041622 CUDACachingAllocator.cpp:508] expandable_segments: memory mapping failed with OOM on device 0 while trying to map 20971520 bytes (free: 5832704, total: 101975851008).
[W831 20:12:55.789753312 CUDACachingAllocator.cpp:508] expandable_segments: memory mapping failed with OOM on device 0 while trying to map 20971520 bytes (free: 5832704, total: 101975851008).
[W831 20:12:55.806550751 CUDACachingAllocator.cpp:508] expandable_segments: memory mapping failed with OOM on device 0 while trying to map 20971520 bytes (free: 5832704, total: 101975851008).
[W831 20:12:55.826110781 CUDACachingAllocator.cpp:508] expandable_segments: memory mapping failed with OOM on device 0 while trying to map 20971520 bytes (free: 5832704, total: 101975851008).
[W831 20:12:55.859791208 CUDACachingAllocator.cpp:508] expandable_segments: memory mapping failed with OOM on device 0 while trying to map 20971520 bytes (free: 5832704, total: 101975851008).
[W831 20:12:55.881199757 CUDACachingAllocator.cpp:508] expandable_segments: memory mapping failed with OOM on device 0 while trying to map 20971520 bytes (free: 5832704, total: 101975851008).
[W831 20:12:55.950556960 CUDACachingAllocator.cpp:508] expandable_segments: memory mapping failed with OOM on device 0 while trying to map 20971520 bytes (free: 5832704, total: 101975851008).
[W831 20:12:55.978046614 CUDACachingAllocator.cpp:508] expandable_segments: memory mapping failed with OOM on device 0 while trying to map 20971520 bytes (free: 5832704, total: 101975851008).
[W831 20:12:55.994562376 CUDACachingAllocator.cpp:508] expandable_segments: memory mapping failed with OOM on device 0 while trying to map 20971520 bytes (free: 5832704, total: 101975851008).
[W831 20:12:55.011410555 CUDACachingAllocator.cpp:508] expandable_segments: memory mapping failed with OOM on device 0 while trying to map 20971520 bytes (free: 5832704, total: 101975851008).
[W831 20:12:55.029721798 CUDACachingAllocator.cpp:508] expandable_segments: memory mapping failed with OOM on device 0 while trying to map 20971520 bytes (free: 5832704, total: 101975851008).
[W831 20:12:55.057732906 CUDACachingAllocator.cpp:508] expandable_segments: memory mapping failed with OOM on device 0 while trying to map 20971520 bytes (free: 5832704, total: 101975851008).
[W831 20:12:55.074513275 CUDACachingAllocator.cpp:508] expandable_segments: memory mapping failed with OOM on device 0 while trying to map 20971520 bytes (free: 5832704, total: 101975851008).
[W831 20:12:55.091232895 CUDACachingAllocator.cpp:508] expandable_segments: memory mapping failed with OOM on device 0 while trying to map 20971520 bytes (free: 5832704, total: 101975851008).
[W831 20:12:56.345139681 CUDACachingAllocator.cpp:508] expandable_segments: memory mapping failed with OOM on device 0 while trying to map 20971520 bytes (free: 5832704, total: 101975851008).
[W831 20:12:56.361902021 CUDACachingAllocator.cpp:508] expandable_segments: memory mapping failed with OOM on device 0 while trying to map 20971520 bytes (free: 5832704, total: 101975851008).
[W831 20:12:56.378758579 CUDACachingAllocator.cpp:508] expandable_segments: memory mapping failed with OOM on device 0 while trying to map 20971520 bytes (free: 5832704, total: 101975851008).
[W831 20:12:56.395545098 CUDACachingAllocator.cpp:508] expandable_segments: memory mapping failed with OOM on device 0 while trying to map 20971520 bytes (free: 5832704, total: 101975851008).
[W831 20:12:56.413525615 CUDACachingAllocator.cpp:508] expandable_segments: memory mapping failed with OOM on device 0 while trying to map 20971520 bytes (free: 5832704, total: 101975851008).
[W831 20:12:56.450795133 CUDACachingAllocator.cpp:508] expandable_segments: memory mapping failed with OOM on device 0 while trying to map 20971520 bytes (free: 5832704, total: 101975851008).
[W831 20:12:56.466137968 CUDACachingAllocator.cpp:508] expandable_segments: memory mapping failed with OOM on device 0 while trying to map 20971520 bytes (free: 5832704, total: 101975851008).
[W831 20:12:56.498911225 CUDACachingAllocator.cpp:508] expandable_segments: memory mapping failed with OOM on device 0 while trying to map 20971520 bytes (free: 5832704, total: 101975851008).
[W831 20:12:56.515599236 CUDACachingAllocator.cpp:508] expandable_segments: memory mapping failed with OOM on device 0 while trying to map 20971520 bytes (free: 5832704, total: 101975851008).
[W831 20:12:56.534572351 CUDACachingAllocator.cpp:508] expandable_segments: memory mapping failed with OOM on device 0 while trying to map 20971520 bytes (free: 5832704, total: 101975851008).
[W831 20:12:56.575182534 CUDACachingAllocator.cpp:508] expandable_segments: memory mapping failed with OOM on device 0 while trying to map 20971520 bytes (free: 5832704, total: 101975851008).
[W831 20:12:56.608315347 CUDACachingAllocator.cpp:508] expandable_segments: memory mapping failed with OOM on device 0 while trying to map 20971520 bytes (free: 5832704, total: 101975851008).
[W831 20:12:56.624909059 CUDACachingAllocator.cpp:508] expandable_segments: memory mapping failed with OOM on device 0 while trying to map 20971520 bytes (free: 5832704, total: 101975851008).
[W831 20:12:56.642083454 CUDACachingAllocator.cpp:508] expandable_segments: memory mapping failed with OOM on device 0 while trying to map 20971520 bytes (free: 5832704, total: 101975851008).
[W831 20:12:56.663874159 CUDACachingAllocator.cpp:508] expandable_segments: memory mapping failed with OOM on device 0 while trying to map 20971520 bytes (free: 5832704, total: 101975851008).
[W831 20:12:56.683487858 CUDACachingAllocator.cpp:508] expandable_segments: memory mapping failed with OOM on device 0 while trying to map 20971520 bytes (free: 5832704, total: 101975851008).
[W831 20:12:56.724796743 CUDACachingAllocator.cpp:508] expandable_segments: memory mapping failed with OOM on device 0 while trying to map 20971520 bytes (free: 5832704, total: 101975851008).
[W831 20:12:56.768547412 CUDACachingAllocator.cpp:508] expandable_segments: memory mapping failed with OOM on device 0 while trying to map 20971520 bytes (free: 5832704, total: 101975851008).
[W831 20:12:56.786498249 CUDACachingAllocator.cpp:508] expandable_segments: memory mapping failed with OOM on device 0 while trying to map 20971520 bytes (free: 5832704, total: 101975851008).
[W831 20:12:56.814045832 CUDACachingAllocator.cpp:508] expandable_segments: memory mapping failed with OOM on device 0 while trying to map 20971520 bytes (free: 5832704, total: 101975851008).
[W831 20:12:56.830636504 CUDACachingAllocator.cpp:508] expandable_segments: memory mapping failed with OOM on device 0 while trying to map 20971520 bytes (free: 5832704, total: 101975851008).
[W831 20:12:56.850787107 CUDACachingAllocator.cpp:508] expandable_segments: memory mapping failed with OOM on device 0 while trying to map 20971520 bytes (free: 5832704, total: 101975851008).
[W831 20:12:56.910238726 CUDACachingAllocator.cpp:508] expandable_segments: memory mapping failed with OOM on device 0 while trying to map 20971520 bytes (free: 5832704, total: 101975851008).
[W831 20:12:56.926796178 CUDACachingAllocator.cpp:508] expandable_segments: memory mapping failed with OOM on device 0 while trying to map 20971520 bytes (free: 5832704, total: 101975851008).
[W831 20:12:56.943244531 CUDACachingAllocator.cpp:508] expandable_segments: memory mapping failed with OOM on device 0 while trying to map 20971520 bytes (free: 5832704, total: 101975851008).
[W831 20:12:56.960199458 CUDACachingAllocator.cpp:508] expandable_segments: memory mapping failed with OOM on device 0 while trying to map 20971520 bytes (free: 5832704, total: 101975851008).
[W831 20:12:56.978280994 CUDACachingAllocator.cpp:508] expandable_segments: memory mapping failed with OOM on device 0 while trying to map 20971520 bytes (free: 5832704, total: 101975851008).
[W831 20:12:56.000354236 CUDACachingAllocator.cpp:508] expandable_segments: memory mapping failed with OOM on device 0 while trying to map 20971520 bytes (free: 5832704, total: 101975851008).
[W831 20:12:56.017066886 CUDACachingAllocator.cpp:508] expandable_segments: memory mapping failed with OOM on device 0 while trying to map 20971520 bytes (free: 5832704, total: 101975851008).
[W831 20:12:56.035437698 CUDACachingAllocator.cpp:508] expandable_segments: memory mapping failed with OOM on device 0 while trying to map 20971520 bytes (free: 5832704, total: 101975851008).
[W831 20:12:56.069944957 CUDACachingAllocator.cpp:508] expandable_segments: memory mapping failed with OOM on device 0 while trying to map 20971520 bytes (free: 5832704, total: 101975851008).
[W831 20:12:57.122729139 CUDACachingAllocator.cpp:508] expandable_segments: memory mapping failed with OOM on device 0 while trying to map 20971520 bytes (free: 5832704, total: 101975851008).
[W831 20:12:57.137694367 CUDACachingAllocator.cpp:508] expandable_segments: memory mapping failed with OOM on device 0 while trying to map 20971520 bytes (free: 5832704, total: 101975851008).
[W831 20:12:57.156363076 CUDACachingAllocator.cpp:508] expandable_segments: memory mapping failed with OOM on device 0 while trying to map 20971520 bytes (free: 5832704, total: 101975851008).
[W831 20:12:57.185311625 CUDACachingAllocator.cpp:508] expandable_segments: memory mapping failed with OOM on device 0 while trying to map 20971520 bytes (free: 5832704, total: 101975851008).
[W831 20:12:57.205463868 CUDACachingAllocator.cpp:508] expandable_segments: memory mapping failed with OOM on device 0 while trying to map 20971520 bytes (free: 5832704, total: 101975851008).
[W831 20:12:57.264575192 CUDACachingAllocator.cpp:508] expandable_segments: memory mapping failed with OOM on device 0 while trying to map 20971520 bytes (free: 5832704, total: 101975851008).
[W831 20:12:57.281667968 CUDACachingAllocator.cpp:508] expandable_segments: memory mapping failed with OOM on device 0 while trying to map 20971520 bytes (free: 5832704, total: 101975851008).
[W831 20:12:57.300770822 CUDACachingAllocator.cpp:508] expandable_segments: memory mapping failed with OOM on device 0 while trying to map 20971520 bytes (free: 5832704, total: 101975851008).
[W831 20:12:57.342313215 CUDACachingAllocator.cpp:508] expandable_segments: memory mapping failed with OOM on device 0 while trying to map 20971520 bytes (free: 5832704, total: 101975851008).
[W831 20:12:57.366597984 CUDACachingAllocator.cpp:508] expandable_segments: memory mapping failed with OOM on device 0 while trying to map 20971520 bytes (free: 5832704, total: 101975851008).
[W831 20:12:57.390054761 CUDACachingAllocator.cpp:508] expandable_segments: memory mapping failed with OOM on device 0 while trying to map 20971520 bytes (free: 5832704, total: 101975851008).
[W831 20:12:57.408385544 CUDACachingAllocator.cpp:508] expandable_segments: memory mapping failed with OOM on device 0 while trying to map 20971520 bytes (free: 5832704, total: 101975851008).
[W831 20:12:57.431519685 CUDACachingAllocator.cpp:508] expandable_segments: memory mapping failed with OOM on device 0 while trying to map 20971520 bytes (free: 5832704, total: 101975851008).
[W831 20:12:57.450926816 CUDACachingAllocator.cpp:508] expandable_segments: memory mapping failed with OOM on device 0 while trying to map 20971520 bytes (free: 5832704, total: 101975851008).
[W831 20:12:57.483486225 CUDACachingAllocator.cpp:508] expandable_segments: memory mapping failed with OOM on device 0 while trying to map 20971520 bytes (free: 5832704, total: 101975851008).
[W831 20:12:57.542339312 CUDACachingAllocator.cpp:508] expandable_segments: memory mapping failed with OOM on device 0 while trying to map 20971520 bytes (free: 5832704, total: 101975851008).
[W831 20:12:57.559328929 CUDACachingAllocator.cpp:508] expandable_segments: memory mapping failed with OOM on device 0 while trying to map 20971520 bytes (free: 5832704, total: 101975851008).
[W831 20:12:57.576323066 CUDACachingAllocator.cpp:508] expandable_segments: memory mapping failed with OOM on device 0 while trying to map 20971520 bytes (free: 5832704, total: 101975851008).
[W831 20:12:57.593394272 CUDACachingAllocator.cpp:508] expandable_segments: memory mapping failed with OOM on device 0 while trying to map 20971520 bytes (free: 5832704, total: 101975851008).
[W831 20:12:57.611878513 CUDACachingAllocator.cpp:508] expandable_segments: memory mapping failed with OOM on device 0 while trying to map 20971520 bytes (free: 5832704, total: 101975851008).
[W831 20:12:57.638307429 CUDACachingAllocator.cpp:508] expandable_segments: memory mapping failed with OOM on device 0 while trying to map 20971520 bytes (free: 5832704, total: 101975851008).
[W831 20:12:57.704572225 CUDACachingAllocator.cpp:508] expandable_segments: memory mapping failed with OOM on device 0 while trying to map 20971520 bytes (free: 5832704, total: 101975851008).
[W831 20:12:57.727769866 CUDACachingAllocator.cpp:508] expandable_segments: memory mapping failed with OOM on device 0 while trying to map 20971520 bytes (free: 5832704, total: 101975851008).
[W831 20:12:57.744889452 CUDACachingAllocator.cpp:508] expandable_segments: memory mapping failed with OOM on device 0 while trying to map 20971520 bytes (free: 5832704, total: 101975851008).
[W831 20:12:57.763610470 CUDACachingAllocator.cpp:508] expandable_segments: memory mapping failed with OOM on device 0 while trying to map 20971520 bytes (free: 5832704, total: 101975851008).
[W831 20:12:57.792730757 CUDACachingAllocator.cpp:508] expandable_segments: memory mapping failed with OOM on device 0 while trying to map 20971520 bytes (free: 5832704, total: 101975851008).
[W831 20:12:57.810429336 CUDACachingAllocator.cpp:508] expandable_segments: memory mapping failed with OOM on device 0 while trying to map 20971520 bytes (free: 5832704, total: 101975851008).
[W831 20:12:57.842283293 CUDACachingAllocator.cpp:508] expandable_segments: memory mapping failed with OOM on device 0 while trying to map 20971520 bytes (free: 5832704, total: 101975851008).
[W831 20:12:57.865776660 CUDACachingAllocator.cpp:508] expandable_segments: memory mapping failed with OOM on device 0 while trying to map 20971520 bytes (free: 5832704, total: 101975851008).
[W831 20:12:57.882427191 CUDACachingAllocator.cpp:508] expandable_segments: memory mapping failed with OOM on device 0 while trying to map 20971520 bytes (free: 5832704, total: 101975851008).
[W831 20:12:57.898811535 CUDACachingAllocator.cpp:508] expandable_segments: memory mapping failed with OOM on device 0 while trying to map 20971520 bytes (free: 5832704, total: 101975851008).
[W831 20:12:57.915046810 CUDACachingAllocator.cpp:508] expandable_segments: memory mapping failed with OOM on device 0 while trying to map 20971520 bytes (free: 5832704, total: 101975851008).
[W831 20:12:57.931713651 CUDACachingAllocator.cpp:508] expandable_segments: memory mapping failed with OOM on device 0 while trying to map 20971520 bytes (free: 5832704, total: 101975851008).
[W831 20:12:57.949626678 CUDACachingAllocator.cpp:508] expandable_segments: memory mapping failed with OOM on device 0 while trying to map 20971520 bytes (free: 5832704, total: 101975851008).
[W831 20:12:57.971508382 CUDACachingAllocator.cpp:508] expandable_segments: memory mapping failed with OOM on device 0 while trying to map 20971520 bytes (free: 5832704, total: 101975851008).
[W831 20:12:57.988055714 CUDACachingAllocator.cpp:508] expandable_segments: memory mapping failed with OOM on device 0 while trying to map 20971520 bytes (free: 5832704, total: 101975851008).
[W831 20:12:57.004568196 CUDACachingAllocator.cpp:508] expandable_segments: memory mapping failed with OOM on device 0 while trying to map 20971520 bytes (free: 5832704, total: 101975851008).
[W831 20:12:57.021479344 CUDACachingAllocator.cpp:508] expandable_segments: memory mapping failed with OOM on device 0 while trying to map 20971520 bytes (free: 5832704, total: 101975851008).
[W831 20:12:57.038235244 CUDACachingAllocator.cpp:508] expandable_segments: memory mapping failed with OOM on device 0 while trying to map 20971520 bytes (free: 5832704, total: 101975851008).
[W831 20:12:57.055299720 CUDACachingAllocator.cpp:508] expandable_segments: memory mapping failed with OOM on device 0 while trying to map 20971520 bytes (free: 5832704, total: 101975851008).
[W831 20:12:57.071933821 CUDACachingAllocator.cpp:508] expandable_segments: memory mapping failed with OOM on device 0 while trying to map 20971520 bytes (free: 5832704, total: 101975851008).
[W831 20:12:57.088713141 CUDACachingAllocator.cpp:508] expandable_segments: memory mapping failed with OOM on device 0 while trying to map 20971520 bytes (free: 5832704, total: 101975851008).
[W831 20:12:58.106545809 CUDACachingAllocator.cpp:508] expandable_segments: memory mapping failed with OOM on device 0 while trying to map 20971520 bytes (free: 5832704, total: 101975851008).
[W831 20:12:58.128480103 CUDACachingAllocator.cpp:508] expandable_segments: memory mapping failed with OOM on device 0 while trying to map 20971520 bytes (free: 5832704, total: 101975851008).
[W831 20:12:58.145624888 CUDACachingAllocator.cpp:508] expandable_segments: memory mapping failed with OOM on device 0 while trying to map 20971520 bytes (free: 5832704, total: 101975851008).
[W831 20:12:58.165142868 CUDACachingAllocator.cpp:508] expandable_segments: memory mapping failed with OOM on device 0 while trying to map 20971520 bytes (free: 5832704, total: 101975851008).
[W831 20:12:58.208409663 CUDACachingAllocator.cpp:508] expandable_segments: memory mapping failed with OOM on device 0 while trying to map 20971520 bytes (free: 5832704, total: 101975851008).
[W831 20:12:58.227865023 CUDACachingAllocator.cpp:508] expandable_segments: memory mapping failed with OOM on device 0 while trying to map 20971520 bytes (free: 5832704, total: 101975851008).
[W831 20:12:58.277889355 CUDACachingAllocator.cpp:508] expandable_segments: memory mapping failed with OOM on device 0 while trying to map 20971520 bytes (free: 5832704, total: 101975851008).
[W831 20:12:58.299950477 CUDACachingAllocator.cpp:508] expandable_segments: memory mapping failed with OOM on device 0 while trying to map 20971520 bytes (free: 5832704, total: 101975851008).
[W831 20:12:58.317855045 CUDACachingAllocator.cpp:508] expandable_segments: memory mapping failed with OOM on device 0 while trying to map 20971520 bytes (free: 5832704, total: 101975851008).
[W831 20:12:58.339867928 CUDACachingAllocator.cpp:508] expandable_segments: memory mapping failed with OOM on device 0 while trying to map 20971520 bytes (free: 5832704, total: 101975851008).
[W831 20:12:58.356354831 CUDACachingAllocator.cpp:508] expandable_segments: memory mapping failed with OOM on device 0 while trying to map 20971520 bytes (free: 5832704, total: 101975851008).
[W831 20:12:58.372929492 CUDACachingAllocator.cpp:508] expandable_segments: memory mapping failed with OOM on device 0 while trying to map 20971520 bytes (free: 5832704, total: 101975851008).
[W831 20:12:58.389597053 CUDACachingAllocator.cpp:508] expandable_segments: memory mapping failed with OOM on device 0 while trying to map 20971520 bytes (free: 5832704, total: 101975851008).
[W831 20:12:58.407284253 CUDACachingAllocator.cpp:508] expandable_segments: memory mapping failed with OOM on device 0 while trying to map 20971520 bytes (free: 5832704, total: 101975851008).
[W831 20:12:58.429488344 CUDACachingAllocator.cpp:508] expandable_segments: memory mapping failed with OOM on device 0 while trying to map 20971520 bytes (free: 5832704, total: 101975851008).
[W831 20:12:58.446179894 CUDACachingAllocator.cpp:508] expandable_segments: memory mapping failed with OOM on device 0 while trying to map 20971520 bytes (free: 5832704, total: 101975851008).
[W831 20:12:58.462756686 CUDACachingAllocator.cpp:508] expandable_segments: memory mapping failed with OOM on device 0 while trying to map 20971520 bytes (free: 5832704, total: 101975851008).
[W831 20:12:58.479269628 CUDACachingAllocator.cpp:508] expandable_segments: memory mapping failed with OOM on device 0 while trying to map 20971520 bytes (free: 5832704, total: 101975851008).
[W831 20:12:58.495773660 CUDACachingAllocator.cpp:508] expandable_segments: memory mapping failed with OOM on device 0 while trying to map 20971520 bytes (free: 5832704, total: 101975851008).
[W831 20:12:58.514128613 CUDACachingAllocator.cpp:508] expandable_segments: memory mapping failed with OOM on device 0 while trying to map 20971520 bytes (free: 5832704, total: 101975851008).
[W831 20:12:58.542346119 CUDACachingAllocator.cpp:508] expandable_segments: memory mapping failed with OOM on device 0 while trying to map 20971520 bytes (free: 5832704, total: 101975851008).
[W831 20:12:58.559256337 CUDACachingAllocator.cpp:508] expandable_segments: memory mapping failed with OOM on device 0 while trying to map 20971520 bytes (free: 5832704, total: 101975851008).
[W831 20:12:58.575864378 CUDACachingAllocator.cpp:508] expandable_segments: memory mapping failed with OOM on device 0 while trying to map 20971520 bytes (free: 5832704, total: 101975851008).
[W831 20:12:58.594364219 CUDACachingAllocator.cpp:508] expandable_segments: memory mapping failed with OOM on device 0 while trying to map 20971520 bytes (free: 5832704, total: 101975851008).
[W831 20:12:58.626984498 CUDACachingAllocator.cpp:508] expandable_segments: memory mapping failed with OOM on device 0 while trying to map 20971520 bytes (free: 5832704, total: 101975851008).
[W831 20:12:58.643780238 CUDACachingAllocator.cpp:508] expandable_segments: memory mapping failed with OOM on device 0 while trying to map 20971520 bytes (free: 5832704, total: 101975851008).
[W831 20:12:58.686050123 CUDACachingAllocator.cpp:508] expandable_segments: memory mapping failed with OOM on device 0 while trying to map 20971520 bytes (free: 5832704, total: 101975851008).
[W831 20:12:58.700559257 CUDACachingAllocator.cpp:508] expandable_segments: memory mapping failed with OOM on device 0 while trying to map 20971520 bytes (free: 5832704, total: 101975851008).
[W831 20:12:58.717394676 CUDACachingAllocator.cpp:508] expandable_segments: memory mapping failed with OOM on device 0 while trying to map 20971520 bytes (free: 5832704, total: 101975851008).
[W831 20:12:58.736074675 CUDACachingAllocator.cpp:508] expandable_segments: memory mapping failed with OOM on device 0 while trying to map 20971520 bytes (free: 5832704, total: 101975851008).
[W831 20:12:58.772640681 CUDACachingAllocator.cpp:508] expandable_segments: memory mapping failed with OOM on device 0 while trying to map 20971520 bytes (free: 5832704, total: 101975851008).
[W831 20:12:58.827667689 CUDACachingAllocator.cpp:508] expandable_segments: memory mapping failed with OOM on device 0 while trying to map 20971520 bytes (free: 5832704, total: 101975851008).
[W831 20:12:58.844430399 CUDACachingAllocator.cpp:508] expandable_segments: memory mapping failed with OOM on device 0 while trying to map 20971520 bytes (free: 5832704, total: 101975851008).
[W831 20:12:58.860912411 CUDACachingAllocator.cpp:508] expandable_segments: memory mapping failed with OOM on device 0 while trying to map 20971520 bytes (free: 5832704, total: 101975851008).
[W831 20:12:58.877629431 CUDACachingAllocator.cpp:508] expandable_segments: memory mapping failed with OOM on device 0 while trying to map 20971520 bytes (free: 5832704, total: 101975851008).
[W831 20:12:58.894433261 CUDACachingAllocator.cpp:508] expandable_segments: memory mapping failed with OOM on device 0 while trying to map 20971520 bytes (free: 5832704, total: 101975851008).
[W831 20:12:58.912672114 CUDACachingAllocator.cpp:508] expandable_segments: memory mapping failed with OOM on device 0 while trying to map 20971520 bytes (free: 5832704, total: 101975851008).
[W831 20:12:58.940426366 CUDACachingAllocator.cpp:508] expandable_segments: memory mapping failed with OOM on device 0 while trying to map 20971520 bytes (free: 5832704, total: 101975851008).
[W831 20:12:58.956976258 CUDACachingAllocator.cpp:508] expandable_segments: memory mapping failed with OOM on device 0 while trying to map 20971520 bytes (free: 5832704, total: 101975851008).
[W831 20:12:58.973829026 CUDACachingAllocator.cpp:508] expandable_segments: memory mapping failed with OOM on device 0 while trying to map 20971520 bytes (free: 5832704, total: 101975851008).
[W831 20:12:58.990316799 CUDACachingAllocator.cpp:508] expandable_segments: memory mapping failed with OOM on device 0 while trying to map 20971520 bytes (free: 5832704, total: 101975851008).
[W831 20:12:58.007404935 CUDACachingAllocator.cpp:508] expandable_segments: memory mapping failed with OOM on device 0 while trying to map 20971520 bytes (free: 5832704, total: 101975851008).
[W831 20:12:58.097150589 CUDACachingAllocator.cpp:508] expandable_segments: memory mapping failed with OOM on device 0 while trying to map 20971520 bytes (free: 5832704, total: 101975851008).
[W831 20:12:59.117763447 CUDACachingAllocator.cpp:508] expandable_segments: memory mapping failed with OOM on device 0 while trying to map 20971520 bytes (free: 5832704, total: 101975851008).
[W831 20:12:59.138425535 CUDACachingAllocator.cpp:508] expandable_segments: memory mapping failed with OOM on device 0 while trying to map 20971520 bytes (free: 5832704, total: 101975851008).
[W831 20:12:59.155063146 CUDACachingAllocator.cpp:508] expandable_segments: memory mapping failed with OOM on device 0 while trying to map 20971520 bytes (free: 5832704, total: 101975851008).
[W831 20:12:59.173159121 CUDACachingAllocator.cpp:508] expandable_segments: memory mapping failed with OOM on device 0 while trying to map 20971520 bytes (free: 5832704, total: 101975851008).
[W831 20:12:59.201541426 CUDACachingAllocator.cpp:508] expandable_segments: memory mapping failed with OOM on device 0 while trying to map 20971520 bytes (free: 5832704, total: 101975851008).
[W831 20:12:59.218410555 CUDACachingAllocator.cpp:508] expandable_segments: memory mapping failed with OOM on device 0 while trying to map 20971520 bytes (free: 5832704, total: 101975851008).
[W831 20:12:59.237271562 CUDACachingAllocator.cpp:508] expandable_segments: memory mapping failed with OOM on device 0 while trying to map 20971520 bytes (free: 5832704, total: 101975851008).
[W831 20:12:59.260446572 CUDACachingAllocator.cpp:508] expandable_segments: memory mapping failed with OOM on device 0 while trying to map 20971520 bytes (free: 5832704, total: 101975851008).
[W831 20:12:59.277816556 CUDACachingAllocator.cpp:508] expandable_segments: memory mapping failed with OOM on device 0 while trying to map 20971520 bytes (free: 5832704, total: 101975851008).
[W831 20:12:59.295452076 CUDACachingAllocator.cpp:508] expandable_segments: memory mapping failed with OOM on device 0 while trying to map 20971520 bytes (free: 5832704, total: 101975851008).
[W831 20:12:59.314761798 CUDACachingAllocator.cpp:508] expandable_segments: memory mapping failed with OOM on device 0 while trying to map 20971520 bytes (free: 5832704, total: 101975851008).
[W831 20:12:59.350537313 CUDACachingAllocator.cpp:508] expandable_segments: memory mapping failed with OOM on device 0 while trying to map 20971520 bytes (free: 5832704, total: 101975851008).
[W831 20:12:59.379496402 CUDACachingAllocator.cpp:508] expandable_segments: memory mapping failed with OOM on device 0 while trying to map 20971520 bytes (free: 5832704, total: 101975851008).
[W831 20:12:59.397059743 CUDACachingAllocator.cpp:508] expandable_segments: memory mapping failed with OOM on device 0 while trying to map 20971520 bytes (free: 5832704, total: 101975851008).
[W831 20:12:59.416845710 CUDACachingAllocator.cpp:508] expandable_segments: memory mapping failed with OOM on device 0 while trying to map 20971520 bytes (free: 5832704, total: 101975851008).
[W831 20:12:59.456938259 CUDACachingAllocator.cpp:508] expandable_segments: memory mapping failed with OOM on device 0 while trying to map 20971520 bytes (free: 5832704, total: 101975851008).
[W831 20:12:59.487332362 CUDACachingAllocator.cpp:508] expandable_segments: memory mapping failed with OOM on device 0 while trying to map 20971520 bytes (free: 5832704, total: 101975851008).
[W831 20:12:59.536367584 CUDACachingAllocator.cpp:508] expandable_segments: memory mapping failed with OOM on device 0 while trying to map 20971520 bytes (free: 5832704, total: 101975851008).
[W831 20:12:59.553999345 CUDACachingAllocator.cpp:508] expandable_segments: memory mapping failed with OOM on device 0 while trying to map 20971520 bytes (free: 5832704, total: 101975851008).
[W831 20:12:59.623209370 CUDACachingAllocator.cpp:508] expandable_segments: memory mapping failed with OOM on device 0 while trying to map 20971520 bytes (free: 5832704, total: 101975851008).
[W831 20:12:59.642264255 CUDACachingAllocator.cpp:508] expandable_segments: memory mapping failed with OOM on device 0 while trying to map 20971520 bytes (free: 5832704, total: 101975851008).
[W831 20:12:59.666393096 CUDACachingAllocator.cpp:508] expandable_segments: memory mapping failed with OOM on device 0 while trying to map 20971520 bytes (free: 5832704, total: 101975851008).
[W831 20:12:59.690149250 CUDACachingAllocator.cpp:508] expandable_segments: memory mapping failed with OOM on device 0 while trying to map 20971520 bytes (free: 5832704, total: 101975851008).
[W831 20:12:59.720127178 CUDACachingAllocator.cpp:508] expandable_segments: memory mapping failed with OOM on device 0 while trying to map 20971520 bytes (free: 5832704, total: 101975851008).
[W831 20:12:59.744426226 CUDACachingAllocator.cpp:508] expandable_segments: memory mapping failed with OOM on device 0 while trying to map 20971520 bytes (free: 5832704, total: 101975851008).
[W831 20:12:59.772527854 CUDACachingAllocator.cpp:508] expandable_segments: memory mapping failed with OOM on device 0 while trying to map 20971520 bytes (free: 5832704, total: 101975851008).
[W831 20:12:59.791325672 CUDACachingAllocator.cpp:508] expandable_segments: memory mapping failed with OOM on device 0 while trying to map 20971520 bytes (free: 5832704, total: 101975851008).
[W831 20:12:59.816314183 CUDACachingAllocator.cpp:508] expandable_segments: memory mapping failed with OOM on device 0 while trying to map 20971520 bytes (free: 5832704, total: 101975851008).
[W831 20:12:59.850314517 CUDACachingAllocator.cpp:508] expandable_segments: memory mapping failed with OOM on device 0 while trying to map 20971520 bytes (free: 5832704, total: 101975851008).
[W831 20:12:59.868550141 CUDACachingAllocator.cpp:508] expandable_segments: memory mapping failed with OOM on device 0 while trying to map 20971520 bytes (free: 5832704, total: 101975851008).
[W831 20:12:59.891715982 CUDACachingAllocator.cpp:508] expandable_segments: memory mapping failed with OOM on device 0 while trying to map 20971520 bytes (free: 5832704, total: 101975851008).
[W831 20:12:59.908372443 CUDACachingAllocator.cpp:508] expandable_segments: memory mapping failed with OOM on device 0 while trying to map 20971520 bytes (free: 5832704, total: 101975851008).
[W831 20:12:59.924733057 CUDACachingAllocator.cpp:508] expandable_segments: memory mapping failed with OOM on device 0 while trying to map 20971520 bytes (free: 5832704, total: 101975851008).
[W831 20:12:59.941309038 CUDACachingAllocator.cpp:508] expandable_segments: memory mapping failed with OOM on device 0 while trying to map 20971520 bytes (free: 5832704, total: 101975851008).
[W831 20:12:59.958558563 CUDACachingAllocator.cpp:508] expandable_segments: memory mapping failed with OOM on device 0 while trying to map 20971520 bytes (free: 5832704, total: 101975851008).
[W831 20:12:59.977633697 CUDACachingAllocator.cpp:508] expandable_segments: memory mapping failed with OOM on device 0 while trying to map 20971520 bytes (free: 5832704, total: 101975851008).
[W831 20:12:59.000700799 CUDACachingAllocator.cpp:508] expandable_segments: memory mapping failed with OOM on device 0 while trying to map 20971520 bytes (free: 5832704, total: 101975851008).
[W831 20:12:59.016994854 CUDACachingAllocator.cpp:508] expandable_segments: memory mapping failed with OOM on device 0 while trying to map 20971520 bytes (free: 5832704, total: 101975851008).
[W831 20:12:59.034359767 CUDACachingAllocator.cpp:508] expandable_segments: memory mapping failed with OOM on device 0 while trying to map 20971520 bytes (free: 5832704, total: 101975851008).
[W831 20:12:59.051312205 CUDACachingAllocator.cpp:508] expandable_segments: memory mapping failed with OOM on device 0 while trying to map 20971520 bytes (free: 5832704, total: 101975851008).
[W831 20:12:59.068650728 CUDACachingAllocator.cpp:508] expandable_segments: memory mapping failed with OOM on device 0 while trying to map 20971520 bytes (free: 5832704, total: 101975851008).
[W831 20:12:59.085749004 CUDACachingAllocator.cpp:508] expandable_segments: memory mapping failed with OOM on device 0 while trying to map 20971520 bytes (free: 5832704, total: 101975851008).
[W831 20:13:00.104079207 CUDACachingAllocator.cpp:508] expandable_segments: memory mapping failed with OOM on device 0 while trying to map 20971520 bytes (free: 5832704, total: 101975851008).
[W831 20:13:00.132444182 CUDACachingAllocator.cpp:508] expandable_segments: memory mapping failed with OOM on device 0 while trying to map 20971520 bytes (free: 5832704, total: 101975851008).
[W831 20:13:00.150421479 CUDACachingAllocator.cpp:508] expandable_segments: memory mapping failed with OOM on device 0 while trying to map 20971520 bytes (free: 5832704, total: 101975851008).
[W831 20:13:00.169035359 CUDACachingAllocator.cpp:508] expandable_segments: memory mapping failed with OOM on device 0 while trying to map 20971520 bytes (free: 5832704, total: 101975851008).
[W831 20:13:00.202430380 CUDACachingAllocator.cpp:508] expandable_segments: memory mapping failed with OOM on device 0 while trying to map 20971520 bytes (free: 5832704, total: 101975851008).
[W831 20:13:00.219317168 CUDACachingAllocator.cpp:508] expandable_segments: memory mapping failed with OOM on device 0 while trying to map 20971520 bytes (free: 5832704, total: 101975851008).
[W831 20:13:00.237358664 CUDACachingAllocator.cpp:508] expandable_segments: memory mapping failed with OOM on device 0 while trying to map 20971520 bytes (free: 5832704, total: 101975851008).
[W831 20:13:00.255146793 CUDACachingAllocator.cpp:508] expandable_segments: memory mapping failed with OOM on device 0 while trying to map 20971520 bytes (free: 5832704, total: 101975851008).
[W831 20:13:00.272962191 CUDACachingAllocator.cpp:508] expandable_segments: memory mapping failed with OOM on device 0 while trying to map 20971520 bytes (free: 5832704, total: 101975851008).
[W831 20:13:00.289957638 CUDACachingAllocator.cpp:508] expandable_segments: memory mapping failed with OOM on device 0 while trying to map 20971520 bytes (free: 5832704, total: 101975851008).
[W831 20:13:00.306702038 CUDACachingAllocator.cpp:508] expandable_segments: memory mapping failed with OOM on device 0 while trying to map 20971520 bytes (free: 5832704, total: 101975851008).
[W831 20:13:00.323985412 CUDACachingAllocator.cpp:508] expandable_segments: memory mapping failed with OOM on device 0 while trying to map 20971520 bytes (free: 5832704, total: 101975851008).
[W831 20:13:00.341296806 CUDACachingAllocator.cpp:508] expandable_segments: memory mapping failed with OOM on device 0 while trying to map 20971520 bytes (free: 5832704, total: 101975851008).
[W831 20:13:00.359362722 CUDACachingAllocator.cpp:508] expandable_segments: memory mapping failed with OOM on device 0 while trying to map 20971520 bytes (free: 5832704, total: 101975851008).
[W831 20:13:00.386547550 CUDACachingAllocator.cpp:508] expandable_segments: memory mapping failed with OOM on device 0 while trying to map 20971520 bytes (free: 5832704, total: 101975851008).
[W831 20:13:00.404309209 CUDACachingAllocator.cpp:508] expandable_segments: memory mapping failed with OOM on device 0 while trying to map 20971520 bytes (free: 5832704, total: 101975851008).
[W831 20:13:00.429246640 CUDACachingAllocator.cpp:508] expandable_segments: memory mapping failed with OOM on device 0 while trying to map 20971520 bytes (free: 5832704, total: 101975851008).
[W831 20:13:00.445895151 CUDACachingAllocator.cpp:508] expandable_segments: memory mapping failed with OOM on device 0 while trying to map 20971520 bytes (free: 5832704, total: 101975851008).
  coder32B_inst    chat             40/164  [   40/164  24.4%  elapsed 5:18  ETA 16:26  8/min]
[W831 20:13:00.490332744 CUDACachingAllocator.cpp:508] expandable_segments: memory mapping failed with OOM on device 0 while trying to map 20971520 bytes (free: 5832704, total: 101975851008).
[W831 20:16:00.694724281 CUDACachingAllocator.cpp:508] expandable_segments: memory mapping failed with OOM on device 0 while trying to map 20971520 bytes (free: 5832704, total: 101975851008).
[W831 20:16:05.913292287 CUDACachingAllocator.cpp:508] expandable_segments: memory mapping failed with OOM on device 0 while trying to map 20971520 bytes (free: 7929856, total: 101975851008).
[W831 20:16:06.733904811 CUDACachingAllocator.cpp:508] expandable_segments: memory mapping failed with OOM on device 0 while trying to map 20971520 bytes (free: 7929856, total: 101975851008).
[W831 20:16:06.039923460 CUDACachingAllocator.cpp:508] expandable_segments: memory mapping failed with OOM on device 0 while trying to map 20971520 bytes (free: 7929856, total: 101975851008).
[W831 20:16:08.123127150 CUDACachingAllocator.cpp:508] expandable_segments: memory mapping failed with OOM on device 0 while trying to map 20971520 bytes (free: 7929856, total: 101975851008).
[W831 20:16:08.418827126 CUDACachingAllocator.cpp:508] expandable_segments: memory mapping failed with OOM on device 0 while trying to map 20971520 bytes (free: 7929856, total: 101975851008).
[W831 20:16:08.715214785 CUDACachingAllocator.cpp:508] expandable_segments: memory mapping failed with OOM on device 0 while trying to map 20971520 bytes (free: 7929856, total: 101975851008).
[W831 20:16:08.997370319 CUDACachingAllocator.cpp:508] expandable_segments: memory mapping failed with OOM on device 0 while trying to map 20971520 bytes (free: 7929856, total: 101975851008).
  coder32B_inst    FAILED OutOfMemoryError: CUDA out of memory. Tried to allocate 4.46 GiB. GPU 0 has a total capacity of 94

shard 0 complete  [  228/164 139.0%  elapsed 8:26  ETA -3:37  27/min]
