shard 0/1  1 models  425 prompts  K=32  max_new=384  arms=['chat']  -> artifacts/nla/mbpp_k32
Loading weights:   0%|          | 0/771 [00:00<?, ?it/s]Loading weights: 100%|██████████| 771/771 [00:00<00:00, 13085.40it/s]
  mbpp32B_inst     loaded 6s, running 1 arm(s)
  mbpp32B_inst     chat              4/425  [    4/425   0.9%  elapsed 0:24  ETA 42:37  10/min]
  mbpp32B_inst     chat             20/425  [   20/425   4.7%  elapsed 2:29  ETA 50:29  8/min]
  mbpp32B_inst     chat             36/425  [   36/425   8.5%  elapsed 3:55  ETA 42:29  9/min]
  mbpp32B_inst     chat             52/425  [   52/425  12.2%  elapsed 6:29  ETA 46:34  8/min]
  mbpp32B_inst     chat             68/425  [   68/425  16.0%  elapsed 8:16  ETA 43:27  8/min]
  mbpp32B_inst     chat             84/425  [   84/425  19.8%  elapsed 9:40  ETA 39:15  9/min]
  mbpp32B_inst     chat            100/425  [  100/425  23.5%  elapsed 11:12  ETA 36:25  9/min]
  mbpp32B_inst     chat            116/425  [  116/425  27.3%  elapsed 12:57  ETA 34:30  9/min]
  mbpp32B_inst     chat            132/425  [  132/425  31.1%  elapsed 14:38  ETA 32:30  9/min]
  mbpp32B_inst     chat            148/425  [  148/425  34.8%  elapsed 16:24  ETA 30:42  9/min]
  mbpp32B_inst     chat            164/425  [  164/425  38.6%  elapsed 17:30  ETA 27:51  9/min]
  mbpp32B_inst     chat            180/425  [  180/425  42.4%  elapsed 18:44  ETA 25:30  10/min]
  mbpp32B_inst     chat            196/425  [  196/425  46.1%  elapsed 22:04  ETA 25:47  9/min]
  mbpp32B_inst     chat            212/425  [  212/425  49.9%  elapsed 23:32  ETA 23:39  9/min]
  mbpp32B_inst     chat            228/425  [  228/425  53.6%  elapsed 26:12  ETA 22:38  9/min]
  mbpp32B_inst     chat            244/425  [  244/425  57.4%  elapsed 28:10  ETA 20:54  9/min]
  mbpp32B_inst     chat            260/425  [  260/425  61.2%  elapsed 30:30  ETA 19:21  9/min]
  mbpp32B_inst     chat            276/425  [  276/425  64.9%  elapsed 32:31  ETA 17:33  8/min]
  mbpp32B_inst     chat            292/425  [  292/425  68.7%  elapsed 36:32  ETA 16:38  8/min]
  mbpp32B_inst     chat            308/425  [  308/425  72.5%  elapsed 37:34  ETA 14:16  8/min]
  mbpp32B_inst     chat            324/425  [  324/425  76.2%  elapsed 38:53  ETA 12:07  8/min]
  mbpp32B_inst     chat            340/425  [  340/425  80.0%  elapsed 39:53  ETA 9:58  9/min]
  mbpp32B_inst     chat            356/425  [  356/425  83.8%  elapsed 41:16  ETA 8:00  9/min]
  mbpp32B_inst     chat            372/425  [  372/425  87.5%  elapsed 42:22  ETA 6:02  9/min]
  mbpp32B_inst     chat            388/425  [  388/425  91.3%  elapsed 43:20  ETA 4:08  9/min]
  mbpp32B_inst     chat            404/425  [  404/425  95.1%  elapsed 45:41  ETA 2:22  9/min]
  mbpp32B_inst     chat            420/425  [  420/425  98.8%  elapsed 47:58  ETA 0:34  9/min]
  mbpp32B_inst     chat           DONE          [  425/425 100.0%  elapsed 48:28  ETA 0:00  9/min]
