shard 3/4  3 models  164 prompts  K=8  batch=32
  coder14B_inst, coder3B_inst, coder0.5B_inst

Loading weights:   0%|          | 0/579 [00:00<?, ?it/s]Loading weights:  54%|█████▎    | 311/579 [00:00<00:00, 3084.23it/s]Loading weights: 100%|██████████| 579/579 [00:00<00:00, 2972.22it/s]
  coder14B_inst    loaded 17s, running 5 arm(s)
  coder14B_inst    raw              32/164  [   32/2460   1.3%  elapsed 0:56  ETA 71:10  34/min]
  coder14B_inst    raw             160/164  [  160/2460   6.5%  elapsed 4:35  ETA 66:05  35/min]
  coder14B_inst    raw            DONE          [  164/2460   6.7%  elapsed 4:45  ETA 66:30  35/min]
  coder14B_inst    persona          32/164  [  196/2460   8.0%  elapsed 5:22  ETA 62:09  36/min]
  coder14B_inst    persona         160/164  [  324/2460  13.2%  elapsed 9:04  ETA 59:52  36/min]
  coder14B_inst    persona        DONE          [  328/2460  13.3%  elapsed 9:14  ETA 60:01  36/min]
  coder14B_inst    shared           32/164  [  360/2460  14.6%  elapsed 9:52  ETA 57:33  36/min]
  coder14B_inst    shared          160/164  [  488/2460  19.8%  elapsed 13:34  ETA 54:51  36/min]
  coder14B_inst    shared         DONE          [  492/2460  20.0%  elapsed 13:43  ETA 54:55  36/min]
  coder14B_inst    shared_persona   32/164  [  524/2460  21.3%  elapsed 14:22  ETA 53:06  36/min]
[W831 04:26:35.206864162 CUDACachingAllocator.cpp:3933] memory allocation failed with OOM on device 0 while trying to allocate 2854223872 bytes (free: 691535872, total: 101975851008).
  coder14B_inst    shared_persona  160/164  [  652/2460  26.5%  elapsed 18:07  ETA 50:15  36/min]
  coder14B_inst    shared_persona DONE          [  656/2460  26.7%  elapsed 18:16  ETA 50:16  36/min]
  coder14B_inst    chat             32/164  [  688/2460  28.0%  elapsed 18:57  ETA 48:49  36/min]
  coder14B_inst    chat            160/164  [  816/2460  33.2%  elapsed 22:49  ETA 45:59  36/min]
  coder14B_inst    chat           DONE          [  820/2460  33.3%  elapsed 22:59  ETA 45:58  36/min]
Loading weights:   0%|          | 0/434 [00:00<?, ?it/s]Loading weights:  63%|██████▎   | 272/434 [00:00<00:00, 2707.79it/s]Loading weights: 100%|██████████| 434/434 [00:00<00:00, 2792.08it/s]
  coder3B_inst     loaded 2s, running 5 arm(s)
  coder3B_inst     raw              32/164  [  852/2460  34.6%  elapsed 23:13  ETA 43:49  37/min]
  coder3B_inst     raw             160/164  [  980/2460  39.8%  elapsed 24:19  ETA 36:44  40/min]
  coder3B_inst     raw            DONE          [  984/2460  40.0%  elapsed 24:22  ETA 36:33  40/min]
  coder3B_inst     persona          32/164  [ 1016/2460  41.3%  elapsed 24:34  ETA 34:55  41/min]
  coder3B_inst     persona         160/164  [ 1144/2460  46.5%  elapsed 25:41  ETA 29:32  45/min]
  coder3B_inst     persona        DONE          [ 1148/2460  46.7%  elapsed 25:43  ETA 29:24  45/min]
  coder3B_inst     shared           32/164  [ 1180/2460  48.0%  elapsed 25:55  ETA 28:07  46/min]
  coder3B_inst     shared          160/164  [ 1308/2460  53.2%  elapsed 27:02  ETA 23:49  48/min]
  coder3B_inst     shared         DONE          [ 1312/2460  53.3%  elapsed 27:05  ETA 23:42  48/min]
  coder3B_inst     shared_persona   32/164  [ 1344/2460  54.6%  elapsed 27:17  ETA 22:39  49/min]
  coder3B_inst     shared_persona  160/164  [ 1472/2460  59.8%  elapsed 28:25  ETA 19:04  52/min]
  coder3B_inst     shared_persona DONE          [ 1476/2460  60.0%  elapsed 28:28  ETA 18:58  52/min]
  coder3B_inst     chat             32/164  [ 1508/2460  61.3%  elapsed 28:40  ETA 18:06  53/min]
  coder3B_inst     chat            160/164  [ 1636/2460  66.5%  elapsed 29:50  ETA 15:01  55/min]
  coder3B_inst     chat           DONE          [ 1640/2460  66.7%  elapsed 29:53  ETA 14:56  55/min]
Loading weights:   0%|          | 0/290 [00:00<?, ?it/s]Loading weights: 100%|██████████| 290/290 [00:00<00:00, 13474.26it/s]
  coder0.5B_inst   loaded 0s, running 5 arm(s)
  coder0.5B_inst   raw              32/164  [ 1672/2460  68.0%  elapsed 29:58  ETA 14:07  56/min]
  coder0.5B_inst   raw             160/164  [ 1800/2460  73.2%  elapsed 30:22  ETA 11:08  59/min]
  coder0.5B_inst   raw            DONE          [ 1804/2460  73.3%  elapsed 30:24  ETA 11:03  59/min]
  coder0.5B_inst   persona          32/164  [ 1836/2460  74.6%  elapsed 30:29  ETA 10:21  60/min]
  coder0.5B_inst   persona         160/164  [ 1964/2460  79.8%  elapsed 30:53  ETA 7:48  64/min]
  coder0.5B_inst   persona        DONE          [ 1968/2460  80.0%  elapsed 30:55  ETA 7:43  64/min]
  coder0.5B_inst   shared           32/164  [ 2000/2460  81.3%  elapsed 30:59  ETA 7:07  65/min]
  coder0.5B_inst   shared          160/164  [ 2128/2460  86.5%  elapsed 31:24  ETA 4:53  68/min]
  coder0.5B_inst   shared         DONE          [ 2132/2460  86.7%  elapsed 31:26  ETA 4:50  68/min]
  coder0.5B_inst   shared_persona   32/164  [ 2164/2460  88.0%  elapsed 31:30  ETA 4:18  69/min]
  coder0.5B_inst   shared_persona  160/164  [ 2292/2460  93.2%  elapsed 31:55  ETA 2:20  72/min]
  coder0.5B_inst   shared_persona DONE          [ 2296/2460  93.3%  elapsed 31:57  ETA 2:16  72/min]
  coder0.5B_inst   chat             32/164  [ 2328/2460  94.6%  elapsed 32:02  ETA 1:48  73/min]
  coder0.5B_inst   chat            160/164  [ 2456/2460  99.8%  elapsed 32:27  ETA 0:03  76/min]
  coder0.5B_inst   chat           DONE          [ 2460/2460 100.0%  elapsed 32:29  ETA 0:00  76/min]

shard 3 complete  [ 2460/2460 100.0%  elapsed 32:29  ETA 0:00  76/min]
