shard 1/4  3 models  164 prompts  K=8  batch=16
  coder32B_inst, coder7B_inst, coder1.5B_inst

Loading weights:   0%|          | 0/771 [00:00<?, ?it/s]Loading weights:  39%|███▉      | 304/771 [00:00<00:00, 3028.06it/s]Loading weights:  79%|███████▉  | 611/771 [00:00<00:00, 3046.94it/s]Loading weights: 100%|██████████| 771/771 [00:00<00:00, 3083.03it/s]
  coder32B_inst    loaded 21s, running 5 arm(s)
  coder32B_inst    raw              16/164  [   16/2460   0.7%  elapsed 0:54  ETA 138:18  18/min]
  coder32B_inst    raw              80/164  [   80/2460   3.3%  elapsed 3:24  ETA 101:29  23/min]
[W831 05:46:56.873934879 CUDACachingAllocator.cpp:3933] memory allocation failed with OOM on device 0 while trying to allocate 2279604224 bytes (free: 1641611264, total: 101975851008).
  coder32B_inst    raw             144/164  [  144/2460   5.9%  elapsed 6:33  ETA 105:30  22/min]
  coder32B_inst    raw            DONE          [  164/2460   6.7%  elapsed 7:33  ETA 105:43  22/min]
  coder32B_inst    persona          16/164  [  180/2460   7.3%  elapsed 8:04  ETA 102:13  22/min]
  coder32B_inst    persona          80/164  [  244/2460   9.9%  elapsed 10:36  ETA 96:20  23/min]
[W831 05:56:26.327240245 CUDACachingAllocator.cpp:3933] memory allocation failed with OOM on device 0 while trying to allocate 2803892224 bytes (free: 383320064, total: 101975851008).
  coder32B_inst    persona         144/164  [  308/2460  12.5%  elapsed 13:46  ETA 96:17  22/min]
  coder32B_inst    persona        DONE          [  328/2460  13.3%  elapsed 14:46  ETA 96:05  22/min]
  coder32B_inst    shared           16/164  [  344/2460  14.0%  elapsed 15:18  ETA 94:07  22/min]
  coder32B_inst    shared           80/164  [  408/2460  16.6%  elapsed 17:50  ETA 89:44  23/min]
[W831 06:03:40.853459425 CUDACachingAllocator.cpp:3933] memory allocation failed with OOM on device 0 while trying to allocate 2810183680 bytes (free: 1612251136, total: 101975851008).
  coder32B_inst    shared          144/164  [  472/2460  19.2%  elapsed 21:01  ETA 88:33  22/min]
  coder32B_inst    shared         DONE          [  492/2460  20.0%  elapsed 22:01  ETA 88:06  22/min]
  coder32B_inst    shared_persona   16/164  [  508/2460  20.7%  elapsed 22:33  ETA 86:40  23/min]
  coder32B_inst    shared_persona   80/164  [  572/2460  23.3%  elapsed 25:07  ETA 82:57  23/min]
[W831 06:10:59.669817927 CUDACachingAllocator.cpp:3933] memory allocation failed with OOM on device 0 while trying to allocate 2854223872 bytes (free: 2409168896, total: 101975851008).
  coder32B_inst    shared_persona  144/164  [  636/2460  25.9%  elapsed 28:20  ETA 81:17  22/min]
  coder32B_inst    shared_persona DONE          [  656/2460  26.7%  elapsed 29:21  ETA 80:44  22/min]
  coder32B_inst    chat             16/164  [  672/2460  27.3%  elapsed 29:54  ETA 79:35  22/min]
  coder32B_inst    chat             80/164  [  736/2460  29.9%  elapsed 32:34  ETA 76:18  23/min]
[W831 06:18:30.528781298 CUDACachingAllocator.cpp:3933] memory allocation failed with OOM on device 0 while trying to allocate 2967470080 bytes (free: 2484666368, total: 101975851008).
  coder32B_inst    chat            144/164  [  800/2460  32.5%  elapsed 35:52  ETA 74:27  22/min]
  coder32B_inst    chat           DONE          [  820/2460  33.3%  elapsed 36:55  ETA 73:50  22/min]
  coder7B_inst     all 5 arms cached   [ 1640/2460  66.7%  elapsed 36:55  ETA 18:27  44/min]
  coder1.5B_inst   all 5 arms cached   [ 2460/2460 100.0%  elapsed 36:55  ETA 0:00  67/min]

shard 1 complete  [ 2460/2460 100.0%  elapsed 36:55  ETA 0:00  67/min]
