shard 1/3  2 models  60 prompts  K=8  batch=16
  ministral14B_inst, ministral3B_base

[transformers] You have loaded an FP8 model on CPU and have a CUDA or XPU device available, make sure to set your model on a GPU or XPU device in order to run your model. To remove this warning, pass device_map = 'cuda' or 'xpu'. 
Loading weights:   0%|          | 0/1145 [00:00<?, ?it/s]Loading weights: 100%|██████████| 1145/1145 [00:00<00:00, 28530.31it/s]
  ministral14B_inst loaded 3s, running 5 arm(s)
[transformers] Both `max_new_tokens` (=128) and `max_length`(=262144) seem to have been set. `max_new_tokens` will take precedence. Please refer to the documentation for more information. (https://huggingface.co/docs/transformers/main/en/main_classes/text_generation)
Warning: You are sending unauthenticated requests to the HF Hub. Please set a HF_TOKEN to enable higher rate limits and faster downloads.
Fetching 11 files:   0%|          | 0/11 [00:00<?, ?it/s]Fetching 11 files:  91%|█████████ | 10/11 [00:00<00:00, 50.78it/s]Fetching 11 files: 100%|██████████| 11/11 [00:00<00:00, 40.26it/s]
  ministral14B_inst raw              16/60  [   16/360   4.4%  elapsed 1:01  ETA 22:06  16/min]
[transformers] Both `max_new_tokens` (=128) and `max_length`(=262144) seem to have been set. `max_new_tokens` will take precedence. Please refer to the documentation for more information. (https://huggingface.co/docs/transformers/main/en/main_classes/text_generation)
[transformers] Both `max_new_tokens` (=128) and `max_length`(=262144) seem to have been set. `max_new_tokens` will take precedence. Please refer to the documentation for more information. (https://huggingface.co/docs/transformers/main/en/main_classes/text_generation)
[transformers] Both `max_new_tokens` (=128) and `max_length`(=262144) seem to have been set. `max_new_tokens` will take precedence. Please refer to the documentation for more information. (https://huggingface.co/docs/transformers/main/en/main_classes/text_generation)
  ministral14B_inst raw            DONE          [   60/360  16.7%  elapsed 1:19  ETA 6:37  45/min]
[transformers] Both `max_new_tokens` (=128) and `max_length`(=262144) seem to have been set. `max_new_tokens` will take precedence. Please refer to the documentation for more information. (https://huggingface.co/docs/transformers/main/en/main_classes/text_generation)
  ministral14B_inst persona          16/60  [   76/360  21.1%  elapsed 1:25  ETA 5:21  53/min]
[transformers] Both `max_new_tokens` (=128) and `max_length`(=262144) seem to have been set. `max_new_tokens` will take precedence. Please refer to the documentation for more information. (https://huggingface.co/docs/transformers/main/en/main_classes/text_generation)
[transformers] Both `max_new_tokens` (=128) and `max_length`(=262144) seem to have been set. `max_new_tokens` will take precedence. Please refer to the documentation for more information. (https://huggingface.co/docs/transformers/main/en/main_classes/text_generation)
[transformers] Both `max_new_tokens` (=128) and `max_length`(=262144) seem to have been set. `max_new_tokens` will take precedence. Please refer to the documentation for more information. (https://huggingface.co/docs/transformers/main/en/main_classes/text_generation)
  ministral14B_inst persona        DONE          [  120/360  33.3%  elapsed 1:44  ETA 3:28  69/min]
[transformers] Both `max_new_tokens` (=128) and `max_length`(=262144) seem to have been set. `max_new_tokens` will take precedence. Please refer to the documentation for more information. (https://huggingface.co/docs/transformers/main/en/main_classes/text_generation)
  ministral14B_inst shared           16/60  [  136/360  37.8%  elapsed 1:50  ETA 3:01  74/min]
[transformers] Both `max_new_tokens` (=128) and `max_length`(=262144) seem to have been set. `max_new_tokens` will take precedence. Please refer to the documentation for more information. (https://huggingface.co/docs/transformers/main/en/main_classes/text_generation)
[transformers] Both `max_new_tokens` (=128) and `max_length`(=262144) seem to have been set. `max_new_tokens` will take precedence. Please refer to the documentation for more information. (https://huggingface.co/docs/transformers/main/en/main_classes/text_generation)
[transformers] Both `max_new_tokens` (=128) and `max_length`(=262144) seem to have been set. `max_new_tokens` will take precedence. Please refer to the documentation for more information. (https://huggingface.co/docs/transformers/main/en/main_classes/text_generation)
  ministral14B_inst shared         DONE          [  180/360  50.0%  elapsed 2:08  ETA 2:08  84/min]
[transformers] Both `max_new_tokens` (=128) and `max_length`(=262144) seem to have been set. `max_new_tokens` will take precedence. Please refer to the documentation for more information. (https://huggingface.co/docs/transformers/main/en/main_classes/text_generation)
  ministral14B_inst shared_persona   16/60  [  196/360  54.4%  elapsed 2:14  ETA 1:52  87/min]
[transformers] Both `max_new_tokens` (=128) and `max_length`(=262144) seem to have been set. `max_new_tokens` will take precedence. Please refer to the documentation for more information. (https://huggingface.co/docs/transformers/main/en/main_classes/text_generation)
[transformers] Both `max_new_tokens` (=128) and `max_length`(=262144) seem to have been set. `max_new_tokens` will take precedence. Please refer to the documentation for more information. (https://huggingface.co/docs/transformers/main/en/main_classes/text_generation)
[transformers] Both `max_new_tokens` (=128) and `max_length`(=262144) seem to have been set. `max_new_tokens` will take precedence. Please refer to the documentation for more information. (https://huggingface.co/docs/transformers/main/en/main_classes/text_generation)
  ministral14B_inst shared_persona DONE          [  240/360  66.7%  elapsed 2:33  ETA 1:16  94/min]
[transformers] `MistralCommonBackend.apply_chat_template(..., tokenize=False)` is unsafe and may lead to unexpected behavior. Please consider using `tokenize=True` instead and don't encode the output manually.
[transformers] `MistralCommonBackend.apply_chat_template(..., tokenize=False)` is unsafe and may lead to unexpected behavior. Please consider using `tokenize=True` instead and don't encode the output manually.
[transformers] `MistralCommonBackend.apply_chat_template(..., tokenize=False)` is unsafe and may lead to unexpected behavior. Please consider using `tokenize=True` instead and don't encode the output manually.
[transformers] `MistralCommonBackend.apply_chat_template(..., tokenize=False)` is unsafe and may lead to unexpected behavior. Please consider using `tokenize=True` instead and don't encode the output manually.
[transformers] `MistralCommonBackend.apply_chat_template(..., tokenize=False)` is unsafe and may lead to unexpected behavior. Please consider using `tokenize=True` instead and don't encode the output manually.
[transformers] `MistralCommonBackend.apply_chat_template(..., tokenize=False)` is unsafe and may lead to unexpected behavior. Please consider using `tokenize=True` instead and don't encode the output manually.
[transformers] `MistralCommonBackend.apply_chat_template(..., tokenize=False)` is unsafe and may lead to unexpected behavior. Please consider using `tokenize=True` instead and don't encode the output manually.
[transformers] `MistralCommonBackend.apply_chat_template(..., tokenize=False)` is unsafe and may lead to unexpected behavior. Please consider using `tokenize=True` instead and don't encode the output manually.
[transformers] `MistralCommonBackend.apply_chat_template(..., tokenize=False)` is unsafe and may lead to unexpected behavior. Please consider using `tokenize=True` instead and don't encode the output manually.
[transformers] `MistralCommonBackend.apply_chat_template(..., tokenize=False)` is unsafe and may lead to unexpected behavior. Please consider using `tokenize=True` instead and don't encode the output manually.
[transformers] `MistralCommonBackend.apply_chat_template(..., tokenize=False)` is unsafe and may lead to unexpected behavior. Please consider using `tokenize=True` instead and don't encode the output manually.
[transformers] `MistralCommonBackend.apply_chat_template(..., tokenize=False)` is unsafe and may lead to unexpected behavior. Please consider using `tokenize=True` instead and don't encode the output manually.
[transformers] `MistralCommonBackend.apply_chat_template(..., tokenize=False)` is unsafe and may lead to unexpected behavior. Please consider using `tokenize=True` instead and don't encode the output manually.
[transformers] `MistralCommonBackend.apply_chat_template(..., tokenize=False)` is unsafe and may lead to unexpected behavior. Please consider using `tokenize=True` instead and don't encode the output manually.
[transformers] `MistralCommonBackend.apply_chat_template(..., tokenize=False)` is unsafe and may lead to unexpected behavior. Please consider using `tokenize=True` instead and don't encode the output manually.
[transformers] `MistralCommonBackend.apply_chat_template(..., tokenize=False)` is unsafe and may lead to unexpected behavior. Please consider using `tokenize=True` instead and don't encode the output manually.
[transformers] Both `max_new_tokens` (=128) and `max_length`(=262144) seem to have been set. `max_new_tokens` will take precedence. Please refer to the documentation for more information. (https://huggingface.co/docs/transformers/main/en/main_classes/text_generation)
  ministral14B_inst chat             16/60  [  256/360  71.1%  elapsed 2:39  ETA 1:04  96/min]
[transformers] `MistralCommonBackend.apply_chat_template(..., tokenize=False)` is unsafe and may lead to unexpected behavior. Please consider using `tokenize=True` instead and don't encode the output manually.
[transformers] `MistralCommonBackend.apply_chat_template(..., tokenize=False)` is unsafe and may lead to unexpected behavior. Please consider using `tokenize=True` instead and don't encode the output manually.
[transformers] `MistralCommonBackend.apply_chat_template(..., tokenize=False)` is unsafe and may lead to unexpected behavior. Please consider using `tokenize=True` instead and don't encode the output manually.
[transformers] `MistralCommonBackend.apply_chat_template(..., tokenize=False)` is unsafe and may lead to unexpected behavior. Please consider using `tokenize=True` instead and don't encode the output manually.
[transformers] `MistralCommonBackend.apply_chat_template(..., tokenize=False)` is unsafe and may lead to unexpected behavior. Please consider using `tokenize=True` instead and don't encode the output manually.
[transformers] `MistralCommonBackend.apply_chat_template(..., tokenize=False)` is unsafe and may lead to unexpected behavior. Please consider using `tokenize=True` instead and don't encode the output manually.
[transformers] `MistralCommonBackend.apply_chat_template(..., tokenize=False)` is unsafe and may lead to unexpected behavior. Please consider using `tokenize=True` instead and don't encode the output manually.
[transformers] `MistralCommonBackend.apply_chat_template(..., tokenize=False)` is unsafe and may lead to unexpected behavior. Please consider using `tokenize=True` instead and don't encode the output manually.
[transformers] `MistralCommonBackend.apply_chat_template(..., tokenize=False)` is unsafe and may lead to unexpected behavior. Please consider using `tokenize=True` instead and don't encode the output manually.
[transformers] `MistralCommonBackend.apply_chat_template(..., tokenize=False)` is unsafe and may lead to unexpected behavior. Please consider using `tokenize=True` instead and don't encode the output manually.
[transformers] `MistralCommonBackend.apply_chat_template(..., tokenize=False)` is unsafe and may lead to unexpected behavior. Please consider using `tokenize=True` instead and don't encode the output manually.
[transformers] `MistralCommonBackend.apply_chat_template(..., tokenize=False)` is unsafe and may lead to unexpected behavior. Please consider using `tokenize=True` instead and don't encode the output manually.
[transformers] `MistralCommonBackend.apply_chat_template(..., tokenize=False)` is unsafe and may lead to unexpected behavior. Please consider using `tokenize=True` instead and don't encode the output manually.
[transformers] `MistralCommonBackend.apply_chat_template(..., tokenize=False)` is unsafe and may lead to unexpected behavior. Please consider using `tokenize=True` instead and don't encode the output manually.
[transformers] `MistralCommonBackend.apply_chat_template(..., tokenize=False)` is unsafe and may lead to unexpected behavior. Please consider using `tokenize=True` instead and don't encode the output manually.
[transformers] `MistralCommonBackend.apply_chat_template(..., tokenize=False)` is unsafe and may lead to unexpected behavior. Please consider using `tokenize=True` instead and don't encode the output manually.
[transformers] Both `max_new_tokens` (=128) and `max_length`(=262144) seem to have been set. `max_new_tokens` will take precedence. Please refer to the documentation for more information. (https://huggingface.co/docs/transformers/main/en/main_classes/text_generation)
[transformers] `MistralCommonBackend.apply_chat_template(..., tokenize=False)` is unsafe and may lead to unexpected behavior. Please consider using `tokenize=True` instead and don't encode the output manually.
[transformers] `MistralCommonBackend.apply_chat_template(..., tokenize=False)` is unsafe and may lead to unexpected behavior. Please consider using `tokenize=True` instead and don't encode the output manually.
[transformers] `MistralCommonBackend.apply_chat_template(..., tokenize=False)` is unsafe and may lead to unexpected behavior. Please consider using `tokenize=True` instead and don't encode the output manually.
[transformers] `MistralCommonBackend.apply_chat_template(..., tokenize=False)` is unsafe and may lead to unexpected behavior. Please consider using `tokenize=True` instead and don't encode the output manually.
[transformers] `MistralCommonBackend.apply_chat_template(..., tokenize=False)` is unsafe and may lead to unexpected behavior. Please consider using `tokenize=True` instead and don't encode the output manually.
[transformers] `MistralCommonBackend.apply_chat_template(..., tokenize=False)` is unsafe and may lead to unexpected behavior. Please consider using `tokenize=True` instead and don't encode the output manually.
[transformers] `MistralCommonBackend.apply_chat_template(..., tokenize=False)` is unsafe and may lead to unexpected behavior. Please consider using `tokenize=True` instead and don't encode the output manually.
[transformers] `MistralCommonBackend.apply_chat_template(..., tokenize=False)` is unsafe and may lead to unexpected behavior. Please consider using `tokenize=True` instead and don't encode the output manually.
[transformers] `MistralCommonBackend.apply_chat_template(..., tokenize=False)` is unsafe and may lead to unexpected behavior. Please consider using `tokenize=True` instead and don't encode the output manually.
[transformers] `MistralCommonBackend.apply_chat_template(..., tokenize=False)` is unsafe and may lead to unexpected behavior. Please consider using `tokenize=True` instead and don't encode the output manually.
[transformers] `MistralCommonBackend.apply_chat_template(..., tokenize=False)` is unsafe and may lead to unexpected behavior. Please consider using `tokenize=True` instead and don't encode the output manually.
[transformers] `MistralCommonBackend.apply_chat_template(..., tokenize=False)` is unsafe and may lead to unexpected behavior. Please consider using `tokenize=True` instead and don't encode the output manually.
[transformers] `MistralCommonBackend.apply_chat_template(..., tokenize=False)` is unsafe and may lead to unexpected behavior. Please consider using `tokenize=True` instead and don't encode the output manually.
[transformers] `MistralCommonBackend.apply_chat_template(..., tokenize=False)` is unsafe and may lead to unexpected behavior. Please consider using `tokenize=True` instead and don't encode the output manually.
[transformers] `MistralCommonBackend.apply_chat_template(..., tokenize=False)` is unsafe and may lead to unexpected behavior. Please consider using `tokenize=True` instead and don't encode the output manually.
[transformers] `MistralCommonBackend.apply_chat_template(..., tokenize=False)` is unsafe and may lead to unexpected behavior. Please consider using `tokenize=True` instead and don't encode the output manually.
[transformers] Both `max_new_tokens` (=128) and `max_length`(=262144) seem to have been set. `max_new_tokens` will take precedence. Please refer to the documentation for more information. (https://huggingface.co/docs/transformers/main/en/main_classes/text_generation)
[transformers] `MistralCommonBackend.apply_chat_template(..., tokenize=False)` is unsafe and may lead to unexpected behavior. Please consider using `tokenize=True` instead and don't encode the output manually.
[transformers] `MistralCommonBackend.apply_chat_template(..., tokenize=False)` is unsafe and may lead to unexpected behavior. Please consider using `tokenize=True` instead and don't encode the output manually.
[transformers] `MistralCommonBackend.apply_chat_template(..., tokenize=False)` is unsafe and may lead to unexpected behavior. Please consider using `tokenize=True` instead and don't encode the output manually.
[transformers] `MistralCommonBackend.apply_chat_template(..., tokenize=False)` is unsafe and may lead to unexpected behavior. Please consider using `tokenize=True` instead and don't encode the output manually.
[transformers] `MistralCommonBackend.apply_chat_template(..., tokenize=False)` is unsafe and may lead to unexpected behavior. Please consider using `tokenize=True` instead and don't encode the output manually.
[transformers] `MistralCommonBackend.apply_chat_template(..., tokenize=False)` is unsafe and may lead to unexpected behavior. Please consider using `tokenize=True` instead and don't encode the output manually.
[transformers] `MistralCommonBackend.apply_chat_template(..., tokenize=False)` is unsafe and may lead to unexpected behavior. Please consider using `tokenize=True` instead and don't encode the output manually.
[transformers] `MistralCommonBackend.apply_chat_template(..., tokenize=False)` is unsafe and may lead to unexpected behavior. Please consider using `tokenize=True` instead and don't encode the output manually.
[transformers] `MistralCommonBackend.apply_chat_template(..., tokenize=False)` is unsafe and may lead to unexpected behavior. Please consider using `tokenize=True` instead and don't encode the output manually.
[transformers] `MistralCommonBackend.apply_chat_template(..., tokenize=False)` is unsafe and may lead to unexpected behavior. Please consider using `tokenize=True` instead and don't encode the output manually.
[transformers] `MistralCommonBackend.apply_chat_template(..., tokenize=False)` is unsafe and may lead to unexpected behavior. Please consider using `tokenize=True` instead and don't encode the output manually.
[transformers] `MistralCommonBackend.apply_chat_template(..., tokenize=False)` is unsafe and may lead to unexpected behavior. Please consider using `tokenize=True` instead and don't encode the output manually.
[transformers] Both `max_new_tokens` (=128) and `max_length`(=262144) seem to have been set. `max_new_tokens` will take precedence. Please refer to the documentation for more information. (https://huggingface.co/docs/transformers/main/en/main_classes/text_generation)
  ministral14B_inst chat           DONE          [  300/360  83.3%  elapsed 2:58  ETA 0:35  101/min]
  ministral3B_base all 1 arms cached   [  360/360 100.0%  elapsed 2:59  ETA 0:00  120/min]

shard 1 complete  [  360/360 100.0%  elapsed 2:59  ETA 0:00  120/min]
