shard 2/3  1 models  60 prompts  K=8
[transformers] You have loaded an FP8 model on CPU and have a CUDA or XPU device available, make sure to set your model on a GPU or XPU device in order to run your model. To remove this warning, pass device_map = 'cuda' or 'xpu'. 
Loading weights:   0%|          | 0/1145 [00:00<?, ?it/s]Loading weights: 100%|██████████| 1145/1145 [00:00<00:00, 11625.07it/s]
  ministral14B_inst loaded 3s, running 4 arm(s)
[transformers] Both `max_new_tokens` (=128) and `max_length`(=262144) seem to have been set. `max_new_tokens` will take precedence. Please refer to the documentation for more information. (https://huggingface.co/docs/transformers/main/en/main_classes/text_generation)
Warning: You are sending unauthenticated requests to the HF Hub. Please set a HF_TOKEN to enable higher rate limits and faster downloads.
Fetching 11 files:   0%|          | 0/11 [00:00<?, ?it/s]Fetching 11 files: 100%|██████████| 11/11 [00:00<00:00, 2841.84it/s]
  ministral14B_inst persona_model    16/60  [   16/240   6.7%  elapsed 0:41  ETA 9:46  23/min]
[transformers] Both `max_new_tokens` (=128) and `max_length`(=262144) seem to have been set. `max_new_tokens` will take precedence. Please refer to the documentation for more information. (https://huggingface.co/docs/transformers/main/en/main_classes/text_generation)
[transformers] Both `max_new_tokens` (=128) and `max_length`(=262144) seem to have been set. `max_new_tokens` will take precedence. Please refer to the documentation for more information. (https://huggingface.co/docs/transformers/main/en/main_classes/text_generation)
[transformers] Both `max_new_tokens` (=128) and `max_length`(=262144) seem to have been set. `max_new_tokens` will take precedence. Please refer to the documentation for more information. (https://huggingface.co/docs/transformers/main/en/main_classes/text_generation)
  ministral14B_inst persona_model  DONE          [   60/240  25.0%  elapsed 1:01  ETA 3:04  58/min]
[transformers] Both `max_new_tokens` (=128) and `max_length`(=262144) seem to have been set. `max_new_tokens` will take precedence. Please refer to the documentation for more information. (https://huggingface.co/docs/transformers/main/en/main_classes/text_generation)
  ministral14B_inst persona_sample   16/60  [   76/240  31.7%  elapsed 1:08  ETA 2:27  67/min]
[transformers] Both `max_new_tokens` (=128) and `max_length`(=262144) seem to have been set. `max_new_tokens` will take precedence. Please refer to the documentation for more information. (https://huggingface.co/docs/transformers/main/en/main_classes/text_generation)
[transformers] Both `max_new_tokens` (=128) and `max_length`(=262144) seem to have been set. `max_new_tokens` will take precedence. Please refer to the documentation for more information. (https://huggingface.co/docs/transformers/main/en/main_classes/text_generation)
[transformers] Both `max_new_tokens` (=128) and `max_length`(=262144) seem to have been set. `max_new_tokens` will take precedence. Please refer to the documentation for more information. (https://huggingface.co/docs/transformers/main/en/main_classes/text_generation)
  ministral14B_inst persona_sample DONE          [  120/240  50.0%  elapsed 1:28  ETA 1:28  81/min]
[transformers] Both `max_new_tokens` (=128) and `max_length`(=262144) seem to have been set. `max_new_tokens` will take precedence. Please refer to the documentation for more information. (https://huggingface.co/docs/transformers/main/en/main_classes/text_generation)
  ministral14B_inst deployed_model   16/60  [  136/240  56.7%  elapsed 1:35  ETA 1:12  86/min]
[transformers] Both `max_new_tokens` (=128) and `max_length`(=262144) seem to have been set. `max_new_tokens` will take precedence. Please refer to the documentation for more information. (https://huggingface.co/docs/transformers/main/en/main_classes/text_generation)
[transformers] Both `max_new_tokens` (=128) and `max_length`(=262144) seem to have been set. `max_new_tokens` will take precedence. Please refer to the documentation for more information. (https://huggingface.co/docs/transformers/main/en/main_classes/text_generation)
[transformers] Both `max_new_tokens` (=128) and `max_length`(=262144) seem to have been set. `max_new_tokens` will take precedence. Please refer to the documentation for more information. (https://huggingface.co/docs/transformers/main/en/main_classes/text_generation)
  ministral14B_inst deployed_model DONE          [  180/240  75.0%  elapsed 1:55  ETA 0:38  94/min]
[transformers] Both `max_new_tokens` (=128) and `max_length`(=262144) seem to have been set. `max_new_tokens` will take precedence. Please refer to the documentation for more information. (https://huggingface.co/docs/transformers/main/en/main_classes/text_generation)
  ministral14B_inst deployed_sample   16/60  [  196/240  81.7%  elapsed 2:02  ETA 0:27  96/min]
[transformers] Both `max_new_tokens` (=128) and `max_length`(=262144) seem to have been set. `max_new_tokens` will take precedence. Please refer to the documentation for more information. (https://huggingface.co/docs/transformers/main/en/main_classes/text_generation)
[transformers] Both `max_new_tokens` (=128) and `max_length`(=262144) seem to have been set. `max_new_tokens` will take precedence. Please refer to the documentation for more information. (https://huggingface.co/docs/transformers/main/en/main_classes/text_generation)
[transformers] Both `max_new_tokens` (=128) and `max_length`(=262144) seem to have been set. `max_new_tokens` will take precedence. Please refer to the documentation for more information. (https://huggingface.co/docs/transformers/main/en/main_classes/text_generation)
  ministral14B_inst deployed_sample DONE          [  240/240 100.0%  elapsed 2:22  ETA 0:00  101/min]
