shard 0/1  3 models  164 prompts  K=32  batch=20  -> artifacts/nla/he_k32
  coder1.5B_inst, coder3B_inst, coder7B_inst

Loading weights:   0%|          | 0/338 [00:00<?, ?it/s]Loading weights: 100%|██████████| 338/338 [00:00<00:00, 12888.89it/s]
  coder1.5B_inst   loaded 1s, running 1 arm(s)
  coder1.5B_inst   shared           20/164  [   20/492   4.1%  elapsed 0:24  ETA 9:35  49/min]
  coder1.5B_inst   shared          100/164  [  100/492  20.3%  elapsed 1:57  ETA 7:40  51/min]
  coder1.5B_inst   shared          164/164  [  164/492  33.3%  elapsed 3:21  ETA 6:42  49/min]
  coder1.5B_inst   shared         DONE          [  164/492  33.3%  elapsed 3:21  ETA 6:42  49/min]
Loading weights:   0%|          | 0/434 [00:00<?, ?it/s]Loading weights: 100%|██████████| 434/434 [00:00<00:00, 13484.11it/s]
  coder3B_inst     loaded 1s, running 1 arm(s)
  coder3B_inst     shared           20/164  [  184/492  37.4%  elapsed 3:50  ETA 6:26  48/min]
  coder3B_inst     shared          100/164  [  264/492  53.7%  elapsed 6:15  ETA 5:24  42/min]
  coder3B_inst     shared          164/164  [  328/492  66.7%  elapsed 8:26  ETA 4:13  39/min]
  coder3B_inst     shared         DONE          [  328/492  66.7%  elapsed 8:26  ETA 4:13  39/min]
Loading weights:   0%|          | 0/339 [00:00<?, ?it/s]Loading weights: 100%|██████████| 339/339 [00:00<00:00, 13208.38it/s]
  coder7B_inst     loaded 2s, running 1 arm(s)
  coder7B_inst     shared           20/164  [  348/492  70.7%  elapsed 9:08  ETA 3:46  38/min]
  coder7B_inst     shared          100/164  [  428/492  87.0%  elapsed 12:32  ETA 1:52  34/min]
  coder7B_inst     shared          164/164  [  492/492 100.0%  elapsed 15:39  ETA 0:00  31/min]
  coder7B_inst     shared         DONE          [  492/492 100.0%  elapsed 15:39  ETA 0:00  31/min]

shard 0 complete  [  492/492 100.0%  elapsed 15:39  ETA 0:00  31/min]
