shard 1/3  1 models  60 prompts  K=8
[transformers] You have loaded an FP8 model on CPU and have a CUDA or XPU device available, make sure to set your model on a GPU or XPU device in order to run your model. To remove this warning, pass device_map = 'cuda' or 'xpu'. 
Loading weights:   0%|          | 0/1145 [00:00<?, ?it/s]Loading weights: 100%|██████████| 1145/1145 [00:00<00:00, 14486.63it/s]
  ministral_14b    loaded 3s, running 5 arm(s)
[transformers] Both `max_new_tokens` (=128) and `max_length`(=262144) seem to have been set. `max_new_tokens` will take precedence. Please refer to the documentation for more information. (https://huggingface.co/docs/transformers/main/en/main_classes/text_generation)
Fetching 11 files:   0%|          | 0/11 [00:00<?, ?it/s]Fetching 11 files: 100%|██████████| 11/11 [00:00<00:00, 2758.59it/s]
  ministral_14b    chat             16/60  [   16/300   5.3%  elapsed 0:38  ETA 11:16  25/min]
[transformers] Both `max_new_tokens` (=128) and `max_length`(=262144) seem to have been set. `max_new_tokens` will take precedence. Please refer to the documentation for more information. (https://huggingface.co/docs/transformers/main/en/main_classes/text_generation)
[transformers] Both `max_new_tokens` (=128) and `max_length`(=262144) seem to have been set. `max_new_tokens` will take precedence. Please refer to the documentation for more information. (https://huggingface.co/docs/transformers/main/en/main_classes/text_generation)
[transformers] Both `max_new_tokens` (=128) and `max_length`(=262144) seem to have been set. `max_new_tokens` will take precedence. Please refer to the documentation for more information. (https://huggingface.co/docs/transformers/main/en/main_classes/text_generation)
  ministral_14b    chat           DONE          [   60/300  20.0%  elapsed 0:55  ETA 3:42  65/min]
[transformers] Both `max_new_tokens` (=128) and `max_length`(=262144) seem to have been set. `max_new_tokens` will take precedence. Please refer to the documentation for more information. (https://huggingface.co/docs/transformers/main/en/main_classes/text_generation)
  ministral_14b    persona_model    16/60  [   76/300  25.3%  elapsed 1:01  ETA 3:02  74/min]
[transformers] Both `max_new_tokens` (=128) and `max_length`(=262144) seem to have been set. `max_new_tokens` will take precedence. Please refer to the documentation for more information. (https://huggingface.co/docs/transformers/main/en/main_classes/text_generation)
[transformers] Both `max_new_tokens` (=128) and `max_length`(=262144) seem to have been set. `max_new_tokens` will take precedence. Please refer to the documentation for more information. (https://huggingface.co/docs/transformers/main/en/main_classes/text_generation)
[transformers] Both `max_new_tokens` (=128) and `max_length`(=262144) seem to have been set. `max_new_tokens` will take precedence. Please refer to the documentation for more information. (https://huggingface.co/docs/transformers/main/en/main_classes/text_generation)
  ministral_14b    persona_model  DONE          [  120/300  40.0%  elapsed 1:20  ETA 2:00  90/min]
[transformers] Both `max_new_tokens` (=128) and `max_length`(=262144) seem to have been set. `max_new_tokens` will take precedence. Please refer to the documentation for more information. (https://huggingface.co/docs/transformers/main/en/main_classes/text_generation)
  ministral_14b    persona_sample   16/60  [  136/300  45.3%  elapsed 1:26  ETA 1:44  94/min]
[transformers] Both `max_new_tokens` (=128) and `max_length`(=262144) seem to have been set. `max_new_tokens` will take precedence. Please refer to the documentation for more information. (https://huggingface.co/docs/transformers/main/en/main_classes/text_generation)
[transformers] Both `max_new_tokens` (=128) and `max_length`(=262144) seem to have been set. `max_new_tokens` will take precedence. Please refer to the documentation for more information. (https://huggingface.co/docs/transformers/main/en/main_classes/text_generation)
[transformers] Both `max_new_tokens` (=128) and `max_length`(=262144) seem to have been set. `max_new_tokens` will take precedence. Please refer to the documentation for more information. (https://huggingface.co/docs/transformers/main/en/main_classes/text_generation)
  ministral_14b    persona_sample DONE          [  180/300  60.0%  elapsed 1:44  ETA 1:09  103/min]
[transformers] Both `max_new_tokens` (=128) and `max_length`(=262144) seem to have been set. `max_new_tokens` will take precedence. Please refer to the documentation for more information. (https://huggingface.co/docs/transformers/main/en/main_classes/text_generation)
  ministral_14b    deployed_model   16/60  [  196/300  65.3%  elapsed 1:51  ETA 0:59  106/min]
[transformers] Both `max_new_tokens` (=128) and `max_length`(=262144) seem to have been set. `max_new_tokens` will take precedence. Please refer to the documentation for more information. (https://huggingface.co/docs/transformers/main/en/main_classes/text_generation)
[transformers] Both `max_new_tokens` (=128) and `max_length`(=262144) seem to have been set. `max_new_tokens` will take precedence. Please refer to the documentation for more information. (https://huggingface.co/docs/transformers/main/en/main_classes/text_generation)
[transformers] Both `max_new_tokens` (=128) and `max_length`(=262144) seem to have been set. `max_new_tokens` will take precedence. Please refer to the documentation for more information. (https://huggingface.co/docs/transformers/main/en/main_classes/text_generation)
  ministral_14b    deployed_model DONE          [  240/300  80.0%  elapsed 2:09  ETA 0:32  111/min]
[transformers] Both `max_new_tokens` (=128) and `max_length`(=262144) seem to have been set. `max_new_tokens` will take precedence. Please refer to the documentation for more information. (https://huggingface.co/docs/transformers/main/en/main_classes/text_generation)
  ministral_14b    deployed_sample   16/60  [  256/300  85.3%  elapsed 2:15  ETA 0:23  113/min]
[transformers] Both `max_new_tokens` (=128) and `max_length`(=262144) seem to have been set. `max_new_tokens` will take precedence. Please refer to the documentation for more information. (https://huggingface.co/docs/transformers/main/en/main_classes/text_generation)
[transformers] Both `max_new_tokens` (=128) and `max_length`(=262144) seem to have been set. `max_new_tokens` will take precedence. Please refer to the documentation for more information. (https://huggingface.co/docs/transformers/main/en/main_classes/text_generation)
[transformers] Both `max_new_tokens` (=128) and `max_length`(=262144) seem to have been set. `max_new_tokens` will take precedence. Please refer to the documentation for more information. (https://huggingface.co/docs/transformers/main/en/main_classes/text_generation)
  ministral_14b    deployed_sample DONE          [  300/300 100.0%  elapsed 2:34  ETA 0:00  117/min]
