Warning: You are sending unauthenticated requests to the HF Hub. Please set a HF_TOKEN to enable higher rate limits and faster downloads.
official test list: 25596 images
=== images_001.zip
    9998 images extracted, shard removed
=== images_002.zip
    19998 images extracted, shard removed
=== images_003.zip
    39998 images extracted, shard removed
=== images_004.zip
    59998 images extracted, shard removed
=== images_005.zip
    79998 images extracted, shard removed
=== images_006.zip
    89998 images extracted, shard removed
=== images_007.zip
    99998 images extracted, shard removed
=== images_008.zip
    109998 images extracted, shard removed
=== images_009.zip
    119998 images extracted, shard removed
=== images_010.zip
    129998 images extracted, shard removed
=== images_011.zip
    139998 images extracted, shard removed
=== images_012.zip
    147119 images extracted, shard removed

112120 images, 30805 patients, 25596 in official test split
  AP view: 44810
    Atelectasis           11559  (10.3%)
    Cardiomegaly           2776  (2.5%)
    Effusion              13317  (11.9%)
    Infiltration          19894  (17.7%)
    Mass                   5782  (5.2%)
    Nodule                 6331  (5.6%)
    Pneumonia              1431  (1.3%)
    Pneumothorax           5302  (4.7%)
    Consolidation          4667  (4.2%)
    Edema                  2303  (2.1%)
    Emphysema              2516  (2.2%)
    Fibrosis               1686  (1.5%)
    Pleural_Thickening     3385  (3.0%)
    Hernia                  227  (0.2%)

manifest -> /root/cxr14_manifest.json
