[transformers] `torch_dtype` is deprecated! Use `dtype` instead!
Loading weights:   0%|          | 0/339 [00:00<?, ?it/s]Loading weights: 100%|██████████| 339/339 [00:00<00:00, 6552.63it/s]
loaded HF adapter RiverRider/srt-adapter-v1.0 (41 tensors; missing=678 unexpected=1)
[00]  nibble  div cs=10.657 food=10.968
[01]  nibble  div cs=9.748 food=9.678
[02]  nibble  div cs=9.128 food=9.273
[03]  nibble  div cs=8.617 food=8.736
[04]   chunk  div cs=10.576 food=10.109
[05]   chunk  div cs=9.632 food=8.714
[06]   chunk  div cs=8.935 food=9.095
[07]   chunk  div cs=8.982 food=9.079
[08]  cookie  div cs=9.276 food=11.212
[09]  cookie  div cs=9.752 food=9.829
[10]  cookie  div cs=8.818 food=9.030
[11]  cookie  div cs=9.878 food=9.601
[12]    word  div cs=9.367 food=8.991
[13]    word  div cs=9.201 food=9.183
[14]    word  div cs=9.162 food=8.953
[15]  stream  div cs=9.716 food=8.759
[16]  stream  div cs=8.779 food=8.796
[17]  stream  div cs=9.271 food=8.561
[18]    menu  div cs=8.742 food=9.222
[19]    menu  div cs=9.387 food=8.232

wrote artifacts/probes/polyseme_minimal_pairs.json
        signal  d_paired        t          p
         r_hat    -0.132    -0.59      0.562
  regime_super     0.012     0.05     0.9675
      div_norm     0.122     0.55      0.608
         chain    -0.205    -0.92     0.3774
           ent    -0.109    -0.49     0.6279
        margin     0.012     0.05     0.9657
           nll    -0.071    -0.32     0.7499
