Fetching 4 files:   0%|          | 0/4 [00:00<?, ?it/s]Fetching 4 files:  25%|██▌       | 1/4 [00:24<01:12, 24.16s/it]Fetching 4 files: 100%|██████████| 4/4 [00:24<00:00,  6.04s/it]
Loading weights:   0%|          | 0/339 [00:00<?, ?it/s]Loading weights: 100%|██████████| 339/339 [00:00<00:00, 7271.98it/s]
== atlas ==
  refund_demand: 40 prompts
  medical_advice: 40 prompts
  competitor_mention: 40 prompts
  control: 60 prompts
== monitor ==
  refund_demand: best L26 auroc=1.000 tau=0.131
  medical_advice: best L8 auroc=1.000 tau=0.221
  competitor_mention: best L14 auroc=1.000 tau=0.054
== steer ==
  refund_demand a=-0.50: fired 1/3  dup5_max=0.43
  refund_demand a=-0.25: fired 0/3  dup5_max=0.00
  refund_demand a=+0.25: fired 0/3  dup5_max=0.00
  refund_demand a=+0.50: fired 0/3  dup5_max=0.00
  medical_advice a=-0.50: fired 0/3  dup5_max=0.00
  medical_advice a=-0.25: fired 0/3  dup5_max=0.00
  medical_advice a=+0.25: fired 0/3  dup5_max=0.00
  medical_advice a=+0.50: fired 0/3  dup5_max=0.00
  competitor_mention a=-0.50: fired 1/3  dup5_max=0.00
  competitor_mention a=-0.25: fired 0/3  dup5_max=0.00
  competitor_mention a=+0.25: fired 0/3  dup5_max=0.00
  competitor_mention a=+0.50: fired 0/3  dup5_max=0.00
== route ==
  catch 40/40  false-trigger 2/20
wrote artifacts/switchboard/pilot_qwen.json
