2026-07-08 17:35:05,287 httpx HTTP Request: HEAD https://huggingface.co/google/gemma-4-31B-it/resolve/main/config.json "HTTP/1.1 307 Temporary Redirect"
2026-07-08 17:35:05,298 httpx HTTP Request: HEAD https://huggingface.co/api/resolve-cache/models/google/gemma-4-31B-it/3548789868c5356dbf307c98e6f609007b82b3eb/config.json "HTTP/1.1 200 OK"
2026-07-08 17:35:05,583 srt.nla.backbones loading google/gemma-4-31B-it via Gemma4ForConditionalGeneration (multimodal host)
2026-07-08 17:35:05,645 httpx HTTP Request: HEAD https://huggingface.co/google/gemma-4-31B-it/resolve/main/config.json "HTTP/1.1 307 Temporary Redirect"
2026-07-08 17:35:05,655 httpx HTTP Request: HEAD https://huggingface.co/api/resolve-cache/models/google/gemma-4-31B-it/3548789868c5356dbf307c98e6f609007b82b3eb/config.json "HTTP/1.1 200 OK"
2026-07-08 17:35:05,716 httpx HTTP Request: HEAD https://huggingface.co/google/gemma-4-31B-it/resolve/main/model.safetensors "HTTP/1.1 404 Not Found"
2026-07-08 17:35:05,783 httpx HTTP Request: HEAD https://huggingface.co/google/gemma-4-31B-it/resolve/main/model.safetensors.index.json "HTTP/1.1 307 Temporary Redirect"
2026-07-08 17:35:05,793 httpx HTTP Request: HEAD https://huggingface.co/api/resolve-cache/models/google/gemma-4-31B-it/3548789868c5356dbf307c98e6f609007b82b3eb/model.safetensors.index.json "HTTP/1.1 200 OK"
2026-07-08 17:35:05,862 httpx HTTP Request: GET https://huggingface.co/api/models/google/gemma-4-31B-it/revision/main "HTTP/1.1 200 OK"
Fetching 2 files:   0%|          | 0/2 [00:00<?, ?it/s]Fetching 2 files: 100%|██████████| 2/2 [00:00<00:00, 2275.80it/s]
Loading weights:   0%|          | 0/1188 [00:00<?, ?it/s]Loading weights: 100%|██████████| 1188/1188 [00:00<00:00, 12663.50it/s]
2026-07-08 17:35:06,268 httpx HTTP Request: HEAD https://huggingface.co/google/gemma-4-31B-it/resolve/main/generation_config.json "HTTP/1.1 307 Temporary Redirect"
2026-07-08 17:35:06,282 httpx HTTP Request: HEAD https://huggingface.co/api/resolve-cache/models/google/gemma-4-31B-it/3548789868c5356dbf307c98e6f609007b82b3eb/generation_config.json "HTTP/1.1 200 OK"
2026-07-08 17:35:13,024 httpx HTTP Request: HEAD https://huggingface.co/google/gemma-4-31B-it/resolve/main/config.json "HTTP/1.1 307 Temporary Redirect"
2026-07-08 17:35:13,033 httpx HTTP Request: HEAD https://huggingface.co/api/resolve-cache/models/google/gemma-4-31B-it/3548789868c5356dbf307c98e6f609007b82b3eb/config.json "HTTP/1.1 200 OK"
2026-07-08 17:35:13,102 httpx HTTP Request: HEAD https://huggingface.co/google/gemma-4-31B-it/resolve/main/tokenizer_config.json "HTTP/1.1 307 Temporary Redirect"
2026-07-08 17:35:13,111 httpx HTTP Request: HEAD https://huggingface.co/api/resolve-cache/models/google/gemma-4-31B-it/3548789868c5356dbf307c98e6f609007b82b3eb/tokenizer_config.json "HTTP/1.1 200 OK"
2026-07-08 17:35:13,173 httpx HTTP Request: GET https://huggingface.co/api/models/google/gemma-4-31B-it/tree/main/additional_chat_templates?recursive=false&expand=false "HTTP/1.1 404 Not Found"
2026-07-08 17:35:13,274 httpx HTTP Request: GET https://huggingface.co/api/models/google/gemma-4-31B-it/tree/main?recursive=true&expand=false "HTTP/1.1 200 OK"
2026-07-08 17:35:15,058 httpx HTTP Request: GET https://huggingface.co/api/models/google/gemma-4-31B-it "HTTP/1.1 200 OK"
2026-07-08 17:35:27,339 nla_anchors targets N=10000  pairs N=10000
2026-07-08 17:35:31,792 nla_anchors anchors -> /workspace/srt-adapter/artifacts/nla/gemma4/anchors_L47.json
2026-07-08 17:35:31,792 nla_anchors ||mu||=143.4  replay_cen=0.994  nn_cen=0.671  floor_cen=0.494
