2026-07-08 17:38:00,000 train_nla_act loading backbone google/gemma-4-31B-it
2026-07-08 17:38:00,099 httpx HTTP Request: HEAD https://huggingface.co/google/gemma-4-31B-it/resolve/main/config.json "HTTP/1.1 307 Temporary Redirect"
2026-07-08 17:38:00,111 httpx HTTP Request: HEAD https://huggingface.co/api/resolve-cache/models/google/gemma-4-31B-it/3548789868c5356dbf307c98e6f609007b82b3eb/config.json "HTTP/1.1 200 OK"
2026-07-08 17:38:00,403 srt.nla.backbones loading google/gemma-4-31B-it via Gemma4ForConditionalGeneration (multimodal host)
2026-07-08 17:38:00,479 httpx HTTP Request: HEAD https://huggingface.co/google/gemma-4-31B-it/resolve/main/config.json "HTTP/1.1 307 Temporary Redirect"
2026-07-08 17:38:00,492 httpx HTTP Request: HEAD https://huggingface.co/api/resolve-cache/models/google/gemma-4-31B-it/3548789868c5356dbf307c98e6f609007b82b3eb/config.json "HTTP/1.1 200 OK"
2026-07-08 17:38:00,569 httpx HTTP Request: HEAD https://huggingface.co/google/gemma-4-31B-it/resolve/main/model.safetensors "HTTP/1.1 404 Not Found"
2026-07-08 17:38:00,654 httpx HTTP Request: HEAD https://huggingface.co/google/gemma-4-31B-it/resolve/main/model.safetensors.index.json "HTTP/1.1 307 Temporary Redirect"
2026-07-08 17:38:00,666 httpx HTTP Request: HEAD https://huggingface.co/api/resolve-cache/models/google/gemma-4-31B-it/3548789868c5356dbf307c98e6f609007b82b3eb/model.safetensors.index.json "HTTP/1.1 200 OK"
2026-07-08 17:38:00,737 httpx HTTP Request: GET https://huggingface.co/api/models/google/gemma-4-31B-it/revision/main "HTTP/1.1 200 OK"
Fetching 2 files:   0%|          | 0/2 [00:00<?, ?it/s]Fetching 2 files: 100%|██████████| 2/2 [00:00<00:00, 2325.65it/s]
Loading weights:   0%|          | 0/1188 [00:00<?, ?it/s]Loading weights:  59%|█████▉    | 698/1188 [00:00<00:00, 6957.93it/s]Loading weights: 100%|██████████| 1188/1188 [00:00<00:00, 6747.72it/s]
2026-07-08 17:38:01,176 httpx HTTP Request: HEAD https://huggingface.co/google/gemma-4-31B-it/resolve/main/generation_config.json "HTTP/1.1 307 Temporary Redirect"
2026-07-08 17:38:01,187 httpx HTTP Request: HEAD https://huggingface.co/api/resolve-cache/models/google/gemma-4-31B-it/3548789868c5356dbf307c98e6f609007b82b3eb/generation_config.json "HTTP/1.1 200 OK"
2026-07-08 17:38:07,912 httpx HTTP Request: HEAD https://huggingface.co/google/gemma-4-31B-it/resolve/main/config.json "HTTP/1.1 307 Temporary Redirect"
2026-07-08 17:38:07,923 httpx HTTP Request: HEAD https://huggingface.co/api/resolve-cache/models/google/gemma-4-31B-it/3548789868c5356dbf307c98e6f609007b82b3eb/config.json "HTTP/1.1 200 OK"
2026-07-08 17:38:07,982 httpx HTTP Request: HEAD https://huggingface.co/google/gemma-4-31B-it/resolve/main/tokenizer_config.json "HTTP/1.1 307 Temporary Redirect"
2026-07-08 17:38:07,996 httpx HTTP Request: HEAD https://huggingface.co/api/resolve-cache/models/google/gemma-4-31B-it/3548789868c5356dbf307c98e6f609007b82b3eb/tokenizer_config.json "HTTP/1.1 200 OK"
2026-07-08 17:38:08,067 httpx HTTP Request: GET https://huggingface.co/api/models/google/gemma-4-31B-it/tree/main/additional_chat_templates?recursive=false&expand=false "HTTP/1.1 404 Not Found"
2026-07-08 17:38:08,235 httpx HTTP Request: GET https://huggingface.co/api/models/google/gemma-4-31B-it/tree/main?recursive=true&expand=false "HTTP/1.1 200 OK"
2026-07-08 17:38:10,028 httpx HTTP Request: GET https://huggingface.co/api/models/google/gemma-4-31B-it "HTTP/1.1 200 OK"
2026-07-08 17:38:10,338 train_nla_act AV num_prefix_tokens=16  trainable=28,987,392
2026-07-08 17:38:23,140 train_nla_act loaded 10000 pairs; target pool N=10000
2026-07-08 17:38:23,142 train_nla_act train pairs=9500  val pairs=100
2026-07-08 17:38:23,162 train_nla_act centered selection: mu computed for layers [47] (||mu||={47: 143.6})
2026-07-08 17:38:23,162 train_nla_act cosine LR: total_steps=4750 warmup=100 peak_lr=0.0003
2026-07-08 17:38:28,985 train_nla_act ep1 step 20  act_loss=0.0447  ce=9.1599  train_fve=0.9553  (5.8s)
2026-07-08 17:38:34,548 train_nla_act ep1 step 40  act_loss=0.0452  ce=9.7341  train_fve=0.9548  (11.4s)
2026-07-08 17:38:40,118 train_nla_act ep1 step 60  act_loss=0.0461  ce=9.1001  train_fve=0.9539  (17.0s)
2026-07-08 17:38:45,733 train_nla_act ep1 step 80  act_loss=0.0492  ce=8.9396  train_fve=0.9508  (22.6s)
2026-07-08 17:38:51,351 train_nla_act ep1 step 100  act_loss=0.0486  ce=7.9419  train_fve=0.9514  (28.2s)
2026-07-08 17:38:56,957 train_nla_act ep1 step 120  act_loss=0.0603  ce=5.8930  train_fve=0.9397  (33.8s)
2026-07-08 17:39:02,603 train_nla_act ep1 step 140  act_loss=0.0900  ce=5.2275  train_fve=0.9100  (39.4s)
2026-07-08 17:39:08,278 train_nla_act ep1 step 160  act_loss=0.0831  ce=5.1655  train_fve=0.9169  (45.1s)
2026-07-08 17:39:13,971 train_nla_act ep1 step 180  act_loss=0.0838  ce=4.7780  train_fve=0.9162  (50.8s)
2026-07-08 17:39:19,676 train_nla_act ep1 step 200  act_loss=0.0868  ce=5.1615  train_fve=0.9132  (56.5s)
2026-07-08 17:39:25,411 train_nla_act ep1 step 220  act_loss=0.0807  ce=4.2714  train_fve=0.9193  (62.2s)
2026-07-08 17:39:31,160 train_nla_act ep1 step 240  act_loss=0.0822  ce=4.5742  train_fve=0.9178  (68.0s)
2026-07-08 17:39:36,939 train_nla_act ep1 step 260  act_loss=0.0842  ce=4.5710  train_fve=0.9158  (73.8s)
2026-07-08 17:39:42,722 train_nla_act ep1 step 280  act_loss=0.0907  ce=4.3380  train_fve=0.9093  (79.6s)
2026-07-08 17:39:48,627 train_nla_act ep1 step 300  act_loss=0.0905  ce=5.5808  train_fve=0.9095  (85.5s)
2026-07-08 17:39:54,434 train_nla_act ep1 step 320  act_loss=0.0932  ce=4.4755  train_fve=0.9068  (91.3s)
2026-07-08 17:40:00,253 train_nla_act ep1 step 340  act_loss=0.0864  ce=4.6613  train_fve=0.9136  (97.1s)
2026-07-08 17:40:06,119 train_nla_act ep1 step 360  act_loss=0.0818  ce=4.3595  train_fve=0.9182  (103.0s)
2026-07-08 17:40:11,961 train_nla_act ep1 step 380  act_loss=0.0922  ce=3.9435  train_fve=0.9078  (108.8s)
2026-07-08 17:40:17,830 train_nla_act ep1 step 400  act_loss=0.0858  ce=4.1784  train_fve=0.9142  (114.7s)
2026-07-08 17:40:23,702 train_nla_act ep1 step 420  act_loss=0.0833  ce=4.2542  train_fve=0.9167  (120.5s)
2026-07-08 17:40:29,589 train_nla_act ep1 step 440  act_loss=0.0964  ce=4.5965  train_fve=0.9036  (126.4s)
2026-07-08 17:40:35,479 train_nla_act ep1 step 460  act_loss=0.0849  ce=4.4146  train_fve=0.9151  (132.3s)
2026-07-08 17:40:41,355 train_nla_act ep1 step 480  act_loss=0.0879  ce=4.8377  train_fve=0.9121  (138.2s)
2026-07-08 17:40:47,240 train_nla_act ep1 step 500  act_loss=0.0861  ce=4.2345  train_fve=0.9139  (144.1s)
2026-07-08 17:40:53,153 train_nla_act ep1 step 520  act_loss=0.0932  ce=3.6722  train_fve=0.9068  (150.0s)
2026-07-08 17:40:59,068 train_nla_act ep1 step 540  act_loss=0.1071  ce=4.3893  train_fve=0.8929  (155.9s)
2026-07-08 17:41:04,955 train_nla_act ep1 step 560  act_loss=0.0876  ce=4.6765  train_fve=0.9124  (161.8s)
2026-07-08 17:41:10,863 train_nla_act ep1 step 580  act_loss=0.0903  ce=3.5597  train_fve=0.9097  (167.7s)
2026-07-08 17:41:16,774 train_nla_act ep1 step 600  act_loss=0.0987  ce=4.5677  train_fve=0.9013  (173.6s)
2026-07-08 17:43:21,669 train_nla_act val @ 600  tf_fve=0.8968  disc_fve=0.8495  disc_cen=0.1349
2026-07-08 17:43:21,709 train_nla_act   new best (sel=0.1349 tf=0.8968 disc=0.8495 cen=0.1349) saved /workspace/srt-adapter/artifacts/nla/gemma4/ce_seq64_np16/best_av.pt
2026-07-08 17:43:27,647 train_nla_act ep1 step 620  act_loss=0.1019  ce=4.0133  train_fve=0.8981  (304.5s)
2026-07-08 17:43:33,614 train_nla_act ep1 step 640  act_loss=0.1029  ce=4.3612  train_fve=0.8971  (310.5s)
2026-07-08 17:43:39,547 train_nla_act ep1 step 660  act_loss=0.0879  ce=4.6061  train_fve=0.9121  (316.4s)
2026-07-08 17:43:45,584 train_nla_act ep1 step 680  act_loss=0.0901  ce=4.2108  train_fve=0.9099  (322.4s)
2026-07-08 17:43:51,537 train_nla_act ep1 step 700  act_loss=0.0898  ce=4.1550  train_fve=0.9102  (328.4s)
2026-07-08 17:43:57,486 train_nla_act ep1 step 720  act_loss=0.1031  ce=4.4039  train_fve=0.8969  (334.3s)
2026-07-08 17:44:03,417 train_nla_act ep1 step 740  act_loss=0.0899  ce=4.3625  train_fve=0.9101  (340.3s)
2026-07-08 17:44:09,355 train_nla_act ep1 step 760  act_loss=0.0910  ce=3.5874  train_fve=0.9090  (346.2s)
2026-07-08 17:44:15,269 train_nla_act ep1 step 780  act_loss=0.1011  ce=4.3183  train_fve=0.8989  (352.1s)
2026-07-08 17:44:21,213 train_nla_act ep1 step 800  act_loss=0.0979  ce=3.7557  train_fve=0.9021  (358.1s)
2026-07-08 17:44:27,139 train_nla_act ep1 step 820  act_loss=0.0911  ce=4.2888  train_fve=0.9089  (364.0s)
2026-07-08 17:44:33,053 train_nla_act ep1 step 840  act_loss=0.1002  ce=3.8411  train_fve=0.8998  (369.9s)
2026-07-08 17:44:38,986 train_nla_act ep1 step 860  act_loss=0.0952  ce=4.0885  train_fve=0.9048  (375.8s)
2026-07-08 17:44:44,902 train_nla_act ep1 step 880  act_loss=0.0906  ce=3.7333  train_fve=0.9094  (381.7s)
2026-07-08 17:44:50,797 train_nla_act ep1 step 900  act_loss=0.0975  ce=3.4832  train_fve=0.9025  (387.6s)
2026-07-08 17:44:56,698 train_nla_act ep1 step 920  act_loss=0.0950  ce=3.5977  train_fve=0.9050  (393.5s)
2026-07-08 17:45:02,623 train_nla_act ep1 step 940  act_loss=0.0936  ce=4.1858  train_fve=0.9064  (399.5s)
2026-07-08 17:45:08,533 train_nla_act ep1 step 960  act_loss=0.0896  ce=4.0393  train_fve=0.9104  (405.4s)
2026-07-08 17:45:14,431 train_nla_act ep1 step 980  act_loss=0.0921  ce=4.7920  train_fve=0.9079  (411.3s)
2026-07-08 17:45:20,330 train_nla_act ep1 step 1000  act_loss=0.0975  ce=4.0415  train_fve=0.9025  (417.2s)
2026-07-08 17:45:26,245 train_nla_act ep1 step 1020  act_loss=0.0935  ce=3.7025  train_fve=0.9065  (423.1s)
2026-07-08 17:45:32,137 train_nla_act ep1 step 1040  act_loss=0.0898  ce=4.4302  train_fve=0.9102  (429.0s)
2026-07-08 17:45:38,031 train_nla_act ep1 step 1060  act_loss=0.0925  ce=4.5979  train_fve=0.9075  (434.9s)
2026-07-08 17:45:43,931 train_nla_act ep1 step 1080  act_loss=0.0929  ce=3.8838  train_fve=0.9071  (440.8s)
2026-07-08 17:45:49,837 train_nla_act ep1 step 1100  act_loss=0.0911  ce=4.4324  train_fve=0.9089  (446.7s)
2026-07-08 17:45:55,736 train_nla_act ep1 step 1120  act_loss=0.1046  ce=4.1129  train_fve=0.8954  (452.6s)
2026-07-08 17:46:01,626 train_nla_act ep1 step 1140  act_loss=0.0863  ce=3.9927  train_fve=0.9137  (458.5s)
2026-07-08 17:46:07,507 train_nla_act ep1 step 1160  act_loss=0.0980  ce=3.5182  train_fve=0.9020  (464.3s)
2026-07-08 17:46:13,385 train_nla_act ep1 step 1180  act_loss=0.0854  ce=4.4143  train_fve=0.9146  (470.2s)
2026-07-08 17:46:19,282 train_nla_act ep1 step 1200  act_loss=0.1000  ce=3.7666  train_fve=0.9000  (476.1s)
2026-07-08 17:48:23,892 train_nla_act val @ 1200  tf_fve=0.8985  disc_fve=0.8500  disc_cen=0.1457
2026-07-08 17:48:23,965 train_nla_act   new best (sel=0.1457 tf=0.8985 disc=0.8500 cen=0.1457) saved /workspace/srt-adapter/artifacts/nla/gemma4/ce_seq64_np16/best_av.pt
2026-07-08 17:48:29,959 train_nla_act ep1 step 1220  act_loss=0.0988  ce=4.6235  train_fve=0.9012  (606.8s)
2026-07-08 17:48:35,879 train_nla_act ep1 step 1240  act_loss=0.0902  ce=4.3012  train_fve=0.9098  (612.7s)
2026-07-08 17:48:41,800 train_nla_act ep1 step 1260  act_loss=0.1012  ce=3.6940  train_fve=0.8988  (618.6s)
2026-07-08 17:48:47,744 train_nla_act ep1 step 1280  act_loss=0.1035  ce=3.6690  train_fve=0.8965  (624.6s)
2026-07-08 17:48:53,685 train_nla_act ep1 step 1300  act_loss=0.0911  ce=4.0581  train_fve=0.9089  (630.5s)
2026-07-08 17:48:59,622 train_nla_act ep1 step 1320  act_loss=0.0957  ce=4.3258  train_fve=0.9043  (636.5s)
2026-07-08 17:49:05,540 train_nla_act ep1 step 1340  act_loss=0.1034  ce=3.6133  train_fve=0.8966  (642.4s)
2026-07-08 17:49:11,470 train_nla_act ep1 step 1360  act_loss=0.0941  ce=4.3741  train_fve=0.9059  (648.3s)
2026-07-08 17:49:17,421 train_nla_act ep1 step 1380  act_loss=0.0978  ce=3.6654  train_fve=0.9022  (654.3s)
2026-07-08 17:49:23,332 train_nla_act ep1 step 1400  act_loss=0.0920  ce=3.8826  train_fve=0.9080  (660.2s)
2026-07-08 17:49:29,249 train_nla_act ep1 step 1420  act_loss=0.0946  ce=4.0162  train_fve=0.9054  (666.1s)
2026-07-08 17:49:35,165 train_nla_act ep1 step 1440  act_loss=0.0956  ce=3.5381  train_fve=0.9044  (672.0s)
2026-07-08 17:49:41,079 train_nla_act ep1 step 1460  act_loss=0.0959  ce=4.5638  train_fve=0.9041  (677.9s)
2026-07-08 17:49:46,998 train_nla_act ep1 step 1480  act_loss=0.1077  ce=3.8768  train_fve=0.8923  (683.8s)
2026-07-08 17:49:53,014 train_nla_act ep1 step 1500  act_loss=0.0863  ce=4.1126  train_fve=0.9137  (689.9s)
2026-07-08 17:49:58,928 train_nla_act ep1 step 1520  act_loss=0.1002  ce=3.9786  train_fve=0.8998  (695.8s)
2026-07-08 17:50:04,844 train_nla_act ep1 step 1540  act_loss=0.0988  ce=4.6198  train_fve=0.9012  (701.7s)
2026-07-08 17:50:10,742 train_nla_act ep1 step 1560  act_loss=0.0860  ce=4.1294  train_fve=0.9140  (707.6s)
2026-07-08 17:50:16,644 train_nla_act ep1 step 1580  act_loss=0.1048  ce=3.7773  train_fve=0.8952  (713.5s)
2026-07-08 17:50:22,541 train_nla_act ep1 step 1600  act_loss=0.0964  ce=4.1079  train_fve=0.9036  (719.4s)
2026-07-08 17:50:28,433 train_nla_act ep1 step 1620  act_loss=0.1000  ce=4.3651  train_fve=0.9000  (725.3s)
2026-07-08 17:50:34,345 train_nla_act ep1 step 1640  act_loss=0.1090  ce=4.1504  train_fve=0.8910  (731.2s)
2026-07-08 17:50:40,253 train_nla_act ep1 step 1660  act_loss=0.0967  ce=4.4487  train_fve=0.9033  (737.1s)
2026-07-08 17:50:46,174 train_nla_act ep1 step 1680  act_loss=0.1070  ce=4.2024  train_fve=0.8930  (743.0s)
2026-07-08 17:50:52,181 train_nla_act ep1 step 1700  act_loss=0.0923  ce=4.3160  train_fve=0.9077  (749.0s)
2026-07-08 17:50:58,085 train_nla_act ep1 step 1720  act_loss=0.0999  ce=3.8293  train_fve=0.9001  (754.9s)
2026-07-08 17:51:03,992 train_nla_act ep1 step 1740  act_loss=0.0861  ce=4.3155  train_fve=0.9139  (760.8s)
2026-07-08 17:51:09,949 train_nla_act ep1 step 1760  act_loss=0.0973  ce=4.0194  train_fve=0.9027  (766.8s)
2026-07-08 17:51:15,856 train_nla_act ep1 step 1780  act_loss=0.0820  ce=3.5017  train_fve=0.9180  (772.7s)
2026-07-08 17:51:21,764 train_nla_act ep1 step 1800  act_loss=0.0934  ce=4.3115  train_fve=0.9066  (778.6s)
2026-07-08 17:53:26,462 train_nla_act val @ 1800  tf_fve=0.8987  disc_fve=0.8501  disc_cen=0.1336
2026-07-08 17:53:26,462 train_nla_act   no improvement (1/8)
2026-07-08 17:53:32,400 train_nla_act ep1 step 1820  act_loss=0.0895  ce=4.4697  train_fve=0.9105  (909.2s)
2026-07-08 17:53:38,334 train_nla_act ep1 step 1840  act_loss=0.0918  ce=3.7923  train_fve=0.9082  (915.2s)
2026-07-08 17:53:44,276 train_nla_act ep1 step 1860  act_loss=0.0901  ce=3.7547  train_fve=0.9099  (921.1s)
2026-07-08 17:53:50,216 train_nla_act ep1 step 1880  act_loss=0.0979  ce=4.3569  train_fve=0.9021  (927.1s)
2026-07-08 17:53:56,153 train_nla_act ep1 step 1900  act_loss=0.0920  ce=4.0966  train_fve=0.9080  (933.0s)
2026-07-08 17:54:02,089 train_nla_act ep1 step 1920  act_loss=0.0901  ce=4.8078  train_fve=0.9099  (938.9s)
2026-07-08 17:54:08,036 train_nla_act ep1 step 1940  act_loss=0.0943  ce=4.8385  train_fve=0.9057  (944.9s)
2026-07-08 17:54:13,962 train_nla_act ep1 step 1960  act_loss=0.1014  ce=4.6776  train_fve=0.8986  (950.8s)
2026-07-08 17:54:19,898 train_nla_act ep1 step 1980  act_loss=0.0995  ce=4.0206  train_fve=0.9005  (956.7s)
2026-07-08 17:54:25,831 train_nla_act ep1 step 2000  act_loss=0.0893  ce=4.0577  train_fve=0.9107  (962.7s)
2026-07-08 17:54:31,764 train_nla_act ep1 step 2020  act_loss=0.0959  ce=5.0861  train_fve=0.9041  (968.6s)
2026-07-08 17:54:37,677 train_nla_act ep1 step 2040  act_loss=0.0963  ce=4.8175  train_fve=0.9037  (974.5s)
2026-07-08 17:54:43,586 train_nla_act ep1 step 2060  act_loss=0.0885  ce=3.7246  train_fve=0.9115  (980.4s)
2026-07-08 17:54:49,485 train_nla_act ep1 step 2080  act_loss=0.0935  ce=3.3224  train_fve=0.9065  (986.3s)
2026-07-08 17:54:55,390 train_nla_act ep1 step 2100  act_loss=0.0897  ce=4.2486  train_fve=0.9103  (992.2s)
2026-07-08 17:55:01,296 train_nla_act ep1 step 2120  act_loss=0.0930  ce=3.9239  train_fve=0.9070  (998.1s)
2026-07-08 17:55:07,194 train_nla_act ep1 step 2140  act_loss=0.1019  ce=4.1097  train_fve=0.8981  (1004.0s)
2026-07-08 17:55:13,085 train_nla_act ep1 step 2160  act_loss=0.0917  ce=4.3180  train_fve=0.9083  (1009.9s)
2026-07-08 17:55:19,014 train_nla_act ep1 step 2180  act_loss=0.0944  ce=3.3448  train_fve=0.9056  (1015.9s)
2026-07-08 17:55:24,922 train_nla_act ep1 step 2200  act_loss=0.0888  ce=4.6325  train_fve=0.9112  (1021.8s)
2026-07-08 17:55:30,952 train_nla_act ep1 step 2220  act_loss=0.1008  ce=4.4569  train_fve=0.8992  (1027.8s)
2026-07-08 17:55:36,848 train_nla_act ep1 step 2240  act_loss=0.1038  ce=3.7193  train_fve=0.8962  (1033.7s)
2026-07-08 17:55:42,783 train_nla_act ep1 step 2260  act_loss=0.0928  ce=3.6604  train_fve=0.9072  (1039.6s)
2026-07-08 17:55:48,716 train_nla_act ep1 step 2280  act_loss=0.0967  ce=3.4215  train_fve=0.9033  (1045.6s)
2026-07-08 17:55:54,620 train_nla_act ep1 step 2300  act_loss=0.0865  ce=3.7617  train_fve=0.9135  (1051.5s)
2026-07-08 17:56:00,534 train_nla_act ep1 step 2320  act_loss=0.0908  ce=3.6370  train_fve=0.9092  (1057.4s)
2026-07-08 17:56:06,454 train_nla_act ep1 step 2340  act_loss=0.0955  ce=3.8670  train_fve=0.9045  (1063.3s)
2026-07-08 17:56:12,355 train_nla_act ep1 step 2360  act_loss=0.1001  ce=4.1065  train_fve=0.8999  (1069.2s)
2026-07-08 17:56:18,256 train_nla_act ep2 step 2380  act_loss=0.0811  ce=3.8154  train_fve=0.9189  (1075.1s)
2026-07-08 17:56:24,160 train_nla_act ep2 step 2400  act_loss=0.1041  ce=4.8276  train_fve=0.8959  (1081.0s)
2026-07-08 17:58:28,822 train_nla_act val @ 2400  tf_fve=0.8982  disc_fve=0.8488  disc_cen=0.1382
2026-07-08 17:58:28,822 train_nla_act   no improvement (2/8)
2026-07-08 17:58:34,758 train_nla_act ep2 step 2420  act_loss=0.0884  ce=4.1722  train_fve=0.9116  (1211.6s)
2026-07-08 17:58:40,703 train_nla_act ep2 step 2440  act_loss=0.0979  ce=3.3869  train_fve=0.9021  (1217.5s)
2026-07-08 17:58:46,655 train_nla_act ep2 step 2460  act_loss=0.0952  ce=4.8821  train_fve=0.9048  (1223.5s)
2026-07-08 17:58:52,606 train_nla_act ep2 step 2480  act_loss=0.0862  ce=4.0263  train_fve=0.9138  (1229.4s)
2026-07-08 17:58:58,560 train_nla_act ep2 step 2500  act_loss=0.0964  ce=3.4296  train_fve=0.9036  (1235.4s)
2026-07-08 17:59:04,599 train_nla_act ep2 step 2520  act_loss=0.0844  ce=3.6344  train_fve=0.9156  (1241.4s)
2026-07-08 17:59:10,532 train_nla_act ep2 step 2540  act_loss=0.0853  ce=3.8734  train_fve=0.9147  (1247.4s)
2026-07-08 17:59:16,467 train_nla_act ep2 step 2560  act_loss=0.0926  ce=4.3762  train_fve=0.9074  (1253.3s)
2026-07-08 17:59:22,397 train_nla_act ep2 step 2580  act_loss=0.1016  ce=3.4986  train_fve=0.8984  (1259.2s)
2026-07-08 17:59:28,324 train_nla_act ep2 step 2600  act_loss=0.0851  ce=3.6955  train_fve=0.9149  (1265.2s)
2026-07-08 17:59:34,242 train_nla_act ep2 step 2620  act_loss=0.0885  ce=3.7720  train_fve=0.9115  (1271.1s)
2026-07-08 17:59:40,183 train_nla_act ep2 step 2640  act_loss=0.1007  ce=4.1244  train_fve=0.8993  (1277.0s)
2026-07-08 17:59:46,108 train_nla_act ep2 step 2660  act_loss=0.0992  ce=3.5861  train_fve=0.9008  (1282.9s)
2026-07-08 17:59:52,018 train_nla_act ep2 step 2680  act_loss=0.0801  ce=4.1901  train_fve=0.9199  (1288.9s)
2026-07-08 17:59:57,952 train_nla_act ep2 step 2700  act_loss=0.0936  ce=3.7351  train_fve=0.9064  (1294.8s)
2026-07-08 18:00:03,959 train_nla_act ep2 step 2720  act_loss=0.0863  ce=4.3281  train_fve=0.9137  (1300.8s)
2026-07-08 18:00:09,881 train_nla_act ep2 step 2740  act_loss=0.1040  ce=3.9133  train_fve=0.8960  (1306.7s)
2026-07-08 18:00:15,785 train_nla_act ep2 step 2760  act_loss=0.1072  ce=3.8511  train_fve=0.8928  (1312.6s)
2026-07-08 18:00:21,705 train_nla_act ep2 step 2780  act_loss=0.0881  ce=3.8178  train_fve=0.9119  (1318.5s)
2026-07-08 18:00:27,605 train_nla_act ep2 step 2800  act_loss=0.1028  ce=3.8985  train_fve=0.8972  (1324.4s)
2026-07-08 18:00:33,510 train_nla_act ep2 step 2820  act_loss=0.0926  ce=3.7044  train_fve=0.9074  (1330.3s)
2026-07-08 18:00:39,406 train_nla_act ep2 step 2840  act_loss=0.0929  ce=3.9155  train_fve=0.9071  (1336.2s)
2026-07-08 18:00:45,317 train_nla_act ep2 step 2860  act_loss=0.1018  ce=3.9138  train_fve=0.8982  (1342.2s)
2026-07-08 18:00:51,235 train_nla_act ep2 step 2880  act_loss=0.0953  ce=4.2671  train_fve=0.9047  (1348.1s)
2026-07-08 18:00:57,156 train_nla_act ep2 step 2900  act_loss=0.0985  ce=4.2160  train_fve=0.9015  (1354.0s)
2026-07-08 18:01:03,075 train_nla_act ep2 step 2920  act_loss=0.0962  ce=4.1346  train_fve=0.9038  (1359.9s)
2026-07-08 18:01:08,998 train_nla_act ep2 step 2940  act_loss=0.0930  ce=3.9426  train_fve=0.9070  (1365.8s)
2026-07-08 18:01:14,909 train_nla_act ep2 step 2960  act_loss=0.1115  ce=3.4380  train_fve=0.8885  (1371.7s)
2026-07-08 18:01:20,809 train_nla_act ep2 step 2980  act_loss=0.0947  ce=3.8937  train_fve=0.9053  (1377.6s)
2026-07-08 18:01:26,727 train_nla_act ep2 step 3000  act_loss=0.0874  ce=3.9328  train_fve=0.9126  (1383.6s)
2026-07-08 18:03:31,420 train_nla_act val @ 3000  tf_fve=0.8984  disc_fve=0.8495  disc_cen=0.1298
2026-07-08 18:03:31,420 train_nla_act   no improvement (3/8)
2026-07-08 18:03:37,355 train_nla_act ep2 step 3020  act_loss=0.0879  ce=4.1629  train_fve=0.9121  (1514.2s)
2026-07-08 18:03:43,317 train_nla_act ep2 step 3040  act_loss=0.0991  ce=3.7382  train_fve=0.9009  (1520.2s)
2026-07-08 18:03:49,246 train_nla_act ep2 step 3060  act_loss=0.0916  ce=4.0781  train_fve=0.9084  (1526.1s)
2026-07-08 18:03:55,189 train_nla_act ep2 step 3080  act_loss=0.0953  ce=3.7120  train_fve=0.9047  (1532.0s)
2026-07-08 18:04:01,216 train_nla_act ep2 step 3100  act_loss=0.0942  ce=4.2926  train_fve=0.9058  (1538.1s)
2026-07-08 18:04:07,145 train_nla_act ep2 step 3120  act_loss=0.1066  ce=4.2556  train_fve=0.8934  (1544.0s)
2026-07-08 18:04:13,078 train_nla_act ep2 step 3140  act_loss=0.0941  ce=4.0679  train_fve=0.9059  (1549.9s)
2026-07-08 18:04:19,047 train_nla_act ep2 step 3160  act_loss=0.0971  ce=3.6956  train_fve=0.9029  (1555.9s)
2026-07-08 18:04:24,960 train_nla_act ep2 step 3180  act_loss=0.0923  ce=4.0866  train_fve=0.9077  (1561.8s)
2026-07-08 18:04:30,883 train_nla_act ep2 step 3200  act_loss=0.0919  ce=4.0154  train_fve=0.9081  (1567.7s)
2026-07-08 18:04:36,806 train_nla_act ep2 step 3220  act_loss=0.0928  ce=3.7688  train_fve=0.9072  (1573.6s)
2026-07-08 18:04:42,720 train_nla_act ep2 step 3240  act_loss=0.1032  ce=3.8943  train_fve=0.8968  (1579.6s)
2026-07-08 18:04:48,633 train_nla_act ep2 step 3260  act_loss=0.0962  ce=3.3848  train_fve=0.9038  (1585.5s)
2026-07-08 18:04:54,564 train_nla_act ep2 step 3280  act_loss=0.0924  ce=4.3071  train_fve=0.9076  (1591.4s)
2026-07-08 18:05:00,481 train_nla_act ep2 step 3300  act_loss=0.0961  ce=4.0883  train_fve=0.9039  (1597.3s)
2026-07-08 18:05:06,404 train_nla_act ep2 step 3320  act_loss=0.0894  ce=4.2739  train_fve=0.9106  (1603.2s)
2026-07-08 18:05:12,307 train_nla_act ep2 step 3340  act_loss=0.1002  ce=4.2437  train_fve=0.8998  (1609.1s)
2026-07-08 18:05:18,224 train_nla_act ep2 step 3360  act_loss=0.1039  ce=3.4072  train_fve=0.8961  (1615.1s)
2026-07-08 18:05:24,144 train_nla_act ep2 step 3380  act_loss=0.0889  ce=3.8733  train_fve=0.9111  (1621.0s)
2026-07-08 18:05:30,055 train_nla_act ep2 step 3400  act_loss=0.0988  ce=4.1821  train_fve=0.9012  (1626.9s)
2026-07-08 18:05:35,965 train_nla_act ep2 step 3420  act_loss=0.0971  ce=4.2724  train_fve=0.9029  (1632.8s)
2026-07-08 18:05:41,871 train_nla_act ep2 step 3440  act_loss=0.0791  ce=4.1846  train_fve=0.9209  (1638.7s)
2026-07-08 18:05:47,789 train_nla_act ep2 step 3460  act_loss=0.0946  ce=4.3756  train_fve=0.9054  (1644.6s)
2026-07-08 18:05:53,687 train_nla_act ep2 step 3480  act_loss=0.0954  ce=3.9923  train_fve=0.9046  (1650.5s)
2026-07-08 18:05:59,605 train_nla_act ep2 step 3500  act_loss=0.1071  ce=3.5984  train_fve=0.8929  (1656.4s)
2026-07-08 18:06:05,510 train_nla_act ep2 step 3520  act_loss=0.0991  ce=4.0490  train_fve=0.9009  (1662.3s)
2026-07-08 18:06:11,410 train_nla_act ep2 step 3540  act_loss=0.0986  ce=3.3522  train_fve=0.9014  (1668.2s)
2026-07-08 18:06:17,347 train_nla_act ep2 step 3560  act_loss=0.0927  ce=3.3181  train_fve=0.9073  (1674.2s)
2026-07-08 18:06:23,240 train_nla_act ep2 step 3580  act_loss=0.0960  ce=3.3521  train_fve=0.9040  (1680.1s)
2026-07-08 18:06:29,154 train_nla_act ep2 step 3600  act_loss=0.0909  ce=3.3946  train_fve=0.9091  (1686.0s)
2026-07-08 18:08:33,871 train_nla_act val @ 3600  tf_fve=0.9002  disc_fve=0.8486  disc_cen=0.1308
2026-07-08 18:08:33,871 train_nla_act   no improvement (4/8)
2026-07-08 18:08:39,897 train_nla_act ep2 step 3620  act_loss=0.0923  ce=4.7336  train_fve=0.9077  (1816.7s)
2026-07-08 18:08:45,833 train_nla_act ep2 step 3640  act_loss=0.1012  ce=3.9032  train_fve=0.8988  (1822.7s)
2026-07-08 18:08:51,753 train_nla_act ep2 step 3660  act_loss=0.0879  ce=4.0476  train_fve=0.9121  (1828.6s)
2026-07-08 18:08:57,675 train_nla_act ep2 step 3680  act_loss=0.0882  ce=3.8652  train_fve=0.9118  (1834.5s)
2026-07-08 18:09:03,619 train_nla_act ep2 step 3700  act_loss=0.0844  ce=3.6040  train_fve=0.9156  (1840.5s)
2026-07-08 18:09:09,554 train_nla_act ep2 step 3720  act_loss=0.0914  ce=4.0908  train_fve=0.9086  (1846.4s)
2026-07-08 18:09:15,485 train_nla_act ep2 step 3740  act_loss=0.1000  ce=3.8986  train_fve=0.9000  (1852.3s)
2026-07-08 18:09:21,449 train_nla_act ep2 step 3760  act_loss=0.0938  ce=4.6338  train_fve=0.9062  (1858.3s)
2026-07-08 18:09:27,378 train_nla_act ep2 step 3780  act_loss=0.0991  ce=4.0110  train_fve=0.9009  (1864.2s)
2026-07-08 18:09:33,319 train_nla_act ep2 step 3800  act_loss=0.1017  ce=4.1151  train_fve=0.8983  (1870.2s)
2026-07-08 18:09:39,239 train_nla_act ep2 step 3820  act_loss=0.0849  ce=4.2035  train_fve=0.9151  (1876.1s)
2026-07-08 18:09:45,164 train_nla_act ep2 step 3840  act_loss=0.0985  ce=4.0569  train_fve=0.9015  (1882.0s)
2026-07-08 18:09:51,088 train_nla_act ep2 step 3860  act_loss=0.1010  ce=4.1160  train_fve=0.8990  (1887.9s)
2026-07-08 18:09:57,021 train_nla_act ep2 step 3880  act_loss=0.0842  ce=3.9720  train_fve=0.9158  (1893.9s)
2026-07-08 18:10:03,042 train_nla_act ep2 step 3900  act_loss=0.1042  ce=4.3828  train_fve=0.8958  (1899.9s)
2026-07-08 18:10:08,961 train_nla_act ep2 step 3920  act_loss=0.0910  ce=3.8220  train_fve=0.9090  (1905.8s)
2026-07-08 18:10:14,889 train_nla_act ep2 step 3940  act_loss=0.1004  ce=4.4038  train_fve=0.8996  (1911.7s)
2026-07-08 18:10:20,808 train_nla_act ep2 step 3960  act_loss=0.0939  ce=3.8619  train_fve=0.9061  (1917.6s)
2026-07-08 18:10:26,725 train_nla_act ep2 step 3980  act_loss=0.0857  ce=3.5987  train_fve=0.9143  (1923.6s)
2026-07-08 18:10:32,648 train_nla_act ep2 step 4000  act_loss=0.1051  ce=3.6679  train_fve=0.8949  (1929.5s)
2026-07-08 18:10:38,559 train_nla_act ep2 step 4020  act_loss=0.0897  ce=3.7637  train_fve=0.9103  (1935.4s)
2026-07-08 18:10:44,477 train_nla_act ep2 step 4040  act_loss=0.0851  ce=3.4977  train_fve=0.9149  (1941.3s)
2026-07-08 18:10:50,416 train_nla_act ep2 step 4060  act_loss=0.0916  ce=3.6632  train_fve=0.9084  (1947.3s)
2026-07-08 18:10:56,314 train_nla_act ep2 step 4080  act_loss=0.0887  ce=3.8909  train_fve=0.9113  (1953.2s)
2026-07-08 18:11:02,318 train_nla_act ep2 step 4100  act_loss=0.1012  ce=3.9128  train_fve=0.8988  (1959.2s)
2026-07-08 18:11:08,226 train_nla_act ep2 step 4120  act_loss=0.0930  ce=4.1349  train_fve=0.9070  (1965.1s)
2026-07-08 18:11:14,126 train_nla_act ep2 step 4140  act_loss=0.0969  ce=4.0086  train_fve=0.9031  (1971.0s)
2026-07-08 18:11:20,049 train_nla_act ep2 step 4160  act_loss=0.1013  ce=3.9234  train_fve=0.8987  (1976.9s)
2026-07-08 18:11:25,975 train_nla_act ep2 step 4180  act_loss=0.0920  ce=4.1131  train_fve=0.9080  (1982.8s)
2026-07-08 18:11:31,900 train_nla_act ep2 step 4200  act_loss=0.1023  ce=4.6311  train_fve=0.8977  (1988.7s)
2026-07-08 18:13:36,597 train_nla_act val @ 4200  tf_fve=0.8990  disc_fve=0.8494  disc_cen=0.1366
2026-07-08 18:13:36,598 train_nla_act   no improvement (5/8)
2026-07-08 18:13:42,539 train_nla_act ep2 step 4220  act_loss=0.0915  ce=4.4200  train_fve=0.9085  (2119.4s)
2026-07-08 18:13:48,488 train_nla_act ep2 step 4240  act_loss=0.0916  ce=4.0149  train_fve=0.9084  (2125.3s)
2026-07-08 18:13:54,418 train_nla_act ep2 step 4260  act_loss=0.0882  ce=3.6687  train_fve=0.9118  (2131.3s)
2026-07-08 18:14:00,344 train_nla_act ep2 step 4280  act_loss=0.0908  ce=4.0700  train_fve=0.9092  (2137.2s)
2026-07-08 18:14:06,281 train_nla_act ep2 step 4300  act_loss=0.0920  ce=4.6609  train_fve=0.9080  (2143.1s)
2026-07-08 18:14:12,238 train_nla_act ep2 step 4320  act_loss=0.0926  ce=4.4031  train_fve=0.9074  (2149.1s)
2026-07-08 18:14:18,171 train_nla_act ep2 step 4340  act_loss=0.0969  ce=3.4115  train_fve=0.9031  (2155.0s)
2026-07-08 18:14:24,098 train_nla_act ep2 step 4360  act_loss=0.0950  ce=3.9199  train_fve=0.9050  (2160.9s)
2026-07-08 18:14:30,033 train_nla_act ep2 step 4380  act_loss=0.0977  ce=4.4329  train_fve=0.9023  (2166.9s)
2026-07-08 18:14:35,950 train_nla_act ep2 step 4400  act_loss=0.1008  ce=4.1082  train_fve=0.8992  (2172.8s)
2026-07-08 18:14:41,872 train_nla_act ep2 step 4420  act_loss=0.0908  ce=4.1433  train_fve=0.9092  (2178.7s)
2026-07-08 18:14:47,789 train_nla_act ep2 step 4440  act_loss=0.0996  ce=4.3330  train_fve=0.9004  (2184.6s)
2026-07-08 18:14:53,709 train_nla_act ep2 step 4460  act_loss=0.0965  ce=3.6416  train_fve=0.9035  (2190.5s)
2026-07-08 18:14:59,625 train_nla_act ep2 step 4480  act_loss=0.0875  ce=4.2398  train_fve=0.9125  (2196.5s)
2026-07-08 18:15:05,549 train_nla_act ep2 step 4500  act_loss=0.0891  ce=3.6185  train_fve=0.9109  (2202.4s)
2026-07-08 18:15:11,469 train_nla_act ep2 step 4520  act_loss=0.0880  ce=3.6059  train_fve=0.9120  (2208.3s)
2026-07-08 18:15:17,377 train_nla_act ep2 step 4540  act_loss=0.0979  ce=4.7880  train_fve=0.9021  (2214.2s)
2026-07-08 18:15:23,273 train_nla_act ep2 step 4560  act_loss=0.0864  ce=3.3438  train_fve=0.9136  (2220.1s)
2026-07-08 18:15:29,173 train_nla_act ep2 step 4580  act_loss=0.1003  ce=3.0767  train_fve=0.8997  (2226.0s)
2026-07-08 18:15:35,098 train_nla_act ep2 step 4600  act_loss=0.0876  ce=4.1825  train_fve=0.9124  (2231.9s)
2026-07-08 18:15:41,019 train_nla_act ep2 step 4620  act_loss=0.1008  ce=3.8058  train_fve=0.8992  (2237.9s)
2026-07-08 18:15:47,029 train_nla_act ep2 step 4640  act_loss=0.1064  ce=3.9046  train_fve=0.8936  (2243.9s)
2026-07-08 18:15:52,952 train_nla_act ep2 step 4660  act_loss=0.0974  ce=4.2082  train_fve=0.9026  (2249.8s)
2026-07-08 18:15:58,857 train_nla_act ep2 step 4680  act_loss=0.0935  ce=3.9008  train_fve=0.9065  (2255.7s)
2026-07-08 18:16:04,774 train_nla_act ep2 step 4700  act_loss=0.0882  ce=3.4272  train_fve=0.9118  (2261.6s)
2026-07-08 18:16:10,685 train_nla_act ep2 step 4720  act_loss=0.1063  ce=4.1816  train_fve=0.8937  (2267.5s)
2026-07-08 18:16:16,600 train_nla_act ep2 step 4740  act_loss=0.0916  ce=4.8865  train_fve=0.9084  (2273.4s)
2026-07-08 18:18:24,254 train_nla_act final tf_fve=0.9002  disc_fve=0.8503  disc_cen=0.1393  best=0.1457
